Component: Arm Compiler for Embedded 6.22 Tool: armlink [5ee90200]

==============================================================================

Section Cross References

    startup_stm32l432xx.o(STACK) refers (Special) to heapauxi.o(.text) for __use_two_region_memory
    startup_stm32l432xx.o(HEAP) refers (Special) to heapauxi.o(.text) for __use_two_region_memory
    startup_stm32l432xx.o(RESET) refers (Special) to heapauxi.o(.text) for __use_two_region_memory
    startup_stm32l432xx.o(RESET) refers to startup_stm32l432xx.o(STACK) for __initial_sp
    startup_stm32l432xx.o(RESET) refers to startup_stm32l432xx.o(.text) for Reset_Handler
    startup_stm32l432xx.o(RESET) refers to stm32l4xx_it.o(.text.NMI_Handler) for NMI_Handler
    startup_stm32l432xx.o(RESET) refers to stm32l4xx_it.o(.text.HardFault_Handler) for HardFault_Handler
    startup_stm32l432xx.o(RESET) refers to stm32l4xx_it.o(.text.MemManage_Handler) for MemManage_Handler
    startup_stm32l432xx.o(RESET) refers to stm32l4xx_it.o(.text.BusFault_Handler) for BusFault_Handler
    startup_stm32l432xx.o(RESET) refers to stm32l4xx_it.o(.text.UsageFault_Handler) for UsageFault_Handler
    startup_stm32l432xx.o(RESET) refers to stm32l4xx_it.o(.text.SVC_Handler) for SVC_Handler
    startup_stm32l432xx.o(RESET) refers to stm32l4xx_it.o(.text.DebugMon_Handler) for DebugMon_Handler
    startup_stm32l432xx.o(RESET) refers to stm32l4xx_it.o(.text.PendSV_Handler) for PendSV_Handler
    startup_stm32l432xx.o(RESET) refers to stm32l4xx_it.o(.text.SysTick_Handler) for SysTick_Handler
    startup_stm32l432xx.o(RESET) refers to stm32l4xx_it.o(.text.EXTI3_IRQHandler) for EXTI3_IRQHandler
    startup_stm32l432xx.o(RESET) refers to stm32l4xx_it.o(.text.DMA1_Channel4_IRQHandler) for DMA1_Channel4_IRQHandler
    startup_stm32l432xx.o(RESET) refers to stm32l4xx_it.o(.text.DMA1_Channel5_IRQHandler) for DMA1_Channel5_IRQHandler
    startup_stm32l432xx.o(RESET) refers to stm32l4xx_it.o(.text.DMA1_Channel6_IRQHandler) for DMA1_Channel6_IRQHandler
    startup_stm32l432xx.o(RESET) refers to stm32l4xx_it.o(.text.TIM1_BRK_TIM15_IRQHandler) for TIM1_BRK_TIM15_IRQHandler
    startup_stm32l432xx.o(RESET) refers to stm32l4xx_it.o(.text.TIM2_IRQHandler) for TIM2_IRQHandler
    startup_stm32l432xx.o(RESET) refers to stm32l4xx_it.o(.text.USART1_IRQHandler) for USART1_IRQHandler
    startup_stm32l432xx.o(.text) refers (Special) to heapauxi.o(.text) for __use_two_region_memory
    startup_stm32l432xx.o(.text) refers to system_stm32l4xx.o(.text.SystemInit) for SystemInit
    startup_stm32l432xx.o(.text) refers to __main.o(!!!main) for __main
    startup_stm32l432xx.o(.text) refers to startup_stm32l432xx.o(HEAP) for Heap_Mem
    startup_stm32l432xx.o(.text) refers to startup_stm32l432xx.o(STACK) for Stack_Mem
    rc5_decode.o(.text.RC5_ResetPacket) refers to rc5_decode.o(.bss..L_MergedGlobals) for .L_MergedGlobals
    rc5_decode.o(.ARM.exidx.text.RC5_ResetPacket) refers to rc5_decode.o(.text.RC5_ResetPacket) for [Anonymous Symbol]
    rc5_decode.o(.text.RC5_DataSampling) refers to rc5_decode.o(.bss..L_MergedGlobals) for .L_MergedGlobals
    rc5_decode.o(.ARM.exidx.text.RC5_DataSampling) refers to rc5_decode.o(.text.RC5_DataSampling) for [Anonymous Symbol]
    rc5_decode.o(.text.RC5_Decode) refers to rc5_decode.o(.bss..L_MergedGlobals) for .L_MergedGlobals
    rc5_decode.o(.ARM.exidx.text.RC5_Decode) refers to rc5_decode.o(.text.RC5_Decode) for [Anonymous Symbol]
    rc5_encode.o(.text.RC5_Encode_SendFrame) refers to rc5_encode.o(.bss..L_MergedGlobals) for .L_MergedGlobals
    rc5_encode.o(.text.RC5_Encode_SendFrame) refers to main.o(.bss.htim16) for htim16
    rc5_encode.o(.text.RC5_Encode_SendFrame) refers to main.o(.bss.htim15) for htim15
    rc5_encode.o(.text.RC5_Encode_SendFrame) refers to stm32l4xx_hal_tim.o(.text.HAL_TIM_Base_Start_IT) for HAL_TIM_Base_Start_IT
    rc5_encode.o(.ARM.exidx.text.RC5_Encode_SendFrame) refers to rc5_encode.o(.text.RC5_Encode_SendFrame) for [Anonymous Symbol]
    rc5_encode.o(.text.RC5_Encode_SignalGenerate) refers to rc5_encode.o(.bss..L_MergedGlobals) for .L_MergedGlobals
    rc5_encode.o(.text.RC5_Encode_SignalGenerate) refers to main.o(.bss.htim16) for htim16
    rc5_encode.o(.text.RC5_Encode_SignalGenerate) refers to main.o(.bss.htim15) for htim15
    rc5_encode.o(.text.RC5_Encode_SignalGenerate) refers to stm32l4xx_hal_tim.o(.text.HAL_TIM_Base_Stop_IT) for HAL_TIM_Base_Stop_IT
    rc5_encode.o(.ARM.exidx.text.RC5_Encode_SignalGenerate) refers to rc5_encode.o(.text.RC5_Encode_SignalGenerate) for [Anonymous Symbol]
    rc5_encode.o(.text.RC5_Encode_IsBusy) refers to rc5_encode.o(.bss..L_MergedGlobals) for .L_MergedGlobals
    rc5_encode.o(.ARM.exidx.text.RC5_Encode_IsBusy) refers to rc5_encode.o(.text.RC5_Encode_IsBusy) for [Anonymous Symbol]
    ir_transceiver.o(.text.IR_Transceiver_Init) refers to main.o(.bss.htim16) for htim16
[...]
    usart2_debug_head                        0x200000ca   Data           1  main.o(.bss..L_MergedGlobals)
    usart2_tx_busy                           0x200000cb   Data           1  main.o(.bss..L_MergedGlobals)
    usart2_tx_active_is_hud                  0x200000cc   Data           1  main.o(.bss..L_MergedGlobals)
    usart2_debug_tail                        0x200000cd   Data           1  main.o(.bss..L_MergedGlobals)
    ble_tx_head                              0x200000ce   Data           1  main.o(.bss..L_MergedGlobals)
    ble_dma_last_pos                         0x200000d0   Data           2  main.o(.bss..L_MergedGlobals)
    ble_cmd_line_len                         0x200000d2   Data           2  main.o(.bss..L_MergedGlobals)
    last_button_tick                         0x200000d4   Data           4  main.o(.bss..L_MergedGlobals)
    ble_last_rx_tick                         0x200000d8   Data           4  main.o(.bss..L_MergedGlobals)
    ble_cmd_line                             0x20000120   Data         128  main.o(.bss.ble_cmd_line)
    [Anonymous Symbol]                       0x20000120   Section        0  main.o(.bss.ble_cmd_line)
    ble_tx_queue                             0x200001a0   Data        2056  main.o(.bss.ble_tx_queue)
    [Anonymous Symbol]                       0x200001a0   Section        0  main.o(.bss.ble_tx_queue)
    usart2_debug_queue                       0x20000cf4   Data         520  main.o(.bss.usart2_debug_queue)
    [Anonymous Symbol]                       0x20000cf4   Section        0  main.o(.bss.usart2_debug_queue)
    usart2_hud_queue                         0x20000efc   Data         260  main.o(.bss.usart2_hud_queue)
    [Anonymous Symbol]                       0x20000efc   Section        0  main.o(.bss.usart2_hud_queue)
    Heap_Mem                                 0x20001008   Data         512  startup_stm32l432xx.o(HEAP)
    HEAP                                     0x20001008   Section      512  startup_stm32l432xx.o(HEAP)
    Stack_Mem                                0x20001208   Data        1024  startup_stm32l432xx.o(STACK)
    STACK                                    0x20001208   Section     1024  startup_stm32l432xx.o(STACK)
    __initial_sp                             0x20001608   Data           0  startup_stm32l432xx.o(STACK)

    Global Symbols

    Symbol Name                              Value     Ov Type        Size  Object(Section)

    BuildAttributes$$THM_ISAv4$E$P$D$K$B$S$7EM$VFPi3$EXTD16$VFPS$VFMA$PE$A:L22UL41UL21$X:L11$S22US41US21$IEEE1$IW$~IW$USESV6$~STKCKD$USESV7$~SHL$OTIME$ROPI$IEEEJ$EBA8$UX$STANDARDLIB$REQ8$PRES8$EABIv2 0x00000000   Number         0  anon$$obj.o ABSOLUTE
    _printf_flags                            0x00000000   Number         0  printf_stubs.o ABSOLUTE
    _printf_return_value                     0x00000000   Number         0  printf_stubs.o ABSOLUTE
    _printf_sizespec                         0x00000000   Number         0  printf_stubs.o ABSOLUTE
    _printf_widthprec                        0x00000000   Number         0  printf_stubs.o ABSOLUTE
    __ARM_exceptions_init                     - Undefined Weak Reference
    __alloca_initialize                       - Undefined Weak Reference
    __arm_preinit_                            - Undefined Weak Reference
    __arm_relocate_pie_                       - Undefined Weak Reference
    __cpp_initialize__aeabi_                  - Undefined Weak Reference
    __cxa_finalize                            - Undefined Weak Reference
    __sigvec_lookup                           - Undefined Weak Reference
    _atexit_init                              - Undefined Weak Reference
    _call_atexit_fns                          - Undefined Weak Reference
    _clock_init                               - Undefined Weak Reference
    _fp_trap_init                             - Undefined Weak Reference
    _fp_trap_shutdown                         - Undefined Weak Reference
    _get_lc_collate                           - Undefined Weak Reference
    _get_lc_monetary                          - Undefined Weak Reference
    _get_lc_time                              - Undefined Weak Reference
    _getenv_init                              - Undefined Weak Reference
    _handle_redirection                       - Undefined Weak Reference
    _init_alloc                               - Undefined Weak Reference
    _init_user_alloc                          - Undefined Weak Reference
    _initio                                   - Undefined Weak Reference
    _printf_mbtowc                            - Undefined Weak Reference
    _printf_wc                                - Undefined Weak Reference
    _rand_init                                - Undefined Weak Reference
    _signal_finish                            - Undefined Weak Reference
    _signal_init                              - Undefined Weak Reference
    _terminate_alloc                          - Undefined Weak Reference
    _terminate_user_alloc                     - Undefined Weak Reference
    _terminateio                              - Undefined Weak Reference
    __Vectors_Size                           0x0000018c   Number         0  startup_stm32l432xx.o ABSOLUTE
    __Vectors                                0x08000000   Data           4  startup_stm32l432xx.o(RESET)
    __Vectors_End                            0x0800018c   Data           0  startup_stm32l432xx.o(RESET)
    __main                                   0x0800018d   Thumb Code     8  __main.o(!!!main)
    __scatterload                            0x08000195   Thumb Code     0  __scatter.o(!!!scatter)
    __scatterload_rt2                        0x08000195   Thumb Code    84  __scatter.o(!!!scatter)
    __scatterload_rt2_thumb_only             0x08000195   Thumb Code     0  __scatter.o(!!!scatter)
    __scatterload_loop                       0x0800019f   Thumb Code     0  __scatter.o(!!!scatter)
    __scatterload_copy                       0x080001f1   Thumb Code    26  __scatter_copy.o(!!handler_copy)
    __scatterload_null                       0x0800020d   Thumb Code     2  __scatter.o(!!handler_null)
    __scatterload_zeroinit                   0x08000211   Thumb Code    28  __scatter_zi.o(!!handler_zi)
    _printf_n                                0x0800022d   Thumb Code     0  _printf_n.o(.ARM.Collect$$_printf_percent$$00000001)
    _printf_percent                          0x0800022d   Thumb Code     0  _printf_percent.o(.ARM.Collect$$_printf_percent$$00000000)
    _printf_p                                0x08000233   Thumb Code     0  _printf_p.o(.ARM.Collect$$_printf_percent$$00000002)
    _printf_f                                0x08000239   Thumb Code     0  _printf_f.o(.ARM.Collect$$_printf_percent$$00000003)
    _printf_e                                0x0800023f   Thumb Code     0  _printf_e.o(.ARM.Collect$$_printf_percent$$00000004)
    _printf_g                                0x08000245   Thumb Code     0  _printf_g.o(.ARM.Collect$$_printf_percent$$00000005)
    _printf_a                                0x0800024b   Thumb Code     0  _printf_a.o(.ARM.Collect$$_printf_percent$$00000006)
    _printf_ll                               0x08000251   Thumb Code     0  _printf_ll.o(.ARM.Collect$$_printf_percent$$00000007)
    _printf_i                                0x0800025b   Thumb Code     0  _printf_i.o(.ARM.Collect$$_printf_percent$$00000008)
    _printf_d                                0x08000261   Thumb Code     0  _printf_d.o(.ARM.Collect$$_printf_percent$$00000009)
    _printf_u                                0x08000267   Thumb Code     0  _printf_u.o(.ARM.Collect$$_printf_percent$$0000000A)
    _printf_o                                0x0800026d   Thumb Code     0  _printf_o.o(.ARM.Collect$$_printf_percent$$0000000B)
    _printf_x                                0x08000273   Thumb Code     0  _printf_x.o(.ARM.Collect$$_printf_percent$$0000000C)
    _printf_lli                              0x08000279   Thumb Code     0  _printf_lli.o(.ARM.Collect$$_printf_percent$$0000000D)
    _printf_lld                              0x0800027f   Thumb Code     0  _printf_lld.o(.ARM.Collect$$_printf_percent$$0000000E)
    _printf_llu                              0x08000285   Thumb Code     0  _printf_llu.o(.ARM.Collect$$_printf_percent$$0000000F)
    _printf_llo                              0x0800028b   Thumb Code     0  _printf_llo.o(.ARM.Collect$$_printf_percent$$00000010)
    _printf_llx                              0x08000291   Thumb Code     0  _printf_llx.o(.ARM.Collect$$_printf_percent$$00000011)
    _printf_l                                0x08000297   Thumb Code     0  _printf_l.o(.ARM.Collect$$_printf_percent$$00000012)
    _printf_c                                0x080002a1   Thumb Code     0  _printf_c.o(.ARM.Collect$$_printf_percent$$00000013)
    _printf_s                                0x080002a7   Thumb Code     0  _printf_s.o(.ARM.Collect$$_printf_percent$$00000014)
    _printf_lc                               0x080002ad   Thumb Code     0  _printf_lc.o(.ARM.Collect$$_printf_percent$$00000015)
    _printf_ls                               0x080002b3   Thumb Code     0  _printf_ls.o(.ARM.Collect$$_printf_percent$$00000016)
    _printf_percent_end                      0x080002b9   Thumb Code     0  _printf_percent_end.o(.ARM.Collect$$_printf_percent$$00000017)
    __rt_lib_init                            0x080002bd   Thumb Code     0  libinit.o(.ARM.Collect$$libinit$$00000000)
    __rt_lib_init_fp_1                       0x080002bf   Thumb Code     0  libinit2.o(.ARM.Collect$$libinit$$00000001)
    __rt_lib_init_heap_1                     0x080002c3   Thumb Code     0  libinit2.o(.ARM.Collect$$libinit$$0000000C)
    __rt_lib_init_lc_common                  0x080002c3   Thumb Code     0  libinit2.o(.ARM.Collect$$libinit$$00000011)
    __rt_lib_init_preinit_1                  0x080002c3   Thumb Code     0  libinit2.o(.ARM.Collect$$libinit$$00000006)
    __rt_lib_init_rand_1                     0x080002c3   Thumb Code     0  libinit2.o(.ARM.Collect$$libinit$$00000010)
    __rt_lib_init_relocate_pie_1             0x080002c3   Thumb Code     0  libinit2.o(.ARM.Collect$$libinit$$00000004)
    __rt_lib_init_user_alloc_1               0x080002c3   Thumb Code     0  libinit2.o(.ARM.Collect$$libinit$$0000000E)
    __rt_lib_init_lc_collate_1               0x080002c9   Thumb Code     0  libinit2.o(.ARM.Collect$$libinit$$00000013)
    __rt_lib_init_lc_ctype_2                 0x080002c9   Thumb Code     0  libinit2.o(.ARM.Collect$$libinit$$00000014)
    __rt_lib_init_lc_ctype_1                 0x080002d5   Thumb Code     0  libinit2.o(.ARM.Collect$$libinit$$00000015)
    __rt_lib_init_lc_monetary_1              0x080002d5   Thumb Code     0  libinit2.o(.ARM.Collect$$libinit$$00000017)
    __rt_lib_init_lc_numeric_2               0x080002d5   Thumb Code     0  libinit2.o(.ARM.Collect$$libinit$$00000018)
    __rt_lib_init_alloca_1                   0x080002df   Thumb Code     0  libinit2.o(.ARM.Collect$$libinit$$00000030)
    __rt_lib_init_argv_1                     0x080002df   Thumb Code     0  libinit2.o(.ARM.Collect$$libinit$$0000002E)
    __rt_lib_init_atexit_1                   0x080002df   Thumb Code     0  libinit2.o(.ARM.Collect$$libinit$$0000001D)
    __rt_lib_init_clock_1                    0x080002df   Thumb Code     0  libinit2.o(.ARM.Collect$$libinit$$00000023)
    __rt_lib_init_cpp_1                      0x080002df   Thumb Code     0  libinit2.o(.ARM.Collect$$libinit$$00000034)
    __rt_lib_init_exceptions_1               0x080002df   Thumb Code     0  libinit2.o(.ARM.Collect$$libinit$$00000032)
    __rt_lib_init_fp_trap_1                  0x080002df   Thumb Code     0  libinit2.o(.ARM.Collect$$libinit$$00000021)
    __rt_lib_init_getenv_1                   0x080002df   Thumb Code     0  libinit2.o(.ARM.Collect$$libinit$$00000025)
    __rt_lib_init_lc_numeric_1               0x080002df   Thumb Code     0  libinit2.o(.ARM.Collect$$libinit$$00000019)
    __rt_lib_init_lc_time_1                  0x080002df   Thumb Code     0  libinit2.o(.ARM.Collect$$libinit$$0000001B)
    __rt_lib_init_return                     0x080002df   Thumb Code     0  libinit2.o(.ARM.Collect$$libinit$$00000035)
    __rt_lib_init_signal_1                   0x080002df   Thumb Code     0  libinit2.o(.ARM.Collect$$libinit$$0000001F)
    __rt_lib_init_stdio_1                    0x080002df   Thumb Code     0  libinit2.o(.ARM.Collect$$libinit$$00000027)
    __rt_lib_shutdown                        0x080002e1   Thumb Code     0  libshutdown.o(.ARM.Collect$$libshutdown$$00000000)
    __rt_lib_shutdown_cpp_1                  0x080002e3   Thumb Code     0  libshutdown2.o(.ARM.Collect$$libshutdown$$00000002)
    __rt_lib_shutdown_fp_trap_1              0x080002e3   Thumb Code     0  libshutdown2.o(.ARM.Collect$$libshutdown$$00000007)
    __rt_lib_shutdown_heap_1                 0x080002e3   Thumb Code     0  libshutdown2.o(.ARM.Collect$$libshutdown$$0000000F)
    __rt_lib_shutdown_return                 0x080002e3   Thumb Code     0  libshutdown2.o(.ARM.Collect$$libshutdown$$00000010)
    __rt_lib_shutdown_signal_1               0x080002e3   Thumb Code     0  libshutdown2.o(.ARM.Collect$$libshutdown$$0000000A)
    __rt_lib_shutdown_stdio_1                0x080002e3   Thumb Code     0  libshutdown2.o(.ARM.Collect$$libshutdown$$00000004)
    __rt_lib_shutdown_user_alloc_1           0x080002e3   Thumb Code     0  libshutdown2.o(.ARM.Collect$$libshutdown$$0000000C)
    __rt_entry                               0x080002e5   Thumb Code     0  __rtentry.o(.ARM.Collect$$rtentry$$00000000)
    __rt_entry_presh_1                       0x080002e5   Thumb Code     0  __rtentry2.o(.ARM.Collect$$rtentry$$00000002)
    __rt_entry_sh                            0x080002e5   Thumb Code     0  __rtentry4.o(.ARM.Collect$$rtentry$$00000004)
    __rt_entry_li                            0x080002eb   Thumb Code     0  __rtentry2.o(.ARM.Collect$$rtentry$$0000000A)
    __rt_entry_postsh_1                      0x080002eb   Thumb Code     0  __rtentry2.o(.ARM.Collect$$rtentry$$00000009)
    __rt_entry_main                          0x080002ef   Thumb Code     0  __rtentry2.o(.ARM.Collect$$rtentry$$0000000D)
    __rt_entry_postli_1                      0x080002ef   Thumb Code     0  __rtentry2.o(.ARM.Collect$$rtentry$$0000000C)
    __rt_exit                                0x080002f7   Thumb Code     0  rtexit.o(.ARM.Collect$$rtexit$$00000000)
    __rt_exit_ls                             0x080002f9   Thumb Code     0  rtexit2.o(.ARM.Collect$$rtexit$$00000003)
    __rt_exit_prels_1                        0x080002f9   Thumb Code     0  rtexit2.o(.ARM.Collect$$rtexit$$00000002)
    __rt_exit_exit                           0x080002fd   Thumb Code     0  rtexit2.o(.ARM.Collect$$rtexit$$00000004)
    Reset_Handler                            0x08000305   Thumb Code     8  startup_stm32l432xx.o(.text)
    ADC1_IRQHandler                          0x0800031f   Thumb Code     0  startup_stm32l432xx.o(.text)
    CAN1_RX0_IRQHandler                      0x0800031f   Thumb Code     0  startup_stm32l432xx.o(.text)
    CAN1_RX1_IRQHandler                      0x0800031f   Thumb Code     0  startup_stm32l432xx.o(.text)
    CAN1_SCE_IRQHandler                      0x0800031f   Thumb Code     0  startup_stm32l432xx.o(.text)
    CAN1_TX_IRQHandler                       0x0800031f   Thumb Code     0  startup_stm32l432xx.o(.text)
    COMP_IRQHandler                          0x0800031f   Thumb Code     0  startup_stm32l432xx.o(.text)
    CRS_IRQHandler                           0x0800031f   Thumb Code     0  startup_stm32l432xx.o(.text)
    DMA1_Channel1_IRQHandler                 0x0800031f   Thumb Code     0  startup_stm32l432xx.o(.text)
    DMA1_Channel2_IRQHandler                 0x0800031f   Thumb Code     0  startup_stm32l432xx.o(.text)
    DMA1_Channel3_IRQHandler                 0x0800031f   Thumb Code     0  startup_stm32l432xx.o(.text)
    DMA1_Channel7_IRQHandler                 0x0800031f   Thumb Code     0  startup_stm32l432xx.o(.text)
    DMA2_Channel1_IRQHandler                 0x0800031f   Thumb Code     0  startup_stm32l432xx.o(.text)
    DMA2_Channel2_IRQHandler                 0x0800031f   Thumb Code     0  startup_stm32l432xx.o(.text)
    DMA2_Channel3_IRQHandler                 0x0800031f   Thumb Code     0  startup_stm32l432xx.o(.text)
    DMA2_Channel4_IRQHandler                 0x0800031f   Thumb Code     0  startup_stm32l432xx.o(.text)
    DMA2_Channel5_IRQHandler                 0x0800031f   Thumb Code     0  startup_stm32l432xx.o(.text)
    DMA2_Channel6_IRQHandler                 0x0800031f   Thumb Code     0  startup_stm32l432xx.o(.text)
    DMA2_Channel7_IRQHandler                 0x0800031f   Thumb Code     0  startup_stm32l432xx.o(.text)
    EXTI0_IRQHandler                         0x0800031f   Thumb Code     0  startup_stm32l432xx.o(.text)
    EXTI15_10_IRQHandler                     0x0800031f   Thumb Code     0  startup_stm32l432xx.o(.text)
    EXTI1_IRQHandler                         0x0800031f   Thumb Code     0  startup_stm32l432xx.o(.text)
    EXTI2_IRQHandler                         0x0800031f   Thumb Code     0  startup_stm32l432xx.o(.text)
    EXTI4_IRQHandler                         0x0800031f   Thumb Code     0  startup_stm32l432xx.o(.text)
    EXTI9_5_IRQHandler                       0x0800031f   Thumb Code     0  startup_stm32l432xx.o(.text)
    FLASH_IRQHandler                         0x0800031f   Thumb Code     0  startup_stm32l432xx.o(.text)
    FPU_IRQHandler                           0x0800031f   Thumb Code     0  startup_stm32l432xx.o(.text)
    I2C1_ER_IRQHandler                       0x0800031f   Thumb Code     0  startup_stm32l432xx.o(.text)
    I2C1_EV_IRQHandler                       0x0800031f   Thumb Code     0  startup_stm32l432xx.o(.text)
    I2C3_ER_IRQHandler                       0x0800031f   Thumb Code     0  startup_stm32l432xx.o(.text)
    I2C3_EV_IRQHandler                       0x0800031f   Thumb Code     0  startup_stm32l432xx.o(.text)
    LPTIM1_IRQHandler                        0x0800031f   Thumb Code     0  startup_stm32l432xx.o(.text)
    LPTIM2_IRQHandler                        0x0800031f   Thumb Code     0  startup_stm32l432xx.o(.text)
    LPUART1_IRQHandler                       0x0800031f   Thumb Code     0  startup_stm32l432xx.o(.text)
    PVD_PVM_IRQHandler                       0x0800031f   Thumb Code     0  startup_stm32l432xx.o(.text)
    QUADSPI_IRQHandler                       0x0800031f   Thumb Code     0  startup_stm32l432xx.o(.text)
    RCC_IRQHandler                           0x0800031f   Thumb Code     0  startup_stm32l432xx.o(.text)
    RNG_IRQHandler                           0x0800031f   Thumb Code     0  startup_stm32l432xx.o(.text)
    RTC_Alarm_IRQHandler                     0x0800031f   Thumb Code     0  startup_stm32l432xx.o(.text)
    RTC_WKUP_IRQHandler                      0x0800031f   Thumb Code     0  startup_stm32l432xx.o(.text)
    SAI1_IRQHandler                          0x0800031f   Thumb Code     0  startup_stm32l432xx.o(.text)
    SPI1_IRQHandler                          0x0800031f   Thumb Code     0  startup_stm32l432xx.o(.text)
    SPI3_IRQHandler                          0x0800031f   Thumb Code     0  startup_stm32l432xx.o(.text)
    SWPMI1_IRQHandler                        0x0800031f   Thumb Code     0  startup_stm32l432xx.o(.text)
    TAMP_STAMP_IRQHandler                    0x0800031f   Thumb Code     0  startup_stm32l432xx.o(.text)
    TIM1_CC_IRQHandler                       0x0800031f   Thumb Code     0  startup_stm32l432xx.o(.text)
    TIM1_TRG_COM_IRQHandler                  0x0800031f   Thumb Code     0  startup_stm32l432xx.o(.text)
    TIM1_UP_TIM16_IRQHandler                 0x0800031f   Thumb Code     0  startup_stm32l432xx.o(.text)
    TIM6_DAC_IRQHandler                      0x0800031f   Thumb Code     0  startup_stm32l432xx.o(.text)
    TIM7_IRQHandler                          0x0800031f   Thumb Code     0  startup_stm32l432xx.o(.text)
    TSC_IRQHandler                           0x0800031f   Thumb Code     0  startup_stm32l432xx.o(.text)
    USART2_IRQHandler                        0x0800031f   Thumb Code     0  startup_stm32l432xx.o(.text)
    USB_IRQHandler                           0x0800031f   Thumb Code     0  startup_stm32l432xx.o(.text)
    WWDG_IRQHandler                          0x0800031f   Thumb Code     0  startup_stm32l432xx.o(.text)
    __user_initial_stackheap                 0x08000321   Thumb Code     0  startup_stm32l432xx.o(.text)
    __rt_ctype_table                         0x08000345   Thumb Code    16  rt_ctype_table.o(.text)
    __aeabi_uldivmod                         0x08000355   Thumb Code     0  lludivv7m.o(.text)
    _ll_udiv                                 0x08000355   Thumb Code   240  lludivv7m.o(.text)
    vsnprintf                                0x08000445   Thumb Code    56  vsnprintf.o(.text)
    __2snprintf                              0x08000481   Thumb Code    58  __2snprintf.o(.text)
    _printf_int_dec                          0x080004c1   Thumb Code   104  _printf_dec.o(.text)
    __printf                                 0x08000539   Thumb Code   388  __printf_flags_ss_wp.o(.text)
    strtoul                                  0x080006c7   Thumb Code   114  strtoul.o(.text)
    strlen                                   0x0800073f   Thumb Code    62  strlen.o(.text)
    strncmp                                  0x0800077d   Thumb Code   150  strncmp.o(.text)
    __aeabi_memcpy                           0x08000813   Thumb Code     0  rt_memcpy_v6.o(.text)
    __rt_memcpy                              0x08000813   Thumb Code   138  rt_memcpy_v6.o(.text)
    _memcpy_lastbytes                        0x08000879   Thumb Code     0  rt_memcpy_v6.o(.text)
    __aeabi_memclr4                          0x0800089d   Thumb Code     0  rt_memclr_w.o(.text)
    __aeabi_memclr8                          0x0800089d   Thumb Code     0  rt_memclr_w.o(.text)
    __rt_memclr_w                            0x0800089d   Thumb Code     0  rt_memclr_w.o(.text)
    _memset_w                                0x080008a1   Thumb Code    74  rt_memclr_w.o(.text)
    strncpy                                  0x080008eb   Thumb Code    86  strncpy.o(.text)
    strcmp                                   0x08000941   Thumb Code   124  strcmpv7em.o(.text)
    __use_two_region_memory                  0x080009bd   Thumb Code     2  heapauxi.o(.text)
    __rt_heap_escrow$2region                 0x080009bf   Thumb Code     2  heapauxi.o(.text)
    __rt_heap_expand$2region                 0x080009c1   Thumb Code     2  heapauxi.o(.text)
    __rt_locale                              0x080009c5   Thumb Code     8  rt_locale_intlibspace.o(.text)
    __aeabi_errno_addr                       0x080009cd   Thumb Code     8  rt_errno_addr_intlibspace.o(.text)
    __errno$intlibspace                      0x080009cd   Thumb Code     0  rt_errno_addr_intlibspace.o(.text)
    __rt_errno_addr$intlibspace              0x080009cd   Thumb Code     0  rt_errno_addr_intlibspace.o(.text)
    _printf_pre_padding                      0x080009d5   Thumb Code    44  _printf_pad.o(.text)
    _printf_post_padding                     0x08000a01   Thumb Code    34  _printf_pad.o(.text)
    _printf_truncate_signed                  0x08000a23   Thumb Code    18  _printf_truncate.o(.text)
    _printf_truncate_unsigned                0x08000a35   Thumb Code    18  _printf_truncate.o(.text)
    _printf_str                              0x08000a47   Thumb Code    82  _printf_str.o(.text)
    _printf_int_common                       0x08000a99   Thumb Code   178  _printf_intcommon.o(.text)
    _printf_charcount                        0x08000b4b   Thumb Code    40  _printf_charcount.o(.text)
    _printf_char_common                      0x08000b7f   Thumb Code    32  _printf_char_common.o(.text)
    _snputc                                  0x08000ba5   Thumb Code    16  _snputc.o(.text)
    _printf_wctomb                           0x08000bb5   Thumb Code   182  _printf_wctomb.o(.text)
    _printf_longlong_dec                     0x08000c79   Thumb Code   108  _printf_longlong_dec.o(.text)
    _printf_longlong_oct                     0x08000cf5   Thumb Code    68  _printf_oct_int_ll.o(.text)
    _printf_int_oct                          0x08000d39   Thumb Code    24  _printf_oct_int_ll.o(.text)
    _printf_ll_oct                           0x08000d51   Thumb Code    12  _printf_oct_int_ll.o(.text)
    _printf_longlong_hex                     0x08000d65   Thumb Code    86  _printf_hex_int_ll_ptr.o(.text)
    _printf_int_hex                          0x08000dbb   Thumb Code    28  _printf_hex_int_ll_ptr.o(.text)
    _printf_ll_hex                           0x08000dd7   Thumb Code    12  _printf_hex_int_ll_ptr.o(.text)
    _printf_hex_ptr                          0x08000de3   Thumb Code    18  _printf_hex_int_ll_ptr.o(.text)
    _strtoul                                 0x08000df9   Thumb Code   158  _strtoul.o(.text)
    __aeabi_memcpy4                          0x08000e9d   Thumb Code     0  rt_memcpy_w.o(.text)
    __aeabi_memcpy8                          0x08000e9d   Thumb Code     0  rt_memcpy_w.o(.text)
    __rt_memcpy_w                            0x08000e9d   Thumb Code   100  rt_memcpy_w.o(.text)
    _memcpy_lastbytes_aligned                0x08000ee5   Thumb Code     0  rt_memcpy_w.o(.text)
    __aeabi_memclr                           0x08000f01   Thumb Code     0  rt_memclr.o(.text)
    __rt_memclr                              0x08000f01   Thumb Code     0  rt_memclr.o(.text)
    _memset                                  0x08000f05   Thumb Code    64  rt_memclr.o(.text)
    __user_libspace                          0x08000f45   Thumb Code     8  libspace.o(.text)
    __user_perproc_libspace                  0x08000f45   Thumb Code     0  libspace.o(.text)
    __user_perthread_libspace                0x08000f45   Thumb Code     0  libspace.o(.text)
    _ll_udiv10                               0x08000f4d   Thumb Code   138  lludiv10.o(.text)
    _printf_fp_dec_real                      0x08001187   Thumb Code   620  _printf_fp_dec.o(.text)
    _printf_fp_hex_real                      0x080013f9   Thumb Code   756  _printf_fp_hex.o(.text)
    _printf_cs_common                        0x080016fb   Thumb Code    20  _printf_char.o(.text)
    _printf_char                             0x0800170f   Thumb Code    16  _printf_char.o(.text)
    _printf_string                           0x0800171f   Thumb Code     8  _printf_char.o(.text)
    _printf_lcs_common                       0x08001727   Thumb Code    20  _printf_wchar.o(.text)
    _printf_wchar                            0x0800173b   Thumb Code    16  _printf_wchar.o(.text)
    _printf_wstring                          0x0800174b   Thumb Code     8  _printf_wchar.o(.text)
    _chval                                   0x08001753   Thumb Code    28  _chval.o(.text)
    _c16rtomb                                0x0800176f   Thumb Code    72  _c16rtomb.o(.text)
    _wcrtomb                                 0x0800176f   Thumb Code     0  _c16rtomb.o(.text)
    __user_setup_stackheap                   0x080017b7   Thumb Code    74  sys_stackheap_outer.o(.text)
    _printf_fp_infnan                        0x08001801   Thumb Code   112  _printf_fp_infnan.o(.text)
    _btod_etento                             0x08001881   Thumb Code   224  bigflt0.o(.text)
    exit                                     0x08001965   Thumb Code    18  exit.o(.text)
    _sys_exit                                0x08001979   Thumb Code     8  sys_exit.o(.text)
    __I$use$semihosting                      0x08001985   Thumb Code     0  use_no_semi.o(.text)
    __use_no_semihosting_swi                 0x08001985   Thumb Code     2  use_no_semi.o(.text)
    __semihosting_library_function           0x08001987   Thumb Code     0  indicate_semi.o(.text)
    BusFault_Handler                         0x08002345   Thumb Code     2  stm32l4xx_it.o(.text.BusFault_Handler)
    DMA1_Channel4_IRQHandler                 0x08002349   Thumb Code    12  stm32l4xx_it.o(.text.DMA1_Channel4_IRQHandler)
    DMA1_Channel5_IRQHandler                 0x08002355   Thumb Code    12  stm32l4xx_it.o(.text.DMA1_Channel5_IRQHandler)
    DMA1_Channel6_IRQHandler                 0x08002361   Thumb Code    12  stm32l4xx_it.o(.text.DMA1_Channel6_IRQHandler)
    DebugMon_Handler                         0x0800236d   Thumb Code     2  stm32l4xx_it.o(.text.DebugMon_Handler)
    EXTI3_IRQHandler                         0x08002371   Thumb Code     6  stm32l4xx_it.o(.text.EXTI3_IRQHandler)
    Error_Handler                            0x08002379   Thumb Code    10  main.o(.text.Error_Handler)
    HAL_DMA_Abort                            0x08002385   Thumb Code    84  stm32l4xx_hal_dma.o(.text.HAL_DMA_Abort)
    HAL_DMA_Abort_IT                         0x080023d9   Thumb Code    84  stm32l4xx_hal_dma.o(.text.HAL_DMA_Abort_IT)
    HAL_DMA_IRQHandler                       0x0800242d   Thumb Code   192  stm32l4xx_hal_dma.o(.text.HAL_DMA_IRQHandler)
    HAL_DMA_Init                             0x080024ed   Thumb Code   206  stm32l4xx_hal_dma.o(.text.HAL_DMA_Init)
    HAL_DMA_Start_IT                         0x080025c1   Thumb Code   172  stm32l4xx_hal_dma.o(.text.HAL_DMA_Start_IT)
    HAL_Delay                                0x0800266d   Thumb Code    40  stm32l4xx_hal.o(.text.HAL_Delay)
    HAL_GPIO_EXTI_Callback                   0x08002695   Thumb Code    62  main.o(.text.HAL_GPIO_EXTI_Callback)
    HAL_GPIO_EXTI_IRQHandler                 0x080026d5   Thumb Code    22  stm32l4xx_hal_gpio.o(.text.HAL_GPIO_EXTI_IRQHandler)
    HAL_GPIO_Init                            0x080026ed   Thumb Code   434  stm32l4xx_hal_gpio.o(.text.HAL_GPIO_Init)
    HAL_GPIO_ReadPin                         0x080028a5   Thumb Code    10  stm32l4xx_hal_gpio.o(.text.HAL_GPIO_ReadPin)
    HAL_GPIO_WritePin                        0x080028b1   Thumb Code    12  stm32l4xx_hal_gpio.o(.text.HAL_GPIO_WritePin)
    HAL_GetTick                              0x080028bd   Thumb Code    12  stm32l4xx_hal.o(.text.HAL_GetTick)
    HAL_IncTick                              0x080028c9   Thumb Code    26  stm32l4xx_hal.o(.text.HAL_IncTick)
    HAL_Init                                 0x080028e5   Thumb Code    30  stm32l4xx_hal.o(.text.HAL_Init)
    HAL_InitTick                             0x08002905   Thumb Code    80  stm32l4xx_hal.o(.text.HAL_InitTick)
    HAL_MspInit                              0x08002955   Thumb Code    50  stm32l4xx_hal_msp.o(.text.HAL_MspInit)
    HAL_NVIC_EnableIRQ                       0x08002989   Thumb Code    34  stm32l4xx_hal_cortex.o(.text.HAL_NVIC_EnableIRQ)
    HAL_NVIC_SetPriority                     0x080029ad   Thumb Code    86  stm32l4xx_hal_cortex.o(.text.HAL_NVIC_SetPriority)
    HAL_NVIC_SetPriorityGrouping             0x08002a05   Thumb Code    32  stm32l4xx_hal_cortex.o(.text.HAL_NVIC_SetPriorityGrouping)
    HAL_PWREx_ControlVoltageScaling          0x08002a25   Thumb Code   140  stm32l4xx_hal_pwr_ex.o(.text.HAL_PWREx_ControlVoltageScaling)
    HAL_PWREx_GetVoltageRange                0x08002ab1   Thumb Code    16  stm32l4xx_hal_pwr_ex.o(.text.HAL_PWREx_GetVoltageRange)
    HAL_RCCEx_PeriphCLKConfig                0x08002ac1   Thumb Code   644  stm32l4xx_hal_rcc_ex.o(.text.HAL_RCCEx_PeriphCLKConfig)
    HAL_RCC_ClockConfig                      0x08002d45   Thumb Code   574  stm32l4xx_hal_rcc.o(.text.HAL_RCC_ClockConfig)
    HAL_RCC_GetPCLK1Freq                     0x08002f85   Thumb Code    42  stm32l4xx_hal_rcc.o(.text.HAL_RCC_GetPCLK1Freq)
    HAL_RCC_GetPCLK2Freq                     0x08002fb1   Thumb Code    42  stm32l4xx_hal_rcc.o(.text.HAL_RCC_GetPCLK2Freq)
    HAL_RCC_GetSysClockFreq                  0x08002fdd   Thumb Code   198  stm32l4xx_hal_rcc.o(.text.HAL_RCC_GetSysClockFreq)
    HAL_RCC_OscConfig                        0x080030a5   Thumb Code  2036  stm32l4xx_hal_rcc.o(.text.HAL_RCC_OscConfig)
    HAL_SYSTICK_Config                       0x08003899   Thumb Code    44  stm32l4xx_hal_cortex.o(.text.HAL_SYSTICK_Config)
    HAL_TIMEx_Break2Callback                 0x080038c5   Thumb Code     2  stm32l4xx_hal_tim_ex.o(.text.HAL_TIMEx_Break2Callback)
    HAL_TIMEx_BreakCallback                  0x080038c9   Thumb Code     2  stm32l4xx_hal_tim_ex.o(.text.HAL_TIMEx_BreakCallback)
    HAL_TIMEx_CommutCallback                 0x080038cd   Thumb Code     2  stm32l4xx_hal_tim_ex.o(.text.HAL_TIMEx_CommutCallback)
    HAL_TIMEx_ConfigBreakDeadTime            0x080038d1   Thumb Code   152  stm32l4xx_hal_tim_ex.o(.text.HAL_TIMEx_ConfigBreakDeadTime)
    HAL_TIMEx_MasterConfigSynchronization    0x08003969   Thumb Code   108  stm32l4xx_hal_tim_ex.o(.text.HAL_TIMEx_MasterConfigSynchronization)
    HAL_TIM_Base_Init                        0x080039d5   Thumb Code   234  stm32l4xx_hal_tim.o(.text.HAL_TIM_Base_Init)
    HAL_TIM_Base_MspInit                     0x08003ac1   Thumb Code   230  stm32l4xx_hal_msp.o(.text.HAL_TIM_Base_MspInit)
    HAL_TIM_Base_Start_IT                    0x08003ba9   Thumb Code    96  stm32l4xx_hal_tim.o(.text.HAL_TIM_Base_Start_IT)
    HAL_TIM_Base_Stop_IT                     0x08003c09   Thumb Code    64  stm32l4xx_hal_tim.o(.text.HAL_TIM_Base_Stop_IT)
    HAL_TIM_ConfigClockSource                0x08003c49   Thumb Code   540  stm32l4xx_hal_tim.o(.text.HAL_TIM_ConfigClockSource)
    HAL_TIM_IC_CaptureCallback               0x08003e65   Thumb Code    82  ir_transceiver.o(.text.HAL_TIM_IC_CaptureCallback)
    HAL_TIM_IC_ConfigChannel                 0x08003eb9   Thumb Code   448  stm32l4xx_hal_tim.o(.text.HAL_TIM_IC_ConfigChannel)
    HAL_TIM_IC_Init                          0x08004079   Thumb Code   234  stm32l4xx_hal_tim.o(.text.HAL_TIM_IC_Init)
    HAL_TIM_IC_MspInit                       0x08004165   Thumb Code     2  stm32l4xx_hal_tim.o(.text.HAL_TIM_IC_MspInit)
    HAL_TIM_IC_Start_IT                      0x08004169   Thumb Code   340  stm32l4xx_hal_tim.o(.text.HAL_TIM_IC_Start_IT)
    HAL_TIM_IC_Stop_IT                       0x080042bd   Thumb Code   220  stm32l4xx_hal_tim.o(.text.HAL_TIM_IC_Stop_IT)
    HAL_TIM_IRQHandler                       0x08004399   Thumb Code   364  stm32l4xx_hal_tim.o(.text.HAL_TIM_IRQHandler)
    HAL_TIM_MspPostInit                      0x08004505   Thumb Code    92  stm32l4xx_hal_msp.o(.text.HAL_TIM_MspPostInit)
    HAL_TIM_OC_DelayElapsedCallback          0x08004561   Thumb Code     2  stm32l4xx_hal_tim.o(.text.HAL_TIM_OC_DelayElapsedCallback)
    HAL_TIM_PWM_ConfigChannel                0x08004565   Thumb Code   948  stm32l4xx_hal_tim.o(.text.HAL_TIM_PWM_ConfigChannel)
    HAL_TIM_PWM_Init                         0x08004919   Thumb Code   234  stm32l4xx_hal_tim.o(.text.HAL_TIM_PWM_Init)
    HAL_TIM_PWM_MspInit                      0x08004a05   Thumb Code     2  stm32l4xx_hal_tim.o(.text.HAL_TIM_PWM_MspInit)
    HAL_TIM_PWM_PulseFinishedCallback        0x08004a09   Thumb Code     2  stm32l4xx_hal_tim.o(.text.HAL_TIM_PWM_PulseFinishedCallback)
    HAL_TIM_PWM_Start                        0x08004a0d   Thumb Code   262  stm32l4xx_hal_tim.o(.text.HAL_TIM_PWM_Start)
    HAL_TIM_PeriodElapsedCallback            0x08004b15   Thumb Code    80  ir_transceiver.o(.text.HAL_TIM_PeriodElapsedCallback)
    HAL_TIM_ReadCapturedValue                0x08004b65   Thumb Code    22  stm32l4xx_hal_tim.o(.text.HAL_TIM_ReadCapturedValue)
    HAL_TIM_SlaveConfigSynchro               0x08004b7d   Thumb Code    88  stm32l4xx_hal_tim.o(.text.HAL_TIM_SlaveConfigSynchro)
    HAL_TIM_TriggerCallback                  0x08004bd5   Thumb Code     2  stm32l4xx_hal_tim.o(.text.HAL_TIM_TriggerCallback)
    HAL_UARTEx_RxEventCallback               0x08004bd9   Thumb Code     2  stm32l4xx_hal_uart.o(.text.HAL_UARTEx_RxEventCallback)
    HAL_UARTEx_WakeupCallback                0x08004bdd   Thumb Code     2  stm32l4xx_hal_uart_ex.o(.text.HAL_UARTEx_WakeupCallback)
    HAL_UART_ErrorCallback                   0x08004be1   Thumb Code    48  main.o(.text.HAL_UART_ErrorCallback)
    HAL_UART_IRQHandler                      0x08004c11   Thumb Code  1532  stm32l4xx_hal_uart.o(.text.HAL_UART_IRQHandler)
    HAL_UART_Init                            0x0800520d   Thumb Code    96  stm32l4xx_hal_uart.o(.text.HAL_UART_Init)
    HAL_UART_MspInit                         0x0800526d   Thumb Code   458  stm32l4xx_hal_msp.o(.text.HAL_UART_MspInit)
    HAL_UART_Receive_DMA                     0x08005439   Thumb Code   496  stm32l4xx_hal_uart.o(.text.HAL_UART_Receive_DMA)
    HAL_UART_RxCpltCallback                  0x08005629   Thumb Code     2  stm32l4xx_hal_uart.o(.text.HAL_UART_RxCpltCallback)
    HAL_UART_RxHalfCpltCallback              0x0800562d   Thumb Code     2  stm32l4xx_hal_uart.o(.text.HAL_UART_RxHalfCpltCallback)
    HAL_UART_Transmit_DMA                    0x08005631   Thumb Code   228  stm32l4xx_hal_uart.o(.text.HAL_UART_Transmit_DMA)
    HAL_UART_TxCpltCallback                  0x08005715   Thumb Code    64  main.o(.text.HAL_UART_TxCpltCallback)
    HAL_UART_TxHalfCpltCallback              0x08005755   Thumb Code     2  stm32l4xx_hal_uart.o(.text.HAL_UART_TxHalfCpltCallback)
    HardFault_Handler                        0x08005759   Thumb Code     2  stm32l4xx_it.o(.text.HardFault_Handler)
    IR_GetState                              0x0800575d   Thumb Code    12  ir_transceiver.o(.text.IR_GetState)
    IR_StartTransmit                         0x08005769   Thumb Code    94  ir_transceiver.o(.text.IR_StartTransmit)
    IR_Transceiver_Init                      0x080057c9   Thumb Code    90  ir_transceiver.o(.text.IR_Transceiver_Init)
    IR_Transceiver_Process                   0x08005825   Thumb Code    64  ir_transceiver.o(.text.IR_Transceiver_Process)
    MemManage_Handler                        0x08005865   Thumb Code     2  stm32l4xx_it.o(.text.MemManage_Handler)
    NMI_Handler                              0x08005869   Thumb Code     2  stm32l4xx_it.o(.text.NMI_Handler)
    PendSV_Handler                           0x0800586d   Thumb Code     2  stm32l4xx_it.o(.text.PendSV_Handler)
    RC5_DataSampling                         0x080059c1   Thumb Code   280  rc5_decode.o(.text.RC5_DataSampling)
    RC5_Decode                               0x08005ae1   Thumb Code    78  rc5_decode.o(.text.RC5_Decode)
    RC5_Encode_IsBusy                        0x08005b31   Thumb Code    12  rc5_encode.o(.text.RC5_Encode_IsBusy)
    RC5_Encode_SendFrame                     0x08005b3d   Thumb Code   296  rc5_encode.o(.text.RC5_Encode_SendFrame)
    RC5_Encode_SignalGenerate                0x08005c65   Thumb Code    86  rc5_encode.o(.text.RC5_Encode_SignalGenerate)
    RC5_ResetPacket                          0x08005cbd   Thumb Code    24  rc5_decode.o(.text.RC5_ResetPacket)
    SVC_Handler                              0x08005e1d   Thumb Code     2  stm32l4xx_it.o(.text.SVC_Handler)
    SysTick_Handler                          0x08005e21   Thumb Code     4  stm32l4xx_it.o(.text.SysTick_Handler)
    SystemInit                               0x08005e25   Thumb Code    18  system_stm32l4xx.o(.text.SystemInit)
    TIM1_BRK_TIM15_IRQHandler                0x08005e39   Thumb Code    12  stm32l4xx_it.o(.text.TIM1_BRK_TIM15_IRQHandler)
    TIM2_IRQHandler                          0x08005e45   Thumb Code    12  stm32l4xx_it.o(.text.TIM2_IRQHandler)
    UART_AdvFeatureConfig                    0x08005fa1   Thumb Code   230  stm32l4xx_hal_uart.o(.text.UART_AdvFeatureConfig)
    UART_CheckIdleState                      0x08006089   Thumb Code   360  stm32l4xx_hal_uart.o(.text.UART_CheckIdleState)
    UART_SetConfig                           0x080065d1   Thumb Code   496  stm32l4xx_hal_uart.o(.text.UART_SetConfig)
    UART_WaitOnFlagUntilTimeout              0x080067d1   Thumb Code   832  stm32l4xx_hal_uart.o(.text.UART_WaitOnFlagUntilTimeout)
    USART1_IRQHandler                        0x08006b11   Thumb Code    12  stm32l4xx_it.o(.text.USART1_IRQHandler)
    UsageFault_Handler                       0x08006b1d   Thumb Code     2  stm32l4xx_it.o(.text.UsageFault_Handler)
    main                                     0x08006dcd   Thumb Code  1756  main.o(.text.main)
    send_debug                               0x08007535   Thumb Code    34  main.o(.text.send_debug)
    send_hud                                 0x08007559   Thumb Code    70  main.o(.text.send_hud)
    _btod_d2e                                0x0800759f   Thumb Code    62  btod.o(CL$$btod_d2e)
    _d2e_denorm_low                          0x080075dd   Thumb Code    70  btod.o(CL$$btod_d2e_denorm_low)
    _d2e_norm_op1                            0x08007623   Thumb Code    96  btod.o(CL$$btod_d2e_norm_op1)
    __btod_div_common                        0x08007685   Thumb Code   696  btod.o(CL$$btod_div_common)
    _e2e                                     0x080079bd   Thumb Code   220  btod.o(CL$$btod_e2e)
    _btod_ediv                               0x08007a99   Thumb Code    42  btod.o(CL$$btod_ediv)
    _btod_emul                               0x08007ac3   Thumb Code    42  btod.o(CL$$btod_emul)
    __btod_mult_common                       0x08007aed   Thumb Code   580  btod.o(CL$$btod_mult_common)
    __ARM_fpclassify                         0x08007d31   Thumb Code    48  fpclassify.o(i.__ARM_fpclassify)
    _is_digit                                0x08007d61   Thumb Code    14  __printf_wp.o(i._is_digit)
    _get_lc_ctype                            0x08007d71   Thumb Code    44  lc_ctype_c.o(locale$$code)
    _get_lc_numeric                          0x08007d9d   Thumb Code    44  lc_numeric_c.o(locale$$code)
    _fp_init                                 0x08007dc9   Thumb Code    26  fpinit.o(x$fpl$fpinit)
    __fplib_config_fpu_vfp                   0x08007de1   Thumb Code     0  fpinit.o(x$fpl$fpinit)
    __fplib_config_pureend_doubles           0x08007de1   Thumb Code     0  fpinit.o(x$fpl$fpinit)
    _printf_fp_dec                           0x08007de3   Thumb Code     4  printf1.o(x$fpl$printf1)
    _printf_fp_hex                           0x08007de7   Thumb Code     4  printf2.o(x$fpl$printf2)
    __I$use$fp                               0x08007dea   Number         0  usenofp.o(x$fpl$usenofp)
    AHBPrescTable                            0x08007ee8   Data          16  system_stm32l4xx.o(.rodata.AHBPrescTable)
    APBPrescTable                            0x08007ef8   Data           8  system_stm32l4xx.o(.rodata.APBPrescTable)
    MSIRangeTable                            0x08007f00   Data          48  system_stm32l4xx.o(.rodata.MSIRangeTable)
    Region$$Table$$Base                      0x080080d4   Number         0  anon$$obj.o(Region$$Table)
    Region$$Table$$Limit                     0x080080f4   Number         0  anon$$obj.o(Region$$Table)
    __ctype                                  0x08008101   Data           0  lc_ctype_c.o(locale$$data)
    uwTickFreq                               0x20000000   Data           1  stm32l4xx_hal.o(.data..L_MergedGlobals)
    uwTickPrio                               0x20000004   Data           4  stm32l4xx_hal.o(.data..L_MergedGlobals)
    SystemCoreClock                          0x20000008   Data           4  system_stm32l4xx.o(.data.SystemCoreClock)
    __libspace_start                         0x20000028   Data          96  libspace.o(.bss)
    RC5FrameReceived                         0x20000088   Data           1  rc5_decode.o(.bss..L_MergedGlobals)
    __temporary_stack_top$libspace           0x20000088   Data           0  libspace.o(.bss)
    toggle_bit                               0x200000c0   Data           1  main.o(.bss..L_MergedGlobals)
    tx_command                               0x200000c1   Data           1  main.o(.bss..L_MergedGlobals)
    rx_buffer                                0x200000dc   Data          64  main.o(.bss..L_MergedGlobals)
    RC5_FRAME                                0x2000011c   Data           4  rc5_decode.o(.bss.RC5_FRAME)
    hdma_usart1_rx                           0x200009a8   Data          72  main.o(.bss.hdma_usart1_rx)
    hdma_usart1_tx                           0x200009f0   Data          72  main.o(.bss.hdma_usart1_tx)
    hdma_usart2_tx                           0x20000a38   Data          72  main.o(.bss.hdma_usart2_tx)
    htim15                                   0x20000a80   Data          76  main.o(.bss.htim15)
    htim16                                   0x20000acc   Data          76  main.o(.bss.htim16)
    htim2                                    0x20000b18   Data          76  main.o(.bss.htim2)
    huart1                                   0x20000b64   Data         136  main.o(.bss.huart1)
    huart2                                   0x20000bec   Data         136  main.o(.bss.huart2)
    player_hits                              0x20000c74   Data         128  main.o(.bss.player_hits)
    uwTick                                   0x20001000   Data           4  stm32l4xx_hal.o(.bss.uwTick)



==============================================================================

Memory Map of the image

  Image Entry point : 0x0800018d

  Load Region LR_IROM1 (Base: 0x08000000, Size: 0x00008248, Max: 0x00040000, ABSOLUTE)

    Execution Region ER_IROM1 (Exec base: 0x08000000, Load base: 0x08000000, Size: 0x00008220, Max: 0x00040000, ABSOLUTE)

    Exec Addr    Load Addr    Size         Type   Attr      Idx    E Section Name        Object

    0x08000000   0x08000000   0x0000018c   Data   RO            3    RESET               startup_stm32l432xx.o
    0x0800018c   0x0800018c   0x00000008   Code   RO         1232  * !!!main             c_w.l(__main.o)
    0x08000194   0x08000194   0x0000005c   Code   RO         1562    !!!scatter          c_w.l(__scatter.o)
    0x080001f0   0x080001f0   0x0000001a   Code   RO         1566    !!handler_copy      c_w.l(__scatter_copy.o)
    0x0800020a   0x0800020a   0x00000002   PAD
    0x0800020c   0x0800020c   0x00000002   Code   RO         1563    !!handler_null      c_w.l(__scatter.o)
    0x0800020e   0x0800020e   0x00000002   PAD
    0x08000210   0x08000210   0x0000001c   Code   RO         1568    !!handler_zi        c_w.l(__scatter_zi.o)
    0x0800022c   0x0800022c   0x00000000   Code   RO         1215    .ARM.Collect$$_printf_percent$$00000000  c_w.l(_printf_percent.o)
    0x0800022c   0x0800022c   0x00000006   Code   RO         1297    .ARM.Collect$$_printf_percent$$00000001  c_w.l(_printf_n.o)
    0x08000232   0x08000232   0x00000006   Code   RO         1299    .ARM.Collect$$_printf_percent$$00000002  c_w.l(_printf_p.o)
    0x08000238   0x08000238   0x00000006   Code   RO         1303    .ARM.Collect$$_printf_percent$$00000003  c_w.l(_printf_f.o)
    0x0800023e   0x0800023e   0x00000006   Code   RO         1304    .ARM.Collect$$_printf_percent$$00000004  c_w.l(_printf_e.o)
    0x08000244   0x08000244   0x00000006   Code   RO         1305    .ARM.Collect$$_printf_percent$$00000005  c_w.l(_printf_g.o)
    0x0800024a   0x0800024a   0x00000006   Code   RO         1306    .ARM.Collect$$_printf_percent$$00000006  c_w.l(_printf_a.o)
    0x08000250   0x08000250   0x0000000a   Code   RO         1311    .ARM.Collect$$_printf_percent$$00000007  c_w.l(_printf_ll.o)
    0x0800025a   0x0800025a   0x00000006   Code   RO         1301    .ARM.Collect$$_printf_percent$$00000008  c_w.l(_printf_i.o)
    0x08000260   0x08000260   0x00000006   Code   RO         1302    .ARM.Collect$$_printf_percent$$00000009  c_w.l(_printf_d.o)
    0x08000266   0x08000266   0x00000006   Code   RO         1214    .ARM.Collect$$_printf_percent$$0000000A  c_w.l(_printf_u.o)
    0x0800026c   0x0800026c   0x00000006   Code   RO         1300    .ARM.Collect$$_printf_percent$$0000000B  c_w.l(_printf_o.o)
    0x08000272   0x08000272   0x00000006   Code   RO         1298    .ARM.Collect$$_printf_percent$$0000000C  c_w.l(_printf_x.o)
    0x08000278   0x08000278   0x00000006   Code   RO         1308    .ARM.Collect$$_printf_percent$$0000000D  c_w.l(_printf_lli.o)
    0x0800027e   0x0800027e   0x00000006   Code   RO         1309    .ARM.Collect$$_printf_percent$$0000000E  c_w.l(_printf_lld.o)
    0x08000284   0x08000284   0x00000006   Code   RO         1310    .ARM.Collect$$_printf_percent$$0000000F  c_w.l(_printf_llu.o)
    0x0800028a   0x0800028a   0x00000006   Code   RO         1315    .ARM.Collect$$_printf_percent$$00000010  c_w.l(_printf_llo.o)
    0x08000290   0x08000290   0x00000006   Code   RO         1316    .ARM.Collect$$_printf_percent$$00000011  c_w.l(_printf_llx.o)
    0x08000296   0x08000296   0x0000000a   Code   RO         1312    .ARM.Collect$$_printf_percent$$00000012  c_w.l(_printf_l.o)
    0x080002a0   0x080002a0   0x00000006   Code   RO         1295    .ARM.Collect$$_printf_percent$$00000013  c_w.l(_printf_c.o)
    0x080002a6   0x080002a6   0x00000006   Code   RO         1296    .ARM.Collect$$_printf_percent$$00000014  c_w.l(_printf_s.o)
    0x080002ac   0x080002ac   0x00000006   Code   RO         1313    .ARM.Collect$$_printf_percent$$00000015  c_w.l(_printf_lc.o)
    0x080002b2   0x080002b2   0x00000006   Code   RO         1314    .ARM.Collect$$_printf_percent$$00000016  c_w.l(_printf_ls.o)
    0x080002b8   0x080002b8   0x00000004   Code   RO         1307    .ARM.Collect$$_printf_percent$$00000017  c_w.l(_printf_percent_end.o)
    0x080002bc   0x080002bc   0x00000002   Code   RO         1467    .ARM.Collect$$libinit$$00000000  c_w.l(libinit.o)
    0x080002be   0x080002be   0x00000004   Code   RO         1373    .ARM.Collect$$libinit$$00000001  c_w.l(libinit2.o)
    0x080002c2   0x080002c2   0x00000000   Code   RO         1376    .ARM.Collect$$libinit$$00000004  c_w.l(libinit2.o)
    0x080002c2   0x080002c2   0x00000000   Code   RO         1378    .ARM.Collect$$libinit$$00000006  c_w.l(libinit2.o)
    0x080002c2   0x080002c2   0x00000000   Code   RO         1381    .ARM.Collect$$libinit$$0000000C  c_w.l(libinit2.o)
    0x080002c2   0x080002c2   0x00000000   Code   RO         1383    .ARM.Collect$$libinit$$0000000E  c_w.l(libinit2.o)
    0x080002c2   0x080002c2   0x00000000   Code   RO         1385    .ARM.Collect$$libinit$$00000010  c_w.l(libinit2.o)
    0x080002c2   0x080002c2   0x00000006   Code   RO         1386    .ARM.Collect$$libinit$$00000011  c_w.l(libinit2.o)
    0x080002c8   0x080002c8   0x00000000   Code   RO         1388    .ARM.Collect$$libinit$$00000013  c_w.l(libinit2.o)
    0x080002c8   0x080002c8   0x0000000c   Code   RO         1389    .ARM.Collect$$libinit$$00000014  c_w.l(libinit2.o)
    0x080002d4   0x080002d4   0x00000000   Code   RO         1390    .ARM.Collect$$libinit$$00000015  c_w.l(libinit2.o)
    0x080002d4   0x080002d4   0x00000000   Code   RO         1392    .ARM.Collect$$libinit$$00000017  c_w.l(libinit2.o)
    0x080002d4   0x080002d4   0x0000000a   Code   RO         1393    .ARM.Collect$$libinit$$00000018  c_w.l(libinit2.o)
    0x080002de   0x080002de   0x00000000   Code   RO         1394    .ARM.Collect$$libinit$$00000019  c_w.l(libinit2.o)
    0x080002de   0x080002de   0x00000000   Code   RO         1396    .ARM.Collect$$libinit$$0000001B  c_w.l(libinit2.o)
    0x080002de   0x080002de   0x00000000   Code   RO         1398    .ARM.Collect$$libinit$$0000001D  c_w.l(libinit2.o)
    0x080002de   0x080002de   0x00000000   Code   RO         1400    .ARM.Collect$$libinit$$0000001F  c_w.l(libinit2.o)
    0x080002de   0x080002de   0x00000000   Code   RO         1402    .ARM.Collect$$libinit$$00000021  c_w.l(libinit2.o)
    0x080002de   0x080002de   0x00000000   Code   RO         1404    .ARM.Collect$$libinit$$00000023  c_w.l(libinit2.o)
    0x080002de   0x080002de   0x00000000   Code   RO         1406    .ARM.Collect$$libinit$$00000025  c_w.l(libinit2.o)
    0x080002de   0x080002de   0x00000000   Code   RO         1408    .ARM.Collect$$libinit$$00000027  c_w.l(libinit2.o)
    0x080002de   0x080002de   0x00000000   Code   RO         1412    .ARM.Collect$$libinit$$0000002E  c_w.l(libinit2.o)
    0x080002de   0x080002de   0x00000000   Code   RO         1414    .ARM.Collect$$libinit$$00000030  c_w.l(libinit2.o)
    0x080002de   0x080002de   0x00000000   Code   RO         1416    .ARM.Collect$$libinit$$00000032  c_w.l(libinit2.o)
    0x080002de   0x080002de   0x00000000   Code   RO         1418    .ARM.Collect$$libinit$$00000034  c_w.l(libinit2.o)
    0x080002de   0x080002de   0x00000002   Code   RO         1419    .ARM.Collect$$libinit$$00000035  c_w.l(libinit2.o)
    0x080002e0   0x080002e0   0x00000002   Code   RO         1529    .ARM.Collect$$libshutdown$$00000000  c_w.l(libshutdown.o)
    0x080002e2   0x080002e2   0x00000000   Code   RO         1545    .ARM.Collect$$libshutdown$$00000002  c_w.l(libshutdown2.o)
    0x080002e2   0x080002e2   0x00000000   Code   RO         1547    .ARM.Collect$$libshutdown$$00000004  c_w.l(libshutdown2.o)
    0x080002e2   0x080002e2   0x00000000   Code   RO         1550    .ARM.Collect$$libshutdown$$00000007  c_w.l(libshutdown2.o)
    0x080002e2   0x080002e2   0x00000000   Code   RO         1553    .ARM.Collect$$libshutdown$$0000000A  c_w.l(libshutdown2.o)
    0x080002e2   0x080002e2   0x00000000   Code   RO         1555    .ARM.Collect$$libshutdown$$0000000C  c_w.l(libshutdown2.o)
    0x080002e2   0x080002e2   0x00000000   Code   RO         1558    .ARM.Collect$$libshutdown$$0000000F  c_w.l(libshutdown2.o)
    0x080002e2   0x080002e2   0x00000002   Code   RO         1559    .ARM.Collect$$libshutdown$$00000010  c_w.l(libshutdown2.o)
    0x080002e4   0x080002e4   0x00000000   Code   RO         1234    .ARM.Collect$$rtentry$$00000000  c_w.l(__rtentry.o)
    0x080002e4   0x080002e4   0x00000000   Code   RO         1338    .ARM.Collect$$rtentry$$00000002  c_w.l(__rtentry2.o)
    0x080002e4   0x080002e4   0x00000006   Code   RO         1350    .ARM.Collect$$rtentry$$00000004  c_w.l(__rtentry4.o)
    0x080002ea   0x080002ea   0x00000000   Code   RO         1340    .ARM.Collect$$rtentry$$00000009  c_w.l(__rtentry2.o)
    0x080002ea   0x080002ea   0x00000004   Code   RO         1341    .ARM.Collect$$rtentry$$0000000A  c_w.l(__rtentry2.o)
    0x080002ee   0x080002ee   0x00000000   Code   RO         1343    .ARM.Collect$$rtentry$$0000000C  c_w.l(__rtentry2.o)
    0x080002ee   0x080002ee   0x00000008   Code   RO         1344    .ARM.Collect$$rtentry$$0000000D  c_w.l(__rtentry2.o)
    0x080002f6   0x080002f6   0x00000002   Code   RO         1475    .ARM.Collect$$rtexit$$00000000  c_w.l(rtexit.o)
    0x080002f8   0x080002f8   0x00000000   Code   RO         1498    .ARM.Collect$$rtexit$$00000002  c_w.l(rtexit2.o)
    0x080002f8   0x080002f8   0x00000004   Code   RO         1499    .ARM.Collect$$rtexit$$00000003  c_w.l(rtexit2.o)
    0x080002fc   0x080002fc   0x00000006   Code   RO         1500    .ARM.Collect$$rtexit$$00000004  c_w.l(rtexit2.o)
    0x08000302   0x08000302   0x00000002   PAD
    0x08000304   0x08000304   0x00000040   Code   RO            4    .text               startup_stm32l432xx.o
    0x08000344   0x08000344   0x00000010   Code   RO         1180    .text               c_w.l(rt_ctype_table.o)
    0x08000354   0x08000354   0x000000f0   Code   RO         1182    .text               c_w.l(lludivv7m.o)
    0x08000444   0x08000444   0x0000003c   Code   RO         1184    .text               c_w.l(vsnprintf.o)
    0x08000480   0x08000480   0x00000040   Code   RO         1186    .text               c_w.l(__2snprintf.o)
    0x080004c0   0x080004c0   0x00000078   Code   RO         1192    .text               c_w.l(_printf_dec.o)
    0x08000538   0x08000538   0x0000018e   Code   RO         1211    .text               c_w.l(__printf_flags_ss_wp.o)
    0x080006c6   0x080006c6   0x00000078   Code   RO         1216    .text               c_w.l(strtoul.o)
    0x0800073e   0x0800073e   0x0000003e   Code   RO         1218    .text               c_w.l(strlen.o)
    0x0800077c   0x0800077c   0x00000096   Code   RO         1220    .text               c_w.l(strncmp.o)
    0x08000812   0x08000812   0x0000008a   Code   RO         1222    .text               c_w.l(rt_memcpy_v6.o)
    0x0800089c   0x0800089c   0x0000004e   Code   RO         1224    .text               c_w.l(rt_memclr_w.o)
    0x080008ea   0x080008ea   0x00000056   Code   RO         1226    .text               c_w.l(strncpy.o)
    0x08000940   0x08000940   0x0000007c   Code   RO         1228    .text               c_w.l(strcmpv7em.o)
    0x080009bc   0x080009bc   0x00000006   Code   RO         1230    .text               c_w.l(heapauxi.o)
    0x080009c2   0x080009c2   0x00000002   PAD
    0x080009c4   0x080009c4   0x00000008   Code   RO         1242    .text               c_w.l(rt_locale_intlibspace.o)
    0x080009cc   0x080009cc   0x00000008   Code   RO         1247    .text               c_w.l(rt_errno_addr_intlibspace.o)
    0x080009d4   0x080009d4   0x0000004e   Code   RO         1249    .text               c_w.l(_printf_pad.o)
    0x08000a22   0x08000a22   0x00000024   Code   RO         1251    .text               c_w.l(_printf_truncate.o)
    0x08000a46   0x08000a46   0x00000052   Code   RO         1253    .text               c_w.l(_printf_str.o)
    0x08000a98   0x08000a98   0x000000b2   Code   RO         1255    .text               c_w.l(_printf_intcommon.o)
    0x08000b4a   0x08000b4a   0x00000028   Code   RO         1257    .text               c_w.l(_printf_charcount.o)
    0x08000b72   0x08000b72   0x00000002   PAD
    0x08000b74   0x08000b74   0x00000030   Code   RO         1259    .text               c_w.l(_printf_char_common.o)
    0x08000ba4   0x08000ba4   0x00000010   Code   RO         1261    .text               c_w.l(_snputc.o)
    0x08000bb4   0x08000bb4   0x000000c2   Code   RO         1263    .text               c_w.l(_printf_wctomb.o)
    0x08000c76   0x08000c76   0x00000002   PAD
    0x08000c78   0x08000c78   0x0000007c   Code   RO         1266    .text               c_w.l(_printf_longlong_dec.o)
    0x08000cf4   0x08000cf4   0x00000070   Code   RO         1272    .text               c_w.l(_printf_oct_int_ll.o)
    0x08000d64   0x08000d64   0x00000094   Code   RO         1292    .text               c_w.l(_printf_hex_int_ll_ptr.o)
    0x08000df8   0x08000df8   0x000000a4   Code   RO         1317    .text               c_w.l(_strtoul.o)
    0x08000e9c   0x08000e9c   0x00000064   Code   RO         1322    .text               c_w.l(rt_memcpy_w.o)
    0x08000f00   0x08000f00   0x00000044   Code   RO         1324    .text               c_w.l(rt_memclr.o)
    0x08000f44   0x08000f44   0x00000008   Code   RO         1334    .text               c_w.l(libspace.o)
    0x08000f4c   0x08000f4c   0x0000008a   Code   RO         1354    .text               c_w.l(lludiv10.o)
    0x08000fd6   0x08000fd6   0x00000422   Code   RO         1356    .text               c_w.l(_printf_fp_dec.o)
    0x080013f8   0x080013f8   0x00000302   Code   RO         1360    .text               c_w.l(_printf_fp_hex.o)
    0x080016fa   0x080016fa   0x0000002c   Code   RO         1365    .text               c_w.l(_printf_char.o)
    0x08001726   0x08001726   0x0000002c   Code   RO         1367    .text               c_w.l(_printf_wchar.o)
    0x08001752   0x08001752   0x0000001c   Code   RO         1369    .text               c_w.l(_chval.o)
    0x0800176e   0x0800176e   0x00000048   Code   RO         1371    .text               c_w.l(_c16rtomb.o)
    0x080017b6   0x080017b6   0x0000004a   Code   RO         1420    .text               c_w.l(sys_stackheap_outer.o)
    0x08001800   0x08001800   0x00000080   Code   RO         1422    .text               c_w.l(_printf_fp_infnan.o)
    0x08001880   0x08001880   0x000000e4   Code   RO         1424    .text               c_w.l(bigflt0.o)
    0x08001964   0x08001964   0x00000012   Code   RO         1454    .text               c_w.l(exit.o)
    0x08001976   0x08001976   0x00000002   PAD
    0x08001978   0x08001978   0x0000000c   Code   RO         1491    .text               c_w.l(sys_exit.o)
    0x08001984   0x08001984   0x00000002   Code   RO         1520    .text               c_w.l(use_no_semi.o)
    0x08001986   0x08001986   0x00000000   Code   RO         1522    .text               c_w.l(indicate_semi.o)
    0x08001986   0x08001986   0x00000002   PAD
    0x08001988   0x08001988   0x0000070a   Code   RO           79    .text.BleUart_FinalizeLine  main.o
    0x08002092   0x08002092   0x00000002   PAD
    0x08002094   0x08002094   0x00000118   Code   RO           95    .text.BleUart_ParseColorArgument  main.o
    0x080021ac   0x080021ac   0x000000e0   Code   RO           99    .text.BleUart_ParseUnsignedArgument  main.o
    0x0800228c   0x0800228c   0x000000b8   Code   RO           71    .text.BleUart_QueueFormatted  main.o
    0x08002344   0x08002344   0x00000002   Code   RO          137    .text.BusFault_Handler  stm32l4xx_it.o
    0x08002346   0x08002346   0x00000002   PAD
    0x08002348   0x08002348   0x0000000c   Code   RO          151    .text.DMA1_Channel4_IRQHandler  stm32l4xx_it.o
    0x08002354   0x08002354   0x0000000c   Code   RO          153    .text.DMA1_Channel5_IRQHandler  stm32l4xx_it.o
    0x08002360   0x08002360   0x0000000c   Code   RO          155    .text.DMA1_Channel6_IRQHandler  stm32l4xx_it.o
    0x0800236c   0x0800236c   0x00000002   Code   RO          143    .text.DebugMon_Handler  stm32l4xx_it.o
    0x0800236e   0x0800236e   0x00000002   PAD
    0x08002370   0x08002370   0x00000006   Code   RO          149    .text.EXTI3_IRQHandler  stm32l4xx_it.o
    0x08002376   0x08002376   0x00000002   PAD
    0x08002378   0x08002378   0x0000000a   Code   RO           83    .text.Error_Handler  main.o
    0x08002382   0x08002382   0x00000002   PAD
    0x08002384   0x08002384   0x00000054   Code   RO          779    .text.HAL_DMA_Abort  stm32l4xx_hal_dma.o
    0x080023d8   0x080023d8   0x00000054   Code   RO          781    .text.HAL_DMA_Abort_IT  stm32l4xx_hal_dma.o
    0x0800242c   0x0800242c   0x000000c0   Code   RO          785    .text.HAL_DMA_IRQHandler  stm32l4xx_hal_dma.o
    0x080024ec   0x080024ec   0x000000d4   Code   RO          771    .text.HAL_DMA_Init  stm32l4xx_hal_dma.o
    0x080025c0   0x080025c0   0x000000ac   Code   RO          777    .text.HAL_DMA_Start_IT  stm32l4xx_hal_dma.o
    0x0800266c   0x0800266c   0x00000028   Code   RO          535    .text.HAL_Delay     stm32l4xx_hal.o
    0x08002694   0x08002694   0x0000003e   Code   RO           73    .text.HAL_GPIO_EXTI_Callback  main.o
    0x080026d2   0x080026d2   0x00000002   PAD
    0x080026d4   0x080026d4   0x00000016   Code   RO          757    .text.HAL_GPIO_EXTI_IRQHandler  stm32l4xx_hal_gpio.o
    0x080026ea   0x080026ea   0x00000002   PAD
    0x080026ec   0x080026ec   0x000001b8   Code   RO          745    .text.HAL_GPIO_Init  stm32l4xx_hal_gpio.o
    0x080028a4   0x080028a4   0x0000000a   Code   RO          749    .text.HAL_GPIO_ReadPin  stm32l4xx_hal_gpio.o
    0x080028ae   0x080028ae   0x00000002   PAD
    0x080028b0   0x080028b0   0x0000000c   Code   RO          751    .text.HAL_GPIO_WritePin  stm32l4xx_hal_gpio.o
    0x080028bc   0x080028bc   0x0000000c   Code   RO          527    .text.HAL_GetTick   stm32l4xx_hal.o
    0x080028c8   0x080028c8   0x0000001a   Code   RO          525    .text.HAL_IncTick   stm32l4xx_hal.o
    0x080028e2   0x080028e2   0x00000002   PAD
    0x080028e4   0x080028e4   0x0000001e   Code   RO          515    .text.HAL_Init      stm32l4xx_hal.o
    0x08002902   0x08002902   0x00000002   PAD
    0x08002904   0x08002904   0x00000050   Code   RO          517    .text.HAL_InitTick  stm32l4xx_hal.o
    0x08002954   0x08002954   0x00000032   Code   RO          170    .text.HAL_MspInit   stm32l4xx_hal_msp.o
    0x08002986   0x08002986   0x00000002   PAD
    0x08002988   0x08002988   0x00000022   Code   RO          924    .text.HAL_NVIC_EnableIRQ  stm32l4xx_hal_cortex.o
    0x080029aa   0x080029aa   0x00000002   PAD
    0x080029ac   0x080029ac   0x00000056   Code   RO          922    .text.HAL_NVIC_SetPriority  stm32l4xx_hal_cortex.o
    0x08002a02   0x08002a02   0x00000002   PAD
    0x08002a04   0x08002a04   0x00000020   Code   RO          920    .text.HAL_NVIC_SetPriorityGrouping  stm32l4xx_hal_cortex.o
    0x08002a24   0x08002a24   0x0000008c   Code   RO          846    .text.HAL_PWREx_ControlVoltageScaling  stm32l4xx_hal_pwr_ex.o
    0x08002ab0   0x08002ab0   0x00000010   Code   RO          844    .text.HAL_PWREx_GetVoltageRange  stm32l4xx_hal_pwr_ex.o
    0x08002ac0   0x08002ac0   0x00000284   Code   RO          621    .text.HAL_RCCEx_PeriphCLKConfig  stm32l4xx_hal_rcc_ex.o
    0x08002d44   0x08002d44   0x0000023e   Code   RO          591    .text.HAL_RCC_ClockConfig  stm32l4xx_hal_rcc.o
    0x08002f82   0x08002f82   0x00000002   PAD
    0x08002f84   0x08002f84   0x0000002a   Code   RO          597    .text.HAL_RCC_GetPCLK1Freq  stm32l4xx_hal_rcc.o
    0x08002fae   0x08002fae   0x00000002   PAD
    0x08002fb0   0x08002fb0   0x0000002a   Code   RO          599    .text.HAL_RCC_GetPCLK2Freq  stm32l4xx_hal_rcc.o
    0x08002fda   0x08002fda   0x00000002   PAD
    0x08002fdc   0x08002fdc   0x000000c6   Code   RO          589    .text.HAL_RCC_GetSysClockFreq  stm32l4xx_hal_rcc.o
    0x080030a2   0x080030a2   0x00000002   PAD
    0x080030a4   0x080030a4   0x000007f4   Code   RO          587    .text.HAL_RCC_OscConfig  stm32l4xx_hal_rcc.o
    0x08003898   0x08003898   0x0000002c   Code   RO          932    .text.HAL_SYSTICK_Config  stm32l4xx_hal_cortex.o
    0x080038c4   0x080038c4   0x00000002   Code   RO          501    .text.HAL_TIMEx_Break2Callback  stm32l4xx_hal_tim_ex.o
    0x080038c6   0x080038c6   0x00000002   PAD
    0x080038c8   0x080038c8   0x00000002   Code   RO          499    .text.HAL_TIMEx_BreakCallback  stm32l4xx_hal_tim_ex.o
    0x080038ca   0x080038ca   0x00000002   PAD
    0x080038cc   0x080038cc   0x00000002   Code   RO          495    .text.HAL_TIMEx_CommutCallback  stm32l4xx_hal_tim_ex.o
    0x080038ce   0x080038ce   0x00000002   PAD
    0x080038d0   0x080038d0   0x00000098   Code   RO          487    .text.HAL_TIMEx_ConfigBreakDeadTime  stm32l4xx_hal_tim_ex.o
    0x08003968   0x08003968   0x0000006c   Code   RO          485    .text.HAL_TIMEx_MasterConfigSynchronization  stm32l4xx_hal_tim_ex.o
    0x080039d4   0x080039d4   0x000000ea   Code   RO          190    .text.HAL_TIM_Base_Init  stm32l4xx_hal_tim.o
    0x08003abe   0x08003abe   0x00000002   PAD
    0x08003ac0   0x08003ac0   0x000000e6   Code   RO          172    .text.HAL_TIM_Base_MspInit  stm32l4xx_hal_msp.o
    0x08003ba6   0x08003ba6   0x00000002   PAD
    0x08003ba8   0x08003ba8   0x00000060   Code   RO          204    .text.HAL_TIM_Base_Start_IT  stm32l4xx_hal_tim.o
    0x08003c08   0x08003c08   0x00000040   Code   RO          206    .text.HAL_TIM_Base_Stop_IT  stm32l4xx_hal_tim.o
    0x08003c48   0x08003c48   0x0000021c   Code   RO          370    .text.HAL_TIM_ConfigClockSource  stm32l4xx_hal_tim.o
    0x08003e64   0x08003e64   0x00000052   Code   RO           54    .text.HAL_TIM_IC_CaptureCallback  ir_transceiver.o
    0x08003eb6   0x08003eb6   0x00000002   PAD
    0x08003eb8   0x08003eb8   0x000001c0   Code   RO          340    .text.HAL_TIM_IC_ConfigChannel  stm32l4xx_hal_tim.o
    0x08004078   0x08004078   0x000000ea   Code   RO          264    .text.HAL_TIM_IC_Init  stm32l4xx_hal_tim.o
    0x08004162   0x08004162   0x00000002   PAD
    0x08004164   0x08004164   0x00000002   Code   RO          266    .text.HAL_TIM_IC_MspInit  stm32l4xx_hal_tim.o
    0x08004166   0x08004166   0x00000002   PAD
    0x08004168   0x08004168   0x00000154   Code   RO          276    .text.HAL_TIM_IC_Start_IT  stm32l4xx_hal_tim.o
    0x080042bc   0x080042bc   0x000000dc   Code   RO          278    .text.HAL_TIM_IC_Stop_IT  stm32l4xx_hal_tim.o
    0x08004398   0x08004398   0x0000016c   Code   RO          324    .text.HAL_TIM_IRQHandler  stm32l4xx_hal_tim.o
    0x08004504   0x08004504   0x0000005c   Code   RO          174    .text.HAL_TIM_MspPostInit  stm32l4xx_hal_msp.o
    0x08004560   0x08004560   0x00000002   Code   RO          328    .text.HAL_TIM_OC_DelayElapsedCallback  stm32l4xx_hal_tim.o
    0x08004562   0x08004562   0x00000002   PAD
    0x08004564   0x08004564   0x000003b4   Code   RO          344    .text.HAL_TIM_PWM_ConfigChannel  stm32l4xx_hal_tim.o
    0x08004918   0x08004918   0x000000ea   Code   RO          244    .text.HAL_TIM_PWM_Init  stm32l4xx_hal_tim.o
    0x08004a02   0x08004a02   0x00000002   PAD
    0x08004a04   0x08004a04   0x00000002   Code   RO          246    .text.HAL_TIM_PWM_MspInit  stm32l4xx_hal_tim.o
    0x08004a06   0x08004a06   0x00000002   PAD
    0x08004a08   0x08004a08   0x00000002   Code   RO          330    .text.HAL_TIM_PWM_PulseFinishedCallback  stm32l4xx_hal_tim.o
    0x08004a0a   0x08004a0a   0x00000002   PAD
    0x08004a0c   0x08004a0c   0x00000106   Code   RO          252    .text.HAL_TIM_PWM_Start  stm32l4xx_hal_tim.o
    0x08004b12   0x08004b12   0x00000002   PAD
    0x08004b14   0x08004b14   0x00000050   Code   RO           52    .text.HAL_TIM_PeriodElapsedCallback  ir_transceiver.o
    0x08004b64   0x08004b64   0x00000016   Code   RO          380    .text.HAL_TIM_ReadCapturedValue  stm32l4xx_hal_tim.o
    0x08004b7a   0x08004b7a   0x00000002   PAD
    0x08004b7c   0x08004b7c   0x00000058   Code   RO          374    .text.HAL_TIM_SlaveConfigSynchro  stm32l4xx_hal_tim.o
    0x08004bd4   0x08004bd4   0x00000002   Code   RO          334    .text.HAL_TIM_TriggerCallback  stm32l4xx_hal_tim.o
    0x08004bd6   0x08004bd6   0x00000002   PAD
    0x08004bd8   0x08004bd8   0x00000002   Code   RO         1082    .text.HAL_UARTEx_RxEventCallback  stm32l4xx_hal_uart.o
    0x08004bda   0x08004bda   0x00000002   PAD
    0x08004bdc   0x08004bdc   0x00000002   Code   RO         1133    .text.HAL_UARTEx_WakeupCallback  stm32l4xx_hal_uart_ex.o
    0x08004bde   0x08004bde   0x00000002   PAD
    0x08004be0   0x08004be0   0x00000030   Code   RO           89    .text.HAL_UART_ErrorCallback  main.o
    0x08004c10   0x08004c10   0x000005fc   Code   RO         1076    .text.HAL_UART_IRQHandler  stm32l4xx_hal_uart.o
    0x0800520c   0x0800520c   0x00000060   Code   RO          996    .text.HAL_UART_Init  stm32l4xx_hal_uart.o
    0x0800526c   0x0800526c   0x000001ca   Code   RO          178    .text.HAL_UART_MspInit  stm32l4xx_hal_msp.o
    0x08005436   0x08005436   0x00000002   PAD
    0x08005438   0x08005438   0x000001f0   Code   RO         1040    .text.HAL_UART_Receive_DMA  stm32l4xx_hal_uart.o
    0x08005628   0x08005628   0x00000002   Code   RO         1088    .text.HAL_UART_RxCpltCallback  stm32l4xx_hal_uart.o
    0x0800562a   0x0800562a   0x00000002   PAD
    0x0800562c   0x0800562c   0x00000002   Code   RO         1090    .text.HAL_UART_RxHalfCpltCallback  stm32l4xx_hal_uart.o
    0x0800562e   0x0800562e   0x00000002   PAD
    0x08005630   0x08005630   0x000000e4   Code   RO         1032    .text.HAL_UART_Transmit_DMA  stm32l4xx_hal_uart.o
    0x08005714   0x08005714   0x00000040   Code   RO           85    .text.HAL_UART_TxCpltCallback  main.o
    0x08005754   0x08005754   0x00000002   Code   RO         1086    .text.HAL_UART_TxHalfCpltCallback  stm32l4xx_hal_uart.o
    0x08005756   0x08005756   0x00000002   PAD
    0x08005758   0x08005758   0x00000002   Code   RO          133    .text.HardFault_Handler  stm32l4xx_it.o
    0x0800575a   0x0800575a   0x00000002   PAD
    0x0800575c   0x0800575c   0x0000000c   Code   RO           44    .text.IR_GetState   ir_transceiver.o
    0x08005768   0x08005768   0x0000005e   Code   RO           46    .text.IR_StartTransmit  ir_transceiver.o
    0x080057c6   0x080057c6   0x00000002   PAD
    0x080057c8   0x080057c8   0x0000005a   Code   RO           42    .text.IR_Transceiver_Init  ir_transceiver.o
    0x08005822   0x08005822   0x00000002   PAD
    0x08005824   0x08005824   0x00000040   Code   RO           50    .text.IR_Transceiver_Process  ir_transceiver.o
    0x08005864   0x08005864   0x00000002   Code   RO          135    .text.MemManage_Handler  stm32l4xx_it.o
    0x08005866   0x08005866   0x00000002   PAD
    0x08005868   0x08005868   0x00000002   Code   RO          131    .text.NMI_Handler   stm32l4xx_it.o
    0x0800586a   0x0800586a   0x00000002   PAD
    0x0800586c   0x0800586c   0x00000002   Code   RO          145    .text.PendSV_Handler  stm32l4xx_it.o
    0x0800586e   0x0800586e   0x00000002   PAD
    0x08005870   0x08005870   0x00000052   Code   RO           81    .text.Player_RegisterHit  main.o
    0x080058c2   0x080058c2   0x00000002   PAD
    0x080058c4   0x080058c4   0x0000005c   Code   RO           93    .text.Player_SetName  main.o
    0x08005920   0x08005920   0x0000004e   Code   RO          101    .text.Player_SetRc5Address  main.o
    0x0800596e   0x0800596e   0x00000002   PAD
    0x08005970   0x08005970   0x0000004e   Code   RO           97    .text.Player_SetTeamColor  main.o
    0x080059be   0x080059be   0x00000002   PAD
    0x080059c0   0x080059c0   0x00000120   Code   RO           13    .text.RC5_DataSampling  rc5_decode.o
    0x08005ae0   0x08005ae0   0x0000004e   Code   RO           15    .text.RC5_Decode    rc5_decode.o
    0x08005b2e   0x08005b2e   0x00000002   PAD
    0x08005b30   0x08005b30   0x0000000c   Code   RO           31    .text.RC5_Encode_IsBusy  rc5_encode.o
    0x08005b3c   0x08005b3c   0x00000128   Code   RO           27    .text.RC5_Encode_SendFrame  rc5_encode.o
    0x08005c64   0x08005c64   0x00000056   Code   RO           29    .text.RC5_Encode_SignalGenerate  rc5_encode.o
    0x08005cba   0x08005cba   0x00000002   PAD
    0x08005cbc   0x08005cbc   0x00000018   Code   RO           11    .text.RC5_ResetPacket  rc5_decode.o
    0x08005cd4   0x08005cd4   0x00000148   Code   RO          623    .text.RCCEx_PLLSAI1_Config  stm32l4xx_hal_rcc_ex.o
    0x08005e1c   0x08005e1c   0x00000002   Code   RO          141    .text.SVC_Handler   stm32l4xx_it.o
    0x08005e1e   0x08005e1e   0x00000002   PAD
    0x08005e20   0x08005e20   0x00000004   Code   RO          147    .text.SysTick_Handler  stm32l4xx_it.o
    0x08005e24   0x08005e24   0x00000012   Code   RO         1163    .text.SystemInit    system_stm32l4xx.o
    0x08005e36   0x08005e36   0x00000002   PAD
    0x08005e38   0x08005e38   0x0000000c   Code   RO          157    .text.TIM1_BRK_TIM15_IRQHandler  stm32l4xx_it.o
    0x08005e44   0x08005e44   0x0000000c   Code   RO          159    .text.TIM2_IRQHandler  stm32l4xx_it.o
    0x08005e50   0x08005e50   0x0000014e   Code   RO          376    .text.TIM_SlaveTimer_SetConfig  stm32l4xx_hal_tim.o
    0x08005f9e   0x08005f9e   0x00000002   PAD
    0x08005fa0   0x08005fa0   0x000000e6   Code   RO         1000    .text.UART_AdvFeatureConfig  stm32l4xx_hal_uart.o
    0x08006086   0x08006086   0x00000002   PAD
    0x08006088   0x08006088   0x00000168   Code   RO         1004    .text.UART_CheckIdleState  stm32l4xx_hal_uart.o
    0x080061f0   0x080061f0   0x00000006   Code   RO         1078    .text.UART_DMAAbortOnError  stm32l4xx_hal_uart.o
    0x080061f6   0x080061f6   0x00000002   PAD
    0x080061f8   0x080061f8   0x00000172   Code   RO         1038    .text.UART_DMAError  stm32l4xx_hal_uart.o
    0x0800636a   0x0800636a   0x00000002   PAD
    0x0800636c   0x0800636c   0x00000178   Code   RO         1118    .text.UART_DMAReceiveCplt  stm32l4xx_hal_uart.o
    0x080064e4   0x080064e4   0x00000036   Code   RO         1120    .text.UART_DMARxHalfCplt  stm32l4xx_hal_uart.o
    0x0800651a   0x0800651a   0x00000002   PAD
    0x0800651c   0x0800651c   0x000000ac   Code   RO         1034    .text.UART_DMATransmitCplt  stm32l4xx_hal_uart.o
    0x080065c8   0x080065c8   0x00000006   Code   RO         1036    .text.UART_DMATxHalfCplt  stm32l4xx_hal_uart.o
    0x080065ce   0x080065ce   0x00000002   PAD
    0x080065d0   0x080065d0   0x00000200   Code   RO         1002    .text.UART_SetConfig  stm32l4xx_hal_uart.o
    0x080067d0   0x080067d0   0x00000340   Code   RO         1018    .text.UART_WaitOnFlagUntilTimeout  stm32l4xx_hal_uart.o
    0x08006b10   0x08006b10   0x0000000c   Code   RO          161    .text.USART1_IRQHandler  stm32l4xx_it.o
    0x08006b1c   0x08006b1c   0x00000002   Code   RO          139    .text.UsageFault_Handler  stm32l4xx_it.o
    0x08006b1e   0x08006b1e   0x00000002   PAD
    0x08006b20   0x08006b20   0x000001dc   Code   RO           67    .text.Usart2_QueueFormatted  main.o
    0x08006cfc   0x08006cfc   0x000000ce   Code   RO           87    .text.Usart2_TxComplete  main.o
    0x08006dca   0x08006dca   0x00000002   PAD
    0x08006dcc   0x08006dcc   0x00000768   Code   RO           75    .text.main          main.o
    0x08007534   0x08007534   0x00000022   Code   RO           65    .text.send_debug    main.o
    0x08007556   0x08007556   0x00000002   PAD
    0x08007558   0x08007558   0x00000046   Code   RO           69    .text.send_hud      main.o
    0x0800759e   0x0800759e   0x0000003e   Code   RO         1427    CL$$btod_d2e        c_w.l(btod.o)
    0x080075dc   0x080075dc   0x00000046   Code   RO         1429    CL$$btod_d2e_denorm_low  c_w.l(btod.o)
    0x08007622   0x08007622   0x00000060   Code   RO         1428    CL$$btod_d2e_norm_op1  c_w.l(btod.o)
    0x08007682   0x08007682   0x00000002   PAD
    0x08007684   0x08007684   0x00000338   Code   RO         1437    CL$$btod_div_common  c_w.l(btod.o)
    0x080079bc   0x080079bc   0x000000dc   Code   RO         1434    CL$$btod_e2e        c_w.l(btod.o)
    0x08007a98   0x08007a98   0x0000002a   Code   RO         1431    CL$$btod_ediv       c_w.l(btod.o)
    0x08007ac2   0x08007ac2   0x0000002a   Code   RO         1430    CL$$btod_emul       c_w.l(btod.o)
    0x08007aec   0x08007aec   0x00000244   Code   RO         1436    CL$$btod_mult_common  c_w.l(btod.o)
    0x08007d30   0x08007d30   0x00000030   Code   RO         1473    i.__ARM_fpclassify  m_wm.l(fpclassify.o)
    0x08007d60   0x08007d60   0x0000000e   Code   RO         1204    i._is_digit         c_w.l(__printf_wp.o)
    0x08007d6e   0x08007d6e   0x00000002   PAD
    0x08007d70   0x08007d70   0x0000002c   Code   RO         1320    locale$$code        c_w.l(lc_ctype_c.o)
    0x08007d9c   0x08007d9c   0x0000002c   Code   RO         1452    locale$$code        c_w.l(lc_numeric_c.o)
    0x08007dc8   0x08007dc8   0x0000001a   Code   RO         1468    x$fpl$fpinit        fz_wm.l(fpinit.o)
    0x08007de2   0x08007de2   0x00000004   Code   RO         1326    x$fpl$printf1       fz_wm.l(printf1.o)
    0x08007de6   0x08007de6   0x00000004   Code   RO         1328    x$fpl$printf2       fz_wm.l(printf2.o)
    0x08007dea   0x08007dea   0x00000000   Code   RO         1472    x$fpl$usenofp       fz_wm.l(usenofp.o)
    0x08007dea   0x08007dea   0x00000011   Data   RO         1212    .constdata          c_w.l(__printf_flags_ss_wp.o)
    0x08007dfb   0x08007dfb   0x00000001   PAD
    0x08007dfc   0x08007dfc   0x00000008   Data   RO         1264    .constdata          c_w.l(_printf_wctomb.o)
    0x08007e04   0x08007e04   0x00000028   Data   RO         1293    .constdata          c_w.l(_printf_hex_int_ll_ptr.o)
    0x08007e2c   0x08007e2c   0x00000026   Data   RO         1361    .constdata          c_w.l(_printf_fp_hex.o)
    0x08007e52   0x08007e52   0x00000002   PAD
    0x08007e54   0x08007e54   0x00000094   Data   RO         1425    .constdata          c_w.l(bigflt0.o)
    0x08007ee8   0x08007ee8   0x00000010   Data   RO         1168    .rodata.AHBPrescTable  system_stm32l4xx.o
    0x08007ef8   0x08007ef8   0x00000008   Data   RO         1169    .rodata.APBPrescTable  system_stm32l4xx.o
    0x08007f00   0x08007f00   0x00000030   Data   RO         1170    .rodata.MSIRangeTable  system_stm32l4xx.o
    0x08007f30   0x08007f30   0x00000030   Data   RO          410    .rodata.cst16       stm32l4xx_hal_tim.o
    0x08007f60   0x08007f60   0x00000010   Data   RO         1122    .rodata.cst16       stm32l4xx_hal_uart.o
    0x08007f70   0x08007f70   0x00000153   Data   RO          104    .rodata.str1.1      main.o
    0x080080c3   0x080080c3   0x00000001   PAD
    0x080080c4   0x080080c4   0x0000000d   Data   RO          120    .rodata.str1.4      main.o
    0x080080d1   0x080080d1   0x00000003   PAD
    0x080080d4   0x080080d4   0x00000020   Data   RO         1561    Region$$Table       anon$$obj.o
    0x080080f4   0x080080f4   0x00000110   Data   RO         1319    locale$$data        c_w.l(lc_ctype_c.o)
    0x08008204   0x08008204   0x0000001c   Data   RO         1451    locale$$data        c_w.l(lc_numeric_c.o)


    Execution Region RW_IRAM2 (Exec base: 0x10000000, Load base: 0x08008248, Size: 0x00000000, Max: 0x00004000, ABSOLUTE)

    **** No section assigned to this execution region ****


    Execution Region RW_IRAM1 (Exec base: 0x20000000, Load base: 0x08008220, Size: 0x00001608, Max: 0x0000c000, ABSOLUTE)

    Exec Addr    Load Addr    Size         Type   Attr      Idx    E Section Name        Object

    0x20000000   0x08008220   0x00000008   Data   RW          576    .data..L_MergedGlobals  stm32l4xx_hal.o
    0x20000008   0x08008228   0x00000004   Data   RW         1167    .data.SystemCoreClock  system_stm32l4xx.o
    0x2000000c   0x0800822c   0x0000001c   Data   RW          106    .data.player_state  main.o
    0x20000028        -       0x00000060   Zero   RW         1335    .bss                c_w.l(libspace.o)
    0x20000088        -       0x00000008   Zero   RW           18    .bss..L_MergedGlobals  rc5_decode.o
    0x20000090        -       0x0000001e   Zero   RW           33    .bss..L_MergedGlobals  rc5_encode.o
    0x200000ae   0x08008248   0x00000002   PAD
    0x200000b0        -       0x00000010   Zero   RW           56    .bss..L_MergedGlobals  ir_transceiver.o
    0x200000c0        -       0x0000005c   Zero   RW          122    .bss..L_MergedGlobals  main.o
    0x2000011c        -       0x00000004   Zero   RW           17    .bss.RC5_FRAME      rc5_decode.o
    0x20000120        -       0x00000080   Zero   RW          119    .bss.ble_cmd_line   main.o
    0x200001a0        -       0x00000808   Zero   RW          118    .bss.ble_tx_queue   main.o
    0x200009a8        -       0x00000048   Zero   RW          113    .bss.hdma_usart1_rx  main.o
    0x200009f0        -       0x00000048   Zero   RW          114    .bss.hdma_usart1_tx  main.o
    0x20000a38        -       0x00000048   Zero   RW          115    .bss.hdma_usart2_tx  main.o
    0x20000a80        -       0x0000004c   Zero   RW          110    .bss.htim15         main.o
    0x20000acc        -       0x0000004c   Zero   RW          111    .bss.htim16         main.o
    0x20000b18        -       0x0000004c   Zero   RW          109    .bss.htim2          main.o
    0x20000b64        -       0x00000088   Zero   RW          105    .bss.huart1         main.o
    0x20000bec        -       0x00000088   Zero   RW          112    .bss.huart2         main.o
    0x20000c74        -       0x00000080   Zero   RW          103    .bss.player_hits    main.o
    0x20000cf4        -       0x00000208   Zero   RW          117    .bss.usart2_debug_queue  main.o
    0x20000efc        -       0x00000104   Zero   RW          116    .bss.usart2_hud_queue  main.o
    0x20001000        -       0x00000004   Zero   RW          575    .bss.uwTick         stm32l4xx_hal.o
    0x20001004   0x08008248   0x00000004   PAD
    0x20001008        -       0x00000200   Zero   RW            2    HEAP                startup_stm32l432xx.o
    0x20001208        -       0x00000400   Zero   RW            1    STACK               startup_stm32l432xx.o


==============================================================================

Image component sizes


      Code (inc. data)   RO Data    RW Data    ZI Data      Debug   Object Name

       422          0          0          0         16       5627   ir_transceiver.o
      5686        336        352         28       3900      29338   main.o
       390          8          0          0         12       2988   rc5_decode.o
       394          0          0          0         30       5432   rc5_encode.o
        64         26        396          0       1536        944   startup_stm32l432xx.o
       188          0          0          8          4       7738   stm32l4xx_hal.o
       196          0          0          0          0      10340   stm32l4xx_hal_cortex.o
       744          0          0          0          0       7651   stm32l4xx_hal_dma.o
       484          0          0          0          0       5422   stm32l4xx_hal_gpio.o
       830          0          0          0          0      10854   stm32l4xx_hal_msp.o
       156          0          0          0          0       8741   stm32l4xx_hal_pwr_ex.o
      2892          0          0          0          0      11923   stm32l4xx_hal_rcc.o
       972          0          0          0          0      13704   stm32l4xx_hal_rcc_ex.o
      4438         44         48          0          0      63339   stm32l4xx_hal_tim.o
       266          0          0          0          0      22910   stm32l4xx_hal_tim_ex.o
      5278         48         16          0          0      36128   stm32l4xx_hal_uart.o
         2          0          0          0          0       8900   stm32l4xx_hal_uart_ex.o
        98          0          0          0          0       6741   stm32l4xx_it.o
        18          0         72          4          0       3054   system_stm32l4xx.o

    ----------------------------------------------------------------------
     23638        462        920         40       5504     261774   Object Totals
         0          0         32          0          0          0   (incl. Generated)
       120          0          4          0          6          0   (incl. Padding)

    ----------------------------------------------------------------------

      Code (inc. data)   RO Data    RW Data    ZI Data      Debug   Library Member Name

        64          6          0          0          0         84   __2snprintf.o
         8          0          0          0          0         68   __main.o
       398          4         17          0          0         92   __printf_flags_ss_wp.o
        14          0          0          0          0         68   __printf_wp.o
         0          0          0          0          0          0   __rtentry.o
        12          0          0          0          0          0   __rtentry2.o
         6          0          0          0          0          0   __rtentry4.o
        94          8          0          0          0          0   __scatter.o
        26          0          0          0          0          0   __scatter_copy.o
        28          0          0          0          0          0   __scatter_zi.o
        72          0          0          0          0         96   _c16rtomb.o
        28          0          0          0          0         68   _chval.o
         6          0          0          0          0          0   _printf_a.o
         6          0          0          0          0          0   _printf_c.o
        44          0          0          0          0        108   _printf_char.o
        48          6          0          0          0         96   _printf_char_common.o
        40          0          0          0          0         68   _printf_charcount.o
         6          0          0          0          0          0   _printf_d.o
       120         16          0          0          0         92   _printf_dec.o
         6          0          0          0          0          0   _printf_e.o
         6          0          0          0          0          0   _printf_f.o
      1058          0          0          0          0        148   _printf_fp_dec.o
       770          8         38          0          0        100   _printf_fp_hex.o
       128         16          0          0          0         84   _printf_fp_infnan.o
         6          0          0          0          0          0   _printf_g.o
       148          4         40          0          0        160   _printf_hex_int_ll_ptr.o
         6          0          0          0          0          0   _printf_i.o
       178          0          0          0          0         88   _printf_intcommon.o
        10          0          0          0          0          0   _printf_l.o
         6          0          0          0          0          0   _printf_lc.o
        10          0          0          0          0          0   _printf_ll.o
         6          0          0          0          0          0   _printf_lld.o
         6          0          0          0          0          0   _printf_lli.o
         6          0          0          0          0          0   _printf_llo.o
         6          0          0          0          0          0   _printf_llu.o
         6          0          0          0          0          0   _printf_llx.o
       124         16          0          0          0         92   _printf_longlong_dec.o
         6          0          0          0          0          0   _printf_ls.o
         6          0          0          0          0          0   _printf_n.o
         6          0          0          0          0          0   _printf_o.o
       112          8          0          0          0        124   _printf_oct_int_ll.o
         6          0          0          0          0          0   _printf_p.o
        78          0          0          0          0        108   _printf_pad.o
         0          0          0          0          0          0   _printf_percent.o
         4          0          0          0          0          0   _printf_percent_end.o
         6          0          0          0          0          0   _printf_s.o
        82          0          0          0          0         80   _printf_str.o
        36          0          0          0          0         84   _printf_truncate.o
         6          0          0          0          0          0   _printf_u.o
        44          0          0          0          0        108   _printf_wchar.o
       194          6          8          0          0         92   _printf_wctomb.o
         6          0          0          0          0          0   _printf_x.o
        16          0          0          0          0         68   _snputc.o
       164          0          0          0          0         92   _strtoul.o
       228          4        148          0          0         96   bigflt0.o
      1936        128          0          0          0        668   btod.o
        18          0          0          0          0         80   exit.o
         6          0          0          0          0        152   heapauxi.o
         0          0          0          0          0          0   indicate_semi.o
        44         10        272          0          0         76   lc_ctype_c.o
        44         10         28          0          0         76   lc_numeric_c.o
         2          0          0          0          0          0   libinit.o
        34          0          0          0          0          0   libinit2.o
         2          0          0          0          0          0   libshutdown.o
         2          0          0          0          0          0   libshutdown2.o
         8          4          0          0         96         68   libspace.o
       138          0          0          0          0         80   lludiv10.o
       240          0          0          0          0        100   lludivv7m.o
        16          4          0          0          0         76   rt_ctype_table.o
         8          4          0          0          0         68   rt_errno_addr_intlibspace.o
         8          4          0          0          0         68   rt_locale_intlibspace.o
        68          0          0          0          0         68   rt_memclr.o
        78          0          0          0          0         80   rt_memclr_w.o
       138          0          0          0          0         68   rt_memcpy_v6.o
       100          0          0          0          0         80   rt_memcpy_w.o
         2          0          0          0          0          0   rtexit.o
        10          0          0          0          0          0   rtexit2.o
       124          0          0          0          0         88   strcmpv7em.o
        62          0          0          0          0         76   strlen.o
       150          0          0          0          0         80   strncmp.o
        86          0          0          0          0         76   strncpy.o
       120          0          0          0          0         92   strtoul.o
        12          4          0          0          0         68   sys_exit.o
        74          0          0          0          0         80   sys_stackheap_outer.o
         2          0          0          0          0         68   use_no_semi.o
        60          4          0          0          0         80   vsnprintf.o
        26          0          0          0          0        116   fpinit.o
         4          0          0          0          0        116   printf1.o
         4          0          0          0          0        116   printf2.o
         0          0          0          0          0          0   usenofp.o
        48          0          0          0          0        124   fpclassify.o

    ----------------------------------------------------------------------
      8200        274        554          0         96       5352   Library Totals
        20          0          3          0          0          0   (incl. Padding)

    ----------------------------------------------------------------------

      Code (inc. data)   RO Data    RW Data    ZI Data      Debug   Library Name

      8098        274        551          0         96       4880   c_w.l
        34          0          0          0          0        348   fz_wm.l
        48          0          0          0          0        124   m_wm.l

    ----------------------------------------------------------------------
      8200        274        554          0         96       5352   Library Totals

    ----------------------------------------------------------------------

==============================================================================


      Code (inc. data)   RO Data    RW Data    ZI Data      Debug   

     31838        736       1474         40       5600     263950   Grand Totals
     31838        736       1474         40       5600     263950   ELF Image Totals
     31838        736       1474         40          0          0   ROM Totals

==============================================================================

    Total RO  Size (Code + RO Data)                33312 (  32.53kB)
    Total RW  Size (RW Data + ZI Data)              5640 (   5.51kB)
    Total ROM Size (Code + RO Data + RW Data)      33352 (  32.57kB)

==============================================================================

