Component: Arm Compiler for Embedded 6.22 Tool: armlink [5ee90200]

==============================================================================

Section Cross References

    startup_stm32l432xx.o(STACK) refers (Special) to heapauxi.o(.text) for __use_two_region_memory
    startup_stm32l432xx.o(HEAP) refers (Special) to heapauxi.o(.text) for __use_two_region_memory
    startup_stm32l432xx.o(RESET) refers (Special) to heapauxi.o(.text) for __use_two_region_memory
    startup_stm32l432xx.o(RESET) refers to startup_stm32l432xx.o(STACK) for __initial_sp
    startup_stm32l432xx.o(RESET) refers to startup_stm32l432xx.o(.text) for Reset_Handler
    startup_stm32l432xx.o(RESET) refers to stm32l4xx_it.o(.text.NMI_Handler) for NMI_Handler
    startup_stm32l432xx.o(RESET) refers to stm32l4xx_it.o(.text.HardFault_Handler) for HardFault_Handler
    startup_stm32l432xx.o(RESET) refers to stm32l4xx_it.o(.text.MemManage_Handler) for MemManage_Handler
    startup_stm32l432xx.o(RESET) refers to stm32l4xx_it.o(.text.BusFault_Handler) for BusFault_Handler
    startup_stm32l432xx.o(RESET) refers to stm32l4xx_it.o(.text.UsageFault_Handler) for UsageFault_Handler
    startup_stm32l432xx.o(RESET) refers to stm32l4xx_it.o(.text.SVC_Handler) for SVC_Handler
    startup_stm32l432xx.o(RESET) refers to stm32l4xx_it.o(.text.DebugMon_Handler) for DebugMon_Handler
    startup_stm32l432xx.o(RESET) refers to stm32l4xx_it.o(.text.PendSV_Handler) for PendSV_Handler
    startup_stm32l432xx.o(RESET) refers to stm32l4xx_it.o(.text.SysTick_Handler) for SysTick_Handler
    startup_stm32l432xx.o(RESET) refers to stm32l4xx_it.o(.text.TIM2_IRQHandler) for TIM2_IRQHandler
    startup_stm32l432xx.o(RESET) refers to stm32l4xx_it.o(.text.USART2_IRQHandler) for USART2_IRQHandler
    startup_stm32l432xx.o(.text) refers (Special) to heapauxi.o(.text) for __use_two_region_memory
    startup_stm32l432xx.o(.text) refers to system_stm32l4xx.o(.text.SystemInit) for SystemInit
    startup_stm32l432xx.o(.text) refers to __main.o(!!!main) for __main
    startup_stm32l432xx.o(.text) refers to startup_stm32l432xx.o(HEAP) for Heap_Mem
    startup_stm32l432xx.o(.text) refers to startup_stm32l432xx.o(STACK) for Stack_Mem
    main.o(.text) refers (Special) to _printf_percent.o(.ARM.Collect$$_printf_percent$$00000000) for _printf_percent
    main.o(.text) refers (Special) to _printf_pad.o(.text) for _printf_pre_padding
    main.o(.text) refers (Special) to _printf_x.o(.ARM.Collect$$_printf_percent$$0000000C) for _printf_x
    main.o(.text) refers (Special) to _printf_d.o(.ARM.Collect$$_printf_percent$$00000009) for _printf_d
    main.o(.text) refers (Special) to _printf_dec.o(.text) for _printf_int_dec
    main.o(.text) refers (Special) to _printf_hex_int.o(.text) for _printf_longlong_hex
    main.o(.text.main) refers (Special) to _printf_percent.o(.ARM.Collect$$_printf_percent$$00000000) for _printf_percent
    main.o(.text.main) refers (Special) to _printf_pad.o(.text) for _printf_pre_padding
    main.o(.text.main) refers (Special) to _printf_x.o(.ARM.Collect$$_printf_percent$$0000000C) for _printf_x
    main.o(.text.main) refers (Special) to _printf_d.o(.ARM.Collect$$_printf_percent$$00000009) for _printf_d
    main.o(.text.main) refers (Special) to _printf_dec.o(.text) for _printf_int_dec
    main.o(.text.main) refers (Special) to _printf_hex_int.o(.text) for _printf_longlong_hex
    main.o(.text.main) refers to stm32l4xx_hal.o(.text.HAL_Init) for HAL_Init
    main.o(.text.main) refers to rt_memclr_w.o(.text) for __aeabi_memclr4
    main.o(.text.main) refers to stm32l4xx_hal_pwr_ex.o(.text.HAL_PWREx_ControlVoltageScaling) for HAL_PWREx_ControlVoltageScaling
    main.o(.text.main) refers to stm32l4xx_hal_rcc.o(.text.HAL_RCC_OscConfig) for HAL_RCC_OscConfig
    main.o(.text.main) refers to stm32l4xx_hal_rcc.o(.text.HAL_RCC_ClockConfig) for HAL_RCC_ClockConfig
    main.o(.text.main) refers to main.o(.bss.htim2) for htim2
    main.o(.text.main) refers to stm32l4xx_hal_tim.o(.text.HAL_TIM_IC_Init) for HAL_TIM_IC_Init
    main.o(.text.main) refers to stm32l4xx_hal_tim.o(.text.HAL_TIM_SlaveConfigSynchro) for HAL_TIM_SlaveConfigSynchro
    main.o(.text.main) refers to stm32l4xx_hal_tim_ex.o(.text.HAL_TIMEx_MasterConfigSynchronization) for HAL_TIMEx_MasterConfigSynchronization
    main.o(.text.main) refers to stm32l4xx_hal_tim.o(.text.HAL_TIM_IC_ConfigChannel) for HAL_TIM_IC_ConfigChannel
    main.o(.text.main) refers to main.o(.bss.huart2) for huart2
    main.o(.text.main) refers to stm32l4xx_hal_uart.o(.text.HAL_UART_Init) for HAL_UART_Init
    main.o(.text.main) refers to stdio_streams.o(.bss) for __stdout
    main.o(.text.main) refers to setvbuf.o(.text) for setvbuf
    main.o(.text.main) refers to main.o(.bss..L_MergedGlobals) for .L_MergedGlobals
    main.o(.text.main) refers to stm32l4xx_hal_tim.o(.text.HAL_TIM_IC_Start_IT) for HAL_TIM_IC_Start_IT
    main.o(.text.main) refers to stm32l4xx_hal_tim.o(.text.HAL_TIM_Base_Start_IT) for HAL_TIM_Base_Start_IT
[...]
    stm32l4xx_hal_flash_ramfunc.c            0x00000000   Number         0  stm32l4xx_hal_flash_ramfunc.o ABSOLUTE
    stm32l4xx_hal_gpio.c                     0x00000000   Number         0  stm32l4xx_hal_gpio.o ABSOLUTE
    stm32l4xx_hal_i2c.c                      0x00000000   Number         0  stm32l4xx_hal_i2c.o ABSOLUTE
    stm32l4xx_hal_i2c_ex.c                   0x00000000   Number         0  stm32l4xx_hal_i2c_ex.o ABSOLUTE
    stm32l4xx_hal_msp.c                      0x00000000   Number         0  stm32l4xx_hal_msp.o ABSOLUTE
    stm32l4xx_hal_pwr.c                      0x00000000   Number         0  stm32l4xx_hal_pwr.o ABSOLUTE
    stm32l4xx_hal_pwr_ex.c                   0x00000000   Number         0  stm32l4xx_hal_pwr_ex.o ABSOLUTE
    stm32l4xx_hal_rcc.c                      0x00000000   Number         0  stm32l4xx_hal_rcc.o ABSOLUTE
    stm32l4xx_hal_rcc_ex.c                   0x00000000   Number         0  stm32l4xx_hal_rcc_ex.o ABSOLUTE
    stm32l4xx_hal_tim.c                      0x00000000   Number         0  stm32l4xx_hal_tim.o ABSOLUTE
    stm32l4xx_hal_tim_ex.c                   0x00000000   Number         0  stm32l4xx_hal_tim_ex.o ABSOLUTE
    stm32l4xx_hal_uart.c                     0x00000000   Number         0  stm32l4xx_hal_uart.o ABSOLUTE
    stm32l4xx_hal_uart_ex.c                  0x00000000   Number         0  stm32l4xx_hal_uart_ex.o ABSOLUTE
    stm32l4xx_it.c                           0x00000000   Number         0  stm32l4xx_it.o ABSOLUTE
    system_stm32l4xx.c                       0x00000000   Number         0  system_stm32l4xx.o ABSOLUTE
    RESET                                    0x08000000   Section      396  startup_stm32l432xx.o(RESET)
    !!!main                                  0x0800018c   Section        8  __main.o(!!!main)
    !!!scatter                               0x08000194   Section       92  __scatter.o(!!!scatter)
    !!handler_copy                           0x080001f0   Section       26  __scatter_copy.o(!!handler_copy)
    !!handler_null                           0x0800020c   Section        2  __scatter.o(!!handler_null)
    !!handler_zi                             0x08000210   Section       28  __scatter_zi.o(!!handler_zi)
    .ARM.Collect$$_printf_percent$$00000000  0x0800022c   Section        0  _printf_percent.o(.ARM.Collect$$_printf_percent$$00000000)
    .ARM.Collect$$_printf_percent$$00000009  0x0800022c   Section        6  _printf_d.o(.ARM.Collect$$_printf_percent$$00000009)
    .ARM.Collect$$_printf_percent$$0000000C  0x08000232   Section        6  _printf_x.o(.ARM.Collect$$_printf_percent$$0000000C)
    .ARM.Collect$$_printf_percent$$00000017  0x08000238   Section        4  _printf_percent_end.o(.ARM.Collect$$_printf_percent$$00000017)
    .ARM.Collect$$libinit$$00000000          0x0800023c   Section        2  libinit.o(.ARM.Collect$$libinit$$00000000)
    .ARM.Collect$$libinit$$00000001          0x0800023e   Section        4  libinit2.o(.ARM.Collect$$libinit$$00000001)
    .ARM.Collect$$libinit$$00000004          0x08000242   Section        0  libinit2.o(.ARM.Collect$$libinit$$00000004)
    .ARM.Collect$$libinit$$00000006          0x08000242   Section        0  libinit2.o(.ARM.Collect$$libinit$$00000006)
    .ARM.Collect$$libinit$$00000007          0x08000242   Section        8  libinit2.o(.ARM.Collect$$libinit$$00000007)
    .ARM.Collect$$libinit$$0000000C          0x0800024a   Section        0  libinit2.o(.ARM.Collect$$libinit$$0000000C)
    .ARM.Collect$$libinit$$0000000E          0x0800024a   Section        0  libinit2.o(.ARM.Collect$$libinit$$0000000E)
    .ARM.Collect$$libinit$$00000010          0x0800024a   Section        0  libinit2.o(.ARM.Collect$$libinit$$00000010)
    .ARM.Collect$$libinit$$00000013          0x0800024a   Section        0  libinit2.o(.ARM.Collect$$libinit$$00000013)
    .ARM.Collect$$libinit$$00000015          0x0800024a   Section        0  libinit2.o(.ARM.Collect$$libinit$$00000015)
    .ARM.Collect$$libinit$$00000017          0x0800024a   Section        0  libinit2.o(.ARM.Collect$$libinit$$00000017)
    .ARM.Collect$$libinit$$00000019          0x0800024a   Section        0  libinit2.o(.ARM.Collect$$libinit$$00000019)
    .ARM.Collect$$libinit$$0000001B          0x0800024a   Section        0  libinit2.o(.ARM.Collect$$libinit$$0000001B)
    .ARM.Collect$$libinit$$0000001D          0x0800024a   Section        0  libinit2.o(.ARM.Collect$$libinit$$0000001D)
    .ARM.Collect$$libinit$$0000001F          0x0800024a   Section        0  libinit2.o(.ARM.Collect$$libinit$$0000001F)
    .ARM.Collect$$libinit$$00000021          0x0800024a   Section        0  libinit2.o(.ARM.Collect$$libinit$$00000021)
    .ARM.Collect$$libinit$$00000023          0x0800024a   Section        0  libinit2.o(.ARM.Collect$$libinit$$00000023)
    .ARM.Collect$$libinit$$00000025          0x0800024a   Section        0  libinit2.o(.ARM.Collect$$libinit$$00000025)
    .ARM.Collect$$libinit$$00000026          0x0800024a   Section        4  libinit2.o(.ARM.Collect$$libinit$$00000026)
    .ARM.Collect$$libinit$$00000027          0x0800024e   Section        0  libinit2.o(.ARM.Collect$$libinit$$00000027)
    .ARM.Collect$$libinit$$0000002E          0x0800024e   Section        0  libinit2.o(.ARM.Collect$$libinit$$0000002E)
    .ARM.Collect$$libinit$$00000030          0x0800024e   Section        0  libinit2.o(.ARM.Collect$$libinit$$00000030)
    .ARM.Collect$$libinit$$00000032          0x0800024e   Section        0  libinit2.o(.ARM.Collect$$libinit$$00000032)
    .ARM.Collect$$libinit$$00000034          0x0800024e   Section        0  libinit2.o(.ARM.Collect$$libinit$$00000034)
    .ARM.Collect$$libinit$$00000035          0x0800024e   Section        2  libinit2.o(.ARM.Collect$$libinit$$00000035)
    .ARM.Collect$$libshutdown$$00000000      0x08000250   Section        2  libshutdown.o(.ARM.Collect$$libshutdown$$00000000)
    .ARM.Collect$$libshutdown$$00000002      0x08000252   Section        0  libshutdown2.o(.ARM.Collect$$libshutdown$$00000002)
    .ARM.Collect$$libshutdown$$00000003      0x08000252   Section        4  libshutdown2.o(.ARM.Collect$$libshutdown$$00000003)
    .ARM.Collect$$libshutdown$$00000004      0x08000256   Section        0  libshutdown2.o(.ARM.Collect$$libshutdown$$00000004)
    .ARM.Collect$$libshutdown$$00000007      0x08000256   Section        0  libshutdown2.o(.ARM.Collect$$libshutdown$$00000007)
    .ARM.Collect$$libshutdown$$0000000A      0x08000256   Section        0  libshutdown2.o(.ARM.Collect$$libshutdown$$0000000A)
    .ARM.Collect$$libshutdown$$0000000C      0x08000256   Section        0  libshutdown2.o(.ARM.Collect$$libshutdown$$0000000C)
    .ARM.Collect$$libshutdown$$0000000F      0x08000256   Section        0  libshutdown2.o(.ARM.Collect$$libshutdown$$0000000F)
    .ARM.Collect$$libshutdown$$00000010      0x08000256   Section        2  libshutdown2.o(.ARM.Collect$$libshutdown$$00000010)
    .ARM.Collect$$rtentry$$00000000          0x08000258   Section        0  __rtentry.o(.ARM.Collect$$rtentry$$00000000)
    .ARM.Collect$$rtentry$$00000002          0x08000258   Section        0  __rtentry2.o(.ARM.Collect$$rtentry$$00000002)
    .ARM.Collect$$rtentry$$00000004          0x08000258   Section        6  __rtentry4.o(.ARM.Collect$$rtentry$$00000004)
    .ARM.Collect$$rtentry$$00000009          0x0800025e   Section        0  __rtentry2.o(.ARM.Collect$$rtentry$$00000009)
    .ARM.Collect$$rtentry$$0000000A          0x0800025e   Section        4  __rtentry2.o(.ARM.Collect$$rtentry$$0000000A)
    .ARM.Collect$$rtentry$$0000000C          0x08000262   Section        0  __rtentry2.o(.ARM.Collect$$rtentry$$0000000C)
    .ARM.Collect$$rtentry$$0000000D          0x08000262   Section        8  __rtentry2.o(.ARM.Collect$$rtentry$$0000000D)
    .ARM.Collect$$rtexit$$00000000           0x0800026a   Section        2  rtexit.o(.ARM.Collect$$rtexit$$00000000)
    .ARM.Collect$$rtexit$$00000002           0x0800026c   Section        0  rtexit2.o(.ARM.Collect$$rtexit$$00000002)
    .ARM.Collect$$rtexit$$00000003           0x0800026c   Section        4  rtexit2.o(.ARM.Collect$$rtexit$$00000003)
    .ARM.Collect$$rtexit$$00000004           0x08000270   Section        6  rtexit2.o(.ARM.Collect$$rtexit$$00000004)
    $v0                                      0x08000278   Number         0  startup_stm32l432xx.o(.text)
    .text                                    0x08000278   Section       64  startup_stm32l432xx.o(.text)
    .text                                    0x080002b8   Section      240  lludivv7m.o(.text)
    .text                                    0x080003a8   Section        0  noretval__2printf.o(.text)
    .text                                    0x080003c0   Section        0  _printf_pad.o(.text)
    .text                                    0x08000410   Section        0  _printf_dec.o(.text)
    .text                                    0x08000488   Section        0  _printf_hex_int.o(.text)
    .text                                    0x080004e0   Section        0  __printf_flags_wp.o(.text)
    .text                                    0x08000620   Section        0  puts.o(.text)
    .text                                    0x0800064c   Section        0  setvbuf.o(.text)
    .text                                    0x08000692   Section       16  aeabi_memset.o(.text)
    .text                                    0x080006a2   Section       68  rt_memclr.o(.text)
    .text                                    0x080006e6   Section       78  rt_memclr_w.o(.text)
    .text                                    0x08000734   Section        0  heapauxi.o(.text)
    .text                                    0x0800073a   Section        0  _printf_intcommon.o(.text)
    .text                                    0x080007ec   Section        0  _printf_char_file.o(.text)
    .text                                    0x08000810   Section        0  initio.o(.text)
    .text                                    0x08000948   Section        0  h1_free.o(.text)
    _printf_input_char                       0x08000999   Thumb Code    10  _printf_char_common.o(.text)
    .text                                    0x08000998   Section        0  _printf_char_common.o(.text)
    .text                                    0x080009c8   Section        0  ferror.o(.text)
    .text                                    0x080009d0   Section        0  flsbuf.o(.text)
    _freopen_locked                          0x08000bb9   Thumb Code     0  fopen.o(.text)
    .text                                    0x08000bb8   Section        0  fopen.o(.text)
    .text                                    0x08000ca8   Section        0  fclose.o(.text)
    .text                                    0x08000cf4   Section        0  defsig_rtred_outer.o(.text)
    .text                                    0x08000d02   Section        0  sys_io.o(.text)
    .text                                    0x08000d68   Section       74  sys_stackheap_outer.o(.text)
    .text                                    0x08000db4   Section        8  rt_heap_descriptor_intlibspace.o(.text)
    .text                                    0x08000dbc   Section        0  hguard.o(.text)
    .text                                    0x08000dc0   Section        0  init_alloc.o(.text)
    .text                                    0x08000e4a   Section        0  h1_alloc.o(.text)
    .text                                    0x08000ea8   Section        0  fseek.o(.text)
    .text                                    0x08000fa0   Section        0  stdio.o(.text)
    .text                                    0x080010ae   Section        0  exit.o(.text)
    .text                                    0x080010c0   Section        0  defsig_exit.o(.text)
    .text                                    0x080010cc   Section        0  defsig_rtred_inner.o(.text)
    .text                                    0x08001100   Section        0  sys_exit.o(.text)
    .text                                    0x0800110c   Section        8  libspace.o(.text)
    .text                                    0x08001114   Section        2  use_no_semi.o(.text)
    .text                                    0x08001116   Section        0  indicate_semi.o(.text)
    .text                                    0x08001116   Section        0  maybetermalloc1.o(.text)
    .text                                    0x08001116   Section        0  h1_init.o(.text)
    .text                                    0x08001122   Section        0  h1_extend.o(.text)
    .text                                    0x08001156   Section        0  ftell.o(.text)
    .text                                    0x08001198   Section        0  defsig_general.o(.text)
    .text                                    0x080011ca   Section        0  defsig_rtmem_outer.o(.text)
    .text                                    0x080011d8   Section        0  strlen.o(.text)
    .text                                    0x08001216   Section        0  sys_wrch.o(.text)
    .text                                    0x08001224   Section        8  rt_errno_addr_intlibspace.o(.text)
    .text                                    0x0800122c   Section        0  defsig_rtmem_inner.o(.text)
    [Anonymous Symbol]                       0x0800127c   Section        0  stm32l4xx_it.o(.text.BusFault_Handler)
    [Anonymous Symbol]                       0x08001280   Section        0  stm32l4xx_it.o(.text.DebugMon_Handler)
    [Anonymous Symbol]                       0x08001284   Section        0  main.o(.text.Error_Handler)
    [Anonymous Symbol]                       0x08001290   Section        0  stm32l4xx_hal_dma.o(.text.HAL_DMA_Abort)
    [Anonymous Symbol]                       0x080012e4   Section        0  stm32l4xx_hal_dma.o(.text.HAL_DMA_Abort_IT)
    [Anonymous Symbol]                       0x08001338   Section        0  stm32l4xx_hal_gpio.o(.text.HAL_GPIO_Init)
    [Anonymous Symbol]                       0x080014f0   Section        0  stm32l4xx_hal.o(.text.HAL_GetTick)
    [Anonymous Symbol]                       0x080014fc   Section        0  stm32l4xx_hal.o(.text.HAL_IncTick)
    [Anonymous Symbol]                       0x08001518   Section        0  stm32l4xx_hal.o(.text.HAL_Init)
    [Anonymous Symbol]                       0x08001538   Section        0  stm32l4xx_hal.o(.text.HAL_InitTick)
    [Anonymous Symbol]                       0x08001588   Section        0  stm32l4xx_hal_msp.o(.text.HAL_MspInit)
    [Anonymous Symbol]                       0x080015bc   Section        0  stm32l4xx_hal_cortex.o(.text.HAL_NVIC_EnableIRQ)
    [Anonymous Symbol]                       0x080015e0   Section        0  stm32l4xx_hal_cortex.o(.text.HAL_NVIC_SetPriority)
    [Anonymous Symbol]                       0x08001638   Section        0  stm32l4xx_hal_cortex.o(.text.HAL_NVIC_SetPriorityGrouping)
    [Anonymous Symbol]                       0x08001658   Section        0  stm32l4xx_hal_pwr_ex.o(.text.HAL_PWREx_ControlVoltageScaling)
    [Anonymous Symbol]                       0x080016e4   Section        0  stm32l4xx_hal_pwr_ex.o(.text.HAL_PWREx_GetVoltageRange)
    [Anonymous Symbol]                       0x080016f4   Section        0  stm32l4xx_hal_rcc_ex.o(.text.HAL_RCCEx_PeriphCLKConfig)
    [Anonymous Symbol]                       0x08001978   Section        0  stm32l4xx_hal_rcc.o(.text.HAL_RCC_ClockConfig)
    [Anonymous Symbol]                       0x08001bb8   Section        0  stm32l4xx_hal_rcc.o(.text.HAL_RCC_GetPCLK1Freq)
    [Anonymous Symbol]                       0x08001be4   Section        0  stm32l4xx_hal_rcc.o(.text.HAL_RCC_GetPCLK2Freq)
    [Anonymous Symbol]                       0x08001c10   Section        0  stm32l4xx_hal_rcc.o(.text.HAL_RCC_GetSysClockFreq)
    [Anonymous Symbol]                       0x08001cd8   Section        0  stm32l4xx_hal_rcc.o(.text.HAL_RCC_OscConfig)
    [Anonymous Symbol]                       0x080024cc   Section        0  stm32l4xx_hal_cortex.o(.text.HAL_SYSTICK_Config)
    [Anonymous Symbol]                       0x080024f8   Section        0  stm32l4xx_hal_tim_ex.o(.text.HAL_TIMEx_Break2Callback)
    [Anonymous Symbol]                       0x080024fc   Section        0  stm32l4xx_hal_tim_ex.o(.text.HAL_TIMEx_BreakCallback)
    [Anonymous Symbol]                       0x08002500   Section        0  stm32l4xx_hal_tim_ex.o(.text.HAL_TIMEx_CommutCallback)
    [Anonymous Symbol]                       0x08002504   Section        0  stm32l4xx_hal_tim_ex.o(.text.HAL_TIMEx_MasterConfigSynchronization)
    [Anonymous Symbol]                       0x08002570   Section        0  stm32l4xx_hal_tim.o(.text.HAL_TIM_Base_Start_IT)
    [Anonymous Symbol]                       0x080025d0   Section        0  main.o(.text.HAL_TIM_IC_CaptureCallback)
    [Anonymous Symbol]                       0x08002a34   Section        0  stm32l4xx_hal_tim.o(.text.HAL_TIM_IC_ConfigChannel)
    [Anonymous Symbol]                       0x08002bf4   Section        0  stm32l4xx_hal_tim.o(.text.HAL_TIM_IC_Init)
    [Anonymous Symbol]                       0x08002ce0   Section        0  stm32l4xx_hal_msp.o(.text.HAL_TIM_IC_MspInit)
    [Anonymous Symbol]                       0x08002d54   Section        0  stm32l4xx_hal_tim.o(.text.HAL_TIM_IC_Start_IT)
    [Anonymous Symbol]                       0x08002ea8   Section        0  stm32l4xx_hal_tim.o(.text.HAL_TIM_IRQHandler)
    [Anonymous Symbol]                       0x08003014   Section        0  stm32l4xx_hal_tim.o(.text.HAL_TIM_OC_DelayElapsedCallback)
    [Anonymous Symbol]                       0x08003018   Section        0  stm32l4xx_hal_tim.o(.text.HAL_TIM_PWM_PulseFinishedCallback)
    [Anonymous Symbol]                       0x0800301c   Section        0  main.o(.text.HAL_TIM_PeriodElapsedCallback)
    [Anonymous Symbol]                       0x0800303c   Section        0  stm32l4xx_hal_tim.o(.text.HAL_TIM_ReadCapturedValue)
    [Anonymous Symbol]                       0x08003054   Section        0  stm32l4xx_hal_tim.o(.text.HAL_TIM_SlaveConfigSynchro)
    [Anonymous Symbol]                       0x080030ac   Section        0  stm32l4xx_hal_tim.o(.text.HAL_TIM_TriggerCallback)
    [Anonymous Symbol]                       0x080030b0   Section        0  stm32l4xx_hal_uart.o(.text.HAL_UARTEx_RxEventCallback)
    [Anonymous Symbol]                       0x080030b4   Section        0  stm32l4xx_hal_uart_ex.o(.text.HAL_UARTEx_WakeupCallback)
    [Anonymous Symbol]                       0x080030b8   Section        0  stm32l4xx_hal_uart.o(.text.HAL_UART_ErrorCallback)
    [Anonymous Symbol]                       0x080030bc   Section        0  stm32l4xx_hal_uart.o(.text.HAL_UART_IRQHandler)
    [Anonymous Symbol]                       0x080036b8   Section        0  stm32l4xx_hal_uart.o(.text.HAL_UART_Init)
    [Anonymous Symbol]                       0x08003718   Section        0  stm32l4xx_hal_msp.o(.text.HAL_UART_MspInit)
    [Anonymous Symbol]                       0x080037b8   Section        0  stm32l4xx_hal_uart.o(.text.HAL_UART_TxCpltCallback)
    [Anonymous Symbol]                       0x080037bc   Section        0  stm32l4xx_it.o(.text.HardFault_Handler)
    [Anonymous Symbol]                       0x080037c0   Section        0  stm32l4xx_it.o(.text.MemManage_Handler)
    [Anonymous Symbol]                       0x080037c4   Section        0  stm32l4xx_it.o(.text.NMI_Handler)
    [Anonymous Symbol]                       0x080037c8   Section        0  stm32l4xx_it.o(.text.PendSV_Handler)
    RCCEx_PLLSAI1_Config                     0x080037cd   Thumb Code   328  stm32l4xx_hal_rcc_ex.o(.text.RCCEx_PLLSAI1_Config)
    [Anonymous Symbol]                       0x080037cc   Section        0  stm32l4xx_hal_rcc_ex.o(.text.RCCEx_PLLSAI1_Config)
    [Anonymous Symbol]                       0x08003914   Section        0  stm32l4xx_it.o(.text.SVC_Handler)
    [Anonymous Symbol]                       0x08003918   Section        0  stm32l4xx_it.o(.text.SysTick_Handler)
    [Anonymous Symbol]                       0x0800391c   Section        0  system_stm32l4xx.o(.text.SystemInit)
    [Anonymous Symbol]                       0x08003930   Section        0  stm32l4xx_it.o(.text.TIM2_IRQHandler)
    TIM_SlaveTimer_SetConfig                 0x0800393d   Thumb Code   334  stm32l4xx_hal_tim.o(.text.TIM_SlaveTimer_SetConfig)
    [Anonymous Symbol]                       0x0800393c   Section        0  stm32l4xx_hal_tim.o(.text.TIM_SlaveTimer_SetConfig)
    [Anonymous Symbol]                       0x08003a8c   Section        0  stm32l4xx_hal_uart.o(.text.UART_AdvFeatureConfig)
    [Anonymous Symbol]                       0x08003b74   Section        0  stm32l4xx_hal_uart.o(.text.UART_CheckIdleState)
    UART_DMAAbortOnError                     0x08003cdd   Thumb Code     6  stm32l4xx_hal_uart.o(.text.UART_DMAAbortOnError)
    [Anonymous Symbol]                       0x08003cdc   Section        0  stm32l4xx_hal_uart.o(.text.UART_DMAAbortOnError)
    [Anonymous Symbol]                       0x08003ce4   Section        0  stm32l4xx_hal_uart.o(.text.UART_SetConfig)
    [Anonymous Symbol]                       0x08003ee4   Section        0  stm32l4xx_hal_uart.o(.text.UART_WaitOnFlagUntilTimeout)
    [Anonymous Symbol]                       0x08004224   Section        0  stm32l4xx_it.o(.text.USART2_IRQHandler)
    [Anonymous Symbol]                       0x08004230   Section        0  stm32l4xx_it.o(.text.UsageFault_Handler)
    [Anonymous Symbol]                       0x08004234   Section        0  main.o(.text.main)
    i._is_digit                              0x080044a0   Section        0  __printf_wp.o(i._is_digit)
    i.fputc                                  0x080044ae   Section        0  fputc.o(i.fputc)
    $v0                                      0x080044ca   Number         0  fpinit.o(x$fpl$fpinit)
    x$fpl$fpinit                             0x080044ca   Section       26  fpinit.o(x$fpl$fpinit)
    uc_hextab                                0x080044e4   Data          20  _printf_hex_int.o(.constdata)
    .constdata                               0x080044e4   Section       40  _printf_hex_int.o(.constdata)
    lc_hextab                                0x080044f8   Data          20  _printf_hex_int.o(.constdata)
    maptable                                 0x0800450c   Data          17  __printf_flags_wp.o(.constdata)
    .constdata                               0x0800450c   Section       17  __printf_flags_wp.o(.constdata)
    .constdata                               0x0800451d   Section        4  sys_io_names.o(.constdata)
    .constdata                               0x08004521   Section        4  sys_io_names.o(.constdata)
    .constdata                               0x08004525   Section        4  sys_io_names.o(.constdata)
    .Lswitch.table.HAL_TIM_IC_Start_IT       0x08004574   Data          16  stm32l4xx_hal_tim.o(.rodata.cst16)
    .Lswitch.table.HAL_TIM_IC_Stop_IT        0x08004584   Data          16  stm32l4xx_hal_tim.o(.rodata.cst16)
    .Lswitch.table.HAL_TIM_IC_Stop_DMA       0x08004594   Data          16  stm32l4xx_hal_tim.o(.rodata.cst16)
    .Lswitch.table.UART_SetConfig.2          0x080045a4   Data          16  stm32l4xx_hal_uart.o(.rodata.cst16)
    .data                                    0x20000000   Section        4  stdio_streams.o(.data)
    .data                                    0x20000004   Section        4  stdio_streams.o(.data)
    .data                                    0x20000008   Section        4  stdio_streams.o(.data)
    .L_MergedGlobals                         0x2000000c   Data           8  stm32l4xx_hal.o(.data..L_MergedGlobals)
    [Anonymous Symbol]                       0x2000000c   Section        0  stm32l4xx_hal.o(.data..L_MergedGlobals)
    .bss                                     0x20000018   Section       84  stdio_streams.o(.bss)
    .bss                                     0x2000006c   Section       84  stdio_streams.o(.bss)
    .bss                                     0x200000c0   Section       84  stdio_streams.o(.bss)
    .bss                                     0x20000114   Section       96  libspace.o(.bss)
    .L_MergedGlobals                         0x20000174   Data          76  main.o(.bss..L_MergedGlobals)
    [Anonymous Symbol]                       0x20000174   Section        0  main.o(.bss..L_MergedGlobals)
    rc5Collecting                            0x20000175   Data           1  main.o(.bss..L_MergedGlobals)
    rc5HalfCount                             0x20000176   Data           1  main.o(.bss..L_MergedGlobals)
    rc5HalfBits                              0x20000180   Data          64  main.o(.bss..L_MergedGlobals)
    Heap_Mem                                 0x20000298   Data         512  startup_stm32l432xx.o(HEAP)
    HEAP                                     0x20000298   Section      512  startup_stm32l432xx.o(HEAP)
    Stack_Mem                                0x20000498   Data        1024  startup_stm32l432xx.o(STACK)
    STACK                                    0x20000498   Section     1024  startup_stm32l432xx.o(STACK)
    __initial_sp                             0x20000898   Data           0  startup_stm32l432xx.o(STACK)

    Global Symbols

    Symbol Name                              Value     Ov Type        Size  Object(Section)

    BuildAttributes$$THM_ISAv4$E$P$D$K$B$S$7EM$VFPi3$EXTD16$VFPS$VFMA$PE$A:L22UL41UL21$X:L11$S22US41US21$IEEE1$IW$~IW$USESV6$~STKCKD$USESV7$~SHL$OTIME$ROPI$EBA8$UX$STANDARDLIB$REQ8$PRES8$EABIv2 0x00000000   Number         0  anon$$obj.o ABSOLUTE
    _printf_flags                            0x00000000   Number         0  printf_stubs.o ABSOLUTE
    _printf_return_value                     0x00000000   Number         0  printf_stubs.o ABSOLUTE
    _printf_sizespec                         0x00000000   Number         0  printf_stubs.o ABSOLUTE
    _printf_widthprec                        0x00000000   Number         0  printf_stubs.o ABSOLUTE
    __ARM_exceptions_init                     - Undefined Weak Reference
    __alloca_initialize                       - Undefined Weak Reference
    __arm_preinit_                            - Undefined Weak Reference
    __arm_relocate_pie_                       - Undefined Weak Reference
    __cpp_initialize__aeabi_                  - Undefined Weak Reference
    __cxa_finalize                            - Undefined Weak Reference
    __rt_locale                               - Undefined Weak Reference
    __sigvec_lookup                           - Undefined Weak Reference
    __user_heap_extent                        - Undefined Weak Reference
    _atexit_init                              - Undefined Weak Reference
    _call_atexit_fns                          - Undefined Weak Reference
    _clock_init                               - Undefined Weak Reference
    _fp_trap_init                             - Undefined Weak Reference
    _fp_trap_shutdown                         - Undefined Weak Reference
    _get_lc_collate                           - Undefined Weak Reference
    _get_lc_ctype                             - Undefined Weak Reference
    _get_lc_monetary                          - Undefined Weak Reference
    _get_lc_numeric                           - Undefined Weak Reference
    _get_lc_time                              - Undefined Weak Reference
    _getenv_init                              - Undefined Weak Reference
    _handle_redirection                       - Undefined Weak Reference
    _mutex_acquire                            - Undefined Weak Reference
    _mutex_free                               - Undefined Weak Reference
    _mutex_release                            - Undefined Weak Reference
    _printf_truncate_signed                   - Undefined Weak Reference
    _printf_truncate_unsigned                 - Undefined Weak Reference
    _rand_init                                - Undefined Weak Reference
    _signal_finish                            - Undefined Weak Reference
    _signal_init                              - Undefined Weak Reference
    __Vectors_Size                           0x0000018c   Number         0  startup_stm32l432xx.o ABSOLUTE
    __Vectors                                0x08000000   Data           4  startup_stm32l432xx.o(RESET)
    __Vectors_End                            0x0800018c   Data           0  startup_stm32l432xx.o(RESET)
    __main                                   0x0800018d   Thumb Code     8  __main.o(!!!main)
    __scatterload                            0x08000195   Thumb Code     0  __scatter.o(!!!scatter)
    __scatterload_rt2                        0x08000195   Thumb Code    84  __scatter.o(!!!scatter)
    __scatterload_rt2_thumb_only             0x08000195   Thumb Code     0  __scatter.o(!!!scatter)
    __scatterload_loop                       0x0800019f   Thumb Code     0  __scatter.o(!!!scatter)
    __scatterload_copy                       0x080001f1   Thumb Code    26  __scatter_copy.o(!!handler_copy)
    __scatterload_null                       0x0800020d   Thumb Code     2  __scatter.o(!!handler_null)
    __scatterload_zeroinit                   0x08000211   Thumb Code    28  __scatter_zi.o(!!handler_zi)
    _printf_d                                0x0800022d   Thumb Code     0  _printf_d.o(.ARM.Collect$$_printf_percent$$00000009)
    _printf_percent                          0x0800022d   Thumb Code     0  _printf_percent.o(.ARM.Collect$$_printf_percent$$00000000)
    _printf_x                                0x08000233   Thumb Code     0  _printf_x.o(.ARM.Collect$$_printf_percent$$0000000C)
    _printf_percent_end                      0x08000239   Thumb Code     0  _printf_percent_end.o(.ARM.Collect$$_printf_percent$$00000017)
    __rt_lib_init                            0x0800023d   Thumb Code     0  libinit.o(.ARM.Collect$$libinit$$00000000)
    __rt_lib_init_fp_1                       0x0800023f   Thumb Code     0  libinit2.o(.ARM.Collect$$libinit$$00000001)
    __rt_lib_init_heap_2                     0x08000243   Thumb Code     0  libinit2.o(.ARM.Collect$$libinit$$00000007)
    __rt_lib_init_preinit_1                  0x08000243   Thumb Code     0  libinit2.o(.ARM.Collect$$libinit$$00000006)
    __rt_lib_init_relocate_pie_1             0x08000243   Thumb Code     0  libinit2.o(.ARM.Collect$$libinit$$00000004)
    __rt_lib_init_atexit_1                   0x0800024b   Thumb Code     0  libinit2.o(.ARM.Collect$$libinit$$0000001D)
    __rt_lib_init_clock_1                    0x0800024b   Thumb Code     0  libinit2.o(.ARM.Collect$$libinit$$00000023)
    __rt_lib_init_fp_trap_1                  0x0800024b   Thumb Code     0  libinit2.o(.ARM.Collect$$libinit$$00000021)
    __rt_lib_init_getenv_1                   0x0800024b   Thumb Code     0  libinit2.o(.ARM.Collect$$libinit$$00000025)
    __rt_lib_init_heap_1                     0x0800024b   Thumb Code     0  libinit2.o(.ARM.Collect$$libinit$$0000000C)
    __rt_lib_init_lc_collate_1               0x0800024b   Thumb Code     0  libinit2.o(.ARM.Collect$$libinit$$00000013)
    __rt_lib_init_lc_ctype_1                 0x0800024b   Thumb Code     0  libinit2.o(.ARM.Collect$$libinit$$00000015)
    __rt_lib_init_lc_monetary_1              0x0800024b   Thumb Code     0  libinit2.o(.ARM.Collect$$libinit$$00000017)
    __rt_lib_init_lc_numeric_1               0x0800024b   Thumb Code     0  libinit2.o(.ARM.Collect$$libinit$$00000019)
    __rt_lib_init_lc_time_1                  0x0800024b   Thumb Code     0  libinit2.o(.ARM.Collect$$libinit$$0000001B)
    __rt_lib_init_rand_1                     0x0800024b   Thumb Code     0  libinit2.o(.ARM.Collect$$libinit$$00000010)
    __rt_lib_init_signal_1                   0x0800024b   Thumb Code     0  libinit2.o(.ARM.Collect$$libinit$$0000001F)
    __rt_lib_init_stdio_2                    0x0800024b   Thumb Code     0  libinit2.o(.ARM.Collect$$libinit$$00000026)
    __rt_lib_init_user_alloc_1               0x0800024b   Thumb Code     0  libinit2.o(.ARM.Collect$$libinit$$0000000E)
    __rt_lib_init_alloca_1                   0x0800024f   Thumb Code     0  libinit2.o(.ARM.Collect$$libinit$$00000030)
    __rt_lib_init_argv_1                     0x0800024f   Thumb Code     0  libinit2.o(.ARM.Collect$$libinit$$0000002E)
    __rt_lib_init_cpp_1                      0x0800024f   Thumb Code     0  libinit2.o(.ARM.Collect$$libinit$$00000034)
    __rt_lib_init_exceptions_1               0x0800024f   Thumb Code     0  libinit2.o(.ARM.Collect$$libinit$$00000032)
    __rt_lib_init_return                     0x0800024f   Thumb Code     0  libinit2.o(.ARM.Collect$$libinit$$00000035)
    __rt_lib_init_stdio_1                    0x0800024f   Thumb Code     0  libinit2.o(.ARM.Collect$$libinit$$00000027)
    __rt_lib_shutdown                        0x08000251   Thumb Code     0  libshutdown.o(.ARM.Collect$$libshutdown$$00000000)
    __rt_lib_shutdown_cpp_1                  0x08000253   Thumb Code     0  libshutdown2.o(.ARM.Collect$$libshutdown$$00000002)
    __rt_lib_shutdown_stdio_2                0x08000253   Thumb Code     0  libshutdown2.o(.ARM.Collect$$libshutdown$$00000003)
    __rt_lib_shutdown_fp_trap_1              0x08000257   Thumb Code     0  libshutdown2.o(.ARM.Collect$$libshutdown$$00000007)
    __rt_lib_shutdown_heap_1                 0x08000257   Thumb Code     0  libshutdown2.o(.ARM.Collect$$libshutdown$$0000000F)
    __rt_lib_shutdown_return                 0x08000257   Thumb Code     0  libshutdown2.o(.ARM.Collect$$libshutdown$$00000010)
    __rt_lib_shutdown_signal_1               0x08000257   Thumb Code     0  libshutdown2.o(.ARM.Collect$$libshutdown$$0000000A)
    __rt_lib_shutdown_stdio_1                0x08000257   Thumb Code     0  libshutdown2.o(.ARM.Collect$$libshutdown$$00000004)
    __rt_lib_shutdown_user_alloc_1           0x08000257   Thumb Code     0  libshutdown2.o(.ARM.Collect$$libshutdown$$0000000C)
    __rt_entry                               0x08000259   Thumb Code     0  __rtentry.o(.ARM.Collect$$rtentry$$00000000)
    __rt_entry_presh_1                       0x08000259   Thumb Code     0  __rtentry2.o(.ARM.Collect$$rtentry$$00000002)
    __rt_entry_sh                            0x08000259   Thumb Code     0  __rtentry4.o(.ARM.Collect$$rtentry$$00000004)
    __rt_entry_li                            0x0800025f   Thumb Code     0  __rtentry2.o(.ARM.Collect$$rtentry$$0000000A)
    __rt_entry_postsh_1                      0x0800025f   Thumb Code     0  __rtentry2.o(.ARM.Collect$$rtentry$$00000009)
    __rt_entry_main                          0x08000263   Thumb Code     0  __rtentry2.o(.ARM.Collect$$rtentry$$0000000D)
    __rt_entry_postli_1                      0x08000263   Thumb Code     0  __rtentry2.o(.ARM.Collect$$rtentry$$0000000C)
    __rt_exit                                0x0800026b   Thumb Code     0  rtexit.o(.ARM.Collect$$rtexit$$00000000)
    __rt_exit_ls                             0x0800026d   Thumb Code     0  rtexit2.o(.ARM.Collect$$rtexit$$00000003)
    __rt_exit_prels_1                        0x0800026d   Thumb Code     0  rtexit2.o(.ARM.Collect$$rtexit$$00000002)
    __rt_exit_exit                           0x08000271   Thumb Code     0  rtexit2.o(.ARM.Collect$$rtexit$$00000004)
    Reset_Handler                            0x08000279   Thumb Code     8  startup_stm32l432xx.o(.text)
    ADC1_IRQHandler                          0x08000293   Thumb Code     0  startup_stm32l432xx.o(.text)
    CAN1_RX0_IRQHandler                      0x08000293   Thumb Code     0  startup_stm32l432xx.o(.text)
    CAN1_RX1_IRQHandler                      0x08000293   Thumb Code     0  startup_stm32l432xx.o(.text)
    CAN1_SCE_IRQHandler                      0x08000293   Thumb Code     0  startup_stm32l432xx.o(.text)
    CAN1_TX_IRQHandler                       0x08000293   Thumb Code     0  startup_stm32l432xx.o(.text)
    COMP_IRQHandler                          0x08000293   Thumb Code     0  startup_stm32l432xx.o(.text)
    CRS_IRQHandler                           0x08000293   Thumb Code     0  startup_stm32l432xx.o(.text)
    DMA1_Channel1_IRQHandler                 0x08000293   Thumb Code     0  startup_stm32l432xx.o(.text)
    DMA1_Channel2_IRQHandler                 0x08000293   Thumb Code     0  startup_stm32l432xx.o(.text)
    DMA1_Channel3_IRQHandler                 0x08000293   Thumb Code     0  startup_stm32l432xx.o(.text)
    DMA1_Channel4_IRQHandler                 0x08000293   Thumb Code     0  startup_stm32l432xx.o(.text)
    DMA1_Channel5_IRQHandler                 0x08000293   Thumb Code     0  startup_stm32l432xx.o(.text)
    DMA1_Channel6_IRQHandler                 0x08000293   Thumb Code     0  startup_stm32l432xx.o(.text)
    DMA1_Channel7_IRQHandler                 0x08000293   Thumb Code     0  startup_stm32l432xx.o(.text)
    DMA2_Channel1_IRQHandler                 0x08000293   Thumb Code     0  startup_stm32l432xx.o(.text)
    DMA2_Channel2_IRQHandler                 0x08000293   Thumb Code     0  startup_stm32l432xx.o(.text)
    DMA2_Channel3_IRQHandler                 0x08000293   Thumb Code     0  startup_stm32l432xx.o(.text)
    DMA2_Channel4_IRQHandler                 0x08000293   Thumb Code     0  startup_stm32l432xx.o(.text)
    DMA2_Channel5_IRQHandler                 0x08000293   Thumb Code     0  startup_stm32l432xx.o(.text)
    DMA2_Channel6_IRQHandler                 0x08000293   Thumb Code     0  startup_stm32l432xx.o(.text)
    DMA2_Channel7_IRQHandler                 0x08000293   Thumb Code     0  startup_stm32l432xx.o(.text)
    EXTI0_IRQHandler                         0x08000293   Thumb Code     0  startup_stm32l432xx.o(.text)
    EXTI15_10_IRQHandler                     0x08000293   Thumb Code     0  startup_stm32l432xx.o(.text)
    EXTI1_IRQHandler                         0x08000293   Thumb Code     0  startup_stm32l432xx.o(.text)
    EXTI2_IRQHandler                         0x08000293   Thumb Code     0  startup_stm32l432xx.o(.text)
    EXTI3_IRQHandler                         0x08000293   Thumb Code     0  startup_stm32l432xx.o(.text)
    EXTI4_IRQHandler                         0x08000293   Thumb Code     0  startup_stm32l432xx.o(.text)
    EXTI9_5_IRQHandler                       0x08000293   Thumb Code     0  startup_stm32l432xx.o(.text)
    FLASH_IRQHandler                         0x08000293   Thumb Code     0  startup_stm32l432xx.o(.text)
    FPU_IRQHandler                           0x08000293   Thumb Code     0  startup_stm32l432xx.o(.text)
    I2C1_ER_IRQHandler                       0x08000293   Thumb Code     0  startup_stm32l432xx.o(.text)
    I2C1_EV_IRQHandler                       0x08000293   Thumb Code     0  startup_stm32l432xx.o(.text)
    I2C3_ER_IRQHandler                       0x08000293   Thumb Code     0  startup_stm32l432xx.o(.text)
    I2C3_EV_IRQHandler                       0x08000293   Thumb Code     0  startup_stm32l432xx.o(.text)
    LPTIM1_IRQHandler                        0x08000293   Thumb Code     0  startup_stm32l432xx.o(.text)
    LPTIM2_IRQHandler                        0x08000293   Thumb Code     0  startup_stm32l432xx.o(.text)
    LPUART1_IRQHandler                       0x08000293   Thumb Code     0  startup_stm32l432xx.o(.text)
    PVD_PVM_IRQHandler                       0x08000293   Thumb Code     0  startup_stm32l432xx.o(.text)
    QUADSPI_IRQHandler                       0x08000293   Thumb Code     0  startup_stm32l432xx.o(.text)
    RCC_IRQHandler                           0x08000293   Thumb Code     0  startup_stm32l432xx.o(.text)
    RNG_IRQHandler                           0x08000293   Thumb Code     0  startup_stm32l432xx.o(.text)
    RTC_Alarm_IRQHandler                     0x08000293   Thumb Code     0  startup_stm32l432xx.o(.text)
    RTC_WKUP_IRQHandler                      0x08000293   Thumb Code     0  startup_stm32l432xx.o(.text)
    SAI1_IRQHandler                          0x08000293   Thumb Code     0  startup_stm32l432xx.o(.text)
    SPI1_IRQHandler                          0x08000293   Thumb Code     0  startup_stm32l432xx.o(.text)
    SPI3_IRQHandler                          0x08000293   Thumb Code     0  startup_stm32l432xx.o(.text)
    SWPMI1_IRQHandler                        0x08000293   Thumb Code     0  startup_stm32l432xx.o(.text)
    TAMP_STAMP_IRQHandler                    0x08000293   Thumb Code     0  startup_stm32l432xx.o(.text)
    TIM1_BRK_TIM15_IRQHandler                0x08000293   Thumb Code     0  startup_stm32l432xx.o(.text)
    TIM1_CC_IRQHandler                       0x08000293   Thumb Code     0  startup_stm32l432xx.o(.text)
    TIM1_TRG_COM_IRQHandler                  0x08000293   Thumb Code     0  startup_stm32l432xx.o(.text)
    TIM1_UP_TIM16_IRQHandler                 0x08000293   Thumb Code     0  startup_stm32l432xx.o(.text)
    TIM6_DAC_IRQHandler                      0x08000293   Thumb Code     0  startup_stm32l432xx.o(.text)
    TIM7_IRQHandler                          0x08000293   Thumb Code     0  startup_stm32l432xx.o(.text)
    TSC_IRQHandler                           0x08000293   Thumb Code     0  startup_stm32l432xx.o(.text)
    USART1_IRQHandler                        0x08000293   Thumb Code     0  startup_stm32l432xx.o(.text)
    USB_IRQHandler                           0x08000293   Thumb Code     0  startup_stm32l432xx.o(.text)
    WWDG_IRQHandler                          0x08000293   Thumb Code     0  startup_stm32l432xx.o(.text)
    __user_initial_stackheap                 0x08000295   Thumb Code     0  startup_stm32l432xx.o(.text)
    __aeabi_uldivmod                         0x080002b9   Thumb Code     0  lludivv7m.o(.text)
    _ll_udiv                                 0x080002b9   Thumb Code   240  lludivv7m.o(.text)
    __2printf                                0x080003a9   Thumb Code    20  noretval__2printf.o(.text)
    _printf_pre_padding                      0x080003c1   Thumb Code    44  _printf_pad.o(.text)
    _printf_post_padding                     0x080003ed   Thumb Code    34  _printf_pad.o(.text)
    _printf_int_dec                          0x08000411   Thumb Code   104  _printf_dec.o(.text)
    _printf_int_hex                          0x08000489   Thumb Code    84  _printf_hex_int.o(.text)
    _printf_longlong_hex                     0x08000489   Thumb Code     0  _printf_hex_int.o(.text)
    __printf                                 0x080004e1   Thumb Code   308  __printf_flags_wp.o(.text)
    puts                                     0x08000621   Thumb Code    40  puts.o(.text)
    setvbuf                                  0x0800064d   Thumb Code    70  setvbuf.o(.text)
    __aeabi_memset                           0x08000693   Thumb Code    16  aeabi_memset.o(.text)
    __aeabi_memclr                           0x080006a3   Thumb Code     0  rt_memclr.o(.text)
    __rt_memclr                              0x080006a3   Thumb Code     0  rt_memclr.o(.text)
    _memset                                  0x080006a7   Thumb Code    64  rt_memclr.o(.text)
    __aeabi_memclr4                          0x080006e7   Thumb Code     0  rt_memclr_w.o(.text)
    __aeabi_memclr8                          0x080006e7   Thumb Code     0  rt_memclr_w.o(.text)
    __rt_memclr_w                            0x080006e7   Thumb Code     0  rt_memclr_w.o(.text)
    _memset_w                                0x080006eb   Thumb Code    74  rt_memclr_w.o(.text)
    __use_two_region_memory                  0x08000735   Thumb Code     2  heapauxi.o(.text)
    __rt_heap_escrow                         0x08000737   Thumb Code     2  heapauxi.o(.text)
    __rt_heap_expand                         0x08000739   Thumb Code     2  heapauxi.o(.text)
    _printf_int_common                       0x0800073b   Thumb Code   178  _printf_intcommon.o(.text)
    _printf_char_file                        0x080007ed   Thumb Code    32  _printf_char_file.o(.text)
    _initio                                  0x08000811   Thumb Code   210  initio.o(.text)
    _terminateio                             0x080008e3   Thumb Code    56  initio.o(.text)
    free                                     0x08000949   Thumb Code    78  h1_free.o(.text)
    _printf_char_common                      0x080009a3   Thumb Code    32  _printf_char_common.o(.text)
    ferror                                   0x080009c9   Thumb Code     8  ferror.o(.text)
    __flsbuf                                 0x080009d1   Thumb Code   482  flsbuf.o(.text)
    __flsbuf_byte                            0x080009d1   Thumb Code     0  flsbuf.o(.text)
    __flsbuf_wide                            0x080009d1   Thumb Code     0  flsbuf.o(.text)
    freopen                                  0x08000bb9   Thumb Code   160  fopen.o(.text)
    fopen                                    0x08000c59   Thumb Code    74  fopen.o(.text)
    _fclose_internal                         0x08000ca9   Thumb Code    76  fclose.o(.text)
    fclose                                   0x08000ca9   Thumb Code     0  fclose.o(.text)
    __rt_SIGRTRED                            0x08000cf5   Thumb Code    14  defsig_rtred_outer.o(.text)
    _sys_open                                0x08000d03   Thumb Code    20  sys_io.o(.text)
    _sys_close                               0x08000d17   Thumb Code    12  sys_io.o(.text)
    _sys_write                               0x08000d23   Thumb Code    16  sys_io.o(.text)
    _sys_read                                0x08000d33   Thumb Code    14  sys_io.o(.text)
    _sys_istty                               0x08000d41   Thumb Code    12  sys_io.o(.text)
    _sys_seek                                0x08000d4d   Thumb Code    14  sys_io.o(.text)
    _sys_ensure                              0x08000d5b   Thumb Code     2  sys_io.o(.text)
    _sys_flen                                0x08000d5d   Thumb Code    12  sys_io.o(.text)
    __user_setup_stackheap                   0x08000d69   Thumb Code    74  sys_stackheap_outer.o(.text)
    __rt_heap_descriptor                     0x08000db5   Thumb Code     8  rt_heap_descriptor_intlibspace.o(.text)
    __use_no_heap                            0x08000dbd   Thumb Code     2  hguard.o(.text)
    __heap$guard                             0x08000dbf   Thumb Code     2  hguard.o(.text)
    _terminate_user_alloc                    0x08000dc1   Thumb Code     2  init_alloc.o(.text)
    _init_user_alloc                         0x08000dc3   Thumb Code     2  init_alloc.o(.text)
    __Heap_Full                              0x08000dc5   Thumb Code    34  init_alloc.o(.text)
    __Heap_Broken                            0x08000de7   Thumb Code     6  init_alloc.o(.text)
    _init_alloc                              0x08000ded   Thumb Code    94  init_alloc.o(.text)
    malloc                                   0x08000e4b   Thumb Code    94  h1_alloc.o(.text)
    _fseek                                   0x08000ea9   Thumb Code   242  fseek.o(.text)
    fseek                                    0x08000ea9   Thumb Code     0  fseek.o(.text)
    _seterr                                  0x08000fa1   Thumb Code    20  stdio.o(.text)
    _writebuf                                0x08000fb5   Thumb Code   108  stdio.o(.text)
    _fflush                                  0x08001021   Thumb Code    70  stdio.o(.text)
    _deferredlazyseek                        0x08001067   Thumb Code    60  stdio.o(.text)
    exit                                     0x080010af   Thumb Code    18  exit.o(.text)
    __sig_exit                               0x080010c1   Thumb Code    10  defsig_exit.o(.text)
    __rt_SIGRTRED_inner                      0x080010cd   Thumb Code    14  defsig_rtred_inner.o(.text)
    _sys_exit                                0x08001101   Thumb Code     8  sys_exit.o(.text)
    __user_libspace                          0x0800110d   Thumb Code     8  libspace.o(.text)
    __user_perproc_libspace                  0x0800110d   Thumb Code     0  libspace.o(.text)
    __user_perthread_libspace                0x0800110d   Thumb Code     0  libspace.o(.text)
    __I$use$semihosting                      0x08001115   Thumb Code     0  use_no_semi.o(.text)
    __use_no_semihosting_swi                 0x08001115   Thumb Code     2  use_no_semi.o(.text)
    __Heap_Initialize                        0x08001117   Thumb Code     8  h1_init.o(.text)
    __semihosting_library_function           0x08001117   Thumb Code     0  indicate_semi.o(.text)
    _maybe_terminate_alloc                   0x08001117   Thumb Code     0  maybetermalloc1.o(.text)
    __Heap_DescSize                          0x0800111f   Thumb Code     4  h1_init.o(.text)
    __Heap_ProvideMemory                     0x08001123   Thumb Code    52  h1_extend.o(.text)
    _ftell_internal                          0x08001157   Thumb Code    66  ftell.o(.text)
    ftell                                    0x08001157   Thumb Code     0  ftell.o(.text)
    __default_signal_display                 0x08001199   Thumb Code    50  defsig_general.o(.text)
    __rt_SIGRTMEM                            0x080011cb   Thumb Code    14  defsig_rtmem_outer.o(.text)
    strlen                                   0x080011d9   Thumb Code    62  strlen.o(.text)
    _ttywrch                                 0x08001217   Thumb Code    14  sys_wrch.o(.text)
    __aeabi_errno_addr                       0x08001225   Thumb Code     8  rt_errno_addr_intlibspace.o(.text)
    __errno$intlibspace                      0x08001225   Thumb Code     0  rt_errno_addr_intlibspace.o(.text)
    __rt_errno_addr$intlibspace              0x08001225   Thumb Code     0  rt_errno_addr_intlibspace.o(.text)
    __rt_SIGRTMEM_inner                      0x0800122d   Thumb Code    22  defsig_rtmem_inner.o(.text)
    BusFault_Handler                         0x0800127d   Thumb Code     2  stm32l4xx_it.o(.text.BusFault_Handler)
    DebugMon_Handler                         0x08001281   Thumb Code     2  stm32l4xx_it.o(.text.DebugMon_Handler)
    Error_Handler                            0x08001285   Thumb Code    10  main.o(.text.Error_Handler)
    HAL_DMA_Abort                            0x08001291   Thumb Code    84  stm32l4xx_hal_dma.o(.text.HAL_DMA_Abort)
    HAL_DMA_Abort_IT                         0x080012e5   Thumb Code    84  stm32l4xx_hal_dma.o(.text.HAL_DMA_Abort_IT)
    HAL_GPIO_Init                            0x08001339   Thumb Code   434  stm32l4xx_hal_gpio.o(.text.HAL_GPIO_Init)
    HAL_GetTick                              0x080014f1   Thumb Code    12  stm32l4xx_hal.o(.text.HAL_GetTick)
    HAL_IncTick                              0x080014fd   Thumb Code    26  stm32l4xx_hal.o(.text.HAL_IncTick)
    HAL_Init                                 0x08001519   Thumb Code    30  stm32l4xx_hal.o(.text.HAL_Init)
    HAL_InitTick                             0x08001539   Thumb Code    80  stm32l4xx_hal.o(.text.HAL_InitTick)
    HAL_MspInit                              0x08001589   Thumb Code    50  stm32l4xx_hal_msp.o(.text.HAL_MspInit)
    HAL_NVIC_EnableIRQ                       0x080015bd   Thumb Code    34  stm32l4xx_hal_cortex.o(.text.HAL_NVIC_EnableIRQ)
    HAL_NVIC_SetPriority                     0x080015e1   Thumb Code    86  stm32l4xx_hal_cortex.o(.text.HAL_NVIC_SetPriority)
    HAL_NVIC_SetPriorityGrouping             0x08001639   Thumb Code    32  stm32l4xx_hal_cortex.o(.text.HAL_NVIC_SetPriorityGrouping)
    HAL_PWREx_ControlVoltageScaling          0x08001659   Thumb Code   140  stm32l4xx_hal_pwr_ex.o(.text.HAL_PWREx_ControlVoltageScaling)
    HAL_PWREx_GetVoltageRange                0x080016e5   Thumb Code    16  stm32l4xx_hal_pwr_ex.o(.text.HAL_PWREx_GetVoltageRange)
    HAL_RCCEx_PeriphCLKConfig                0x080016f5   Thumb Code   644  stm32l4xx_hal_rcc_ex.o(.text.HAL_RCCEx_PeriphCLKConfig)
    HAL_RCC_ClockConfig                      0x08001979   Thumb Code   574  stm32l4xx_hal_rcc.o(.text.HAL_RCC_ClockConfig)
    HAL_RCC_GetPCLK1Freq                     0x08001bb9   Thumb Code    42  stm32l4xx_hal_rcc.o(.text.HAL_RCC_GetPCLK1Freq)
    HAL_RCC_GetPCLK2Freq                     0x08001be5   Thumb Code    42  stm32l4xx_hal_rcc.o(.text.HAL_RCC_GetPCLK2Freq)
    HAL_RCC_GetSysClockFreq                  0x08001c11   Thumb Code   198  stm32l4xx_hal_rcc.o(.text.HAL_RCC_GetSysClockFreq)
    HAL_RCC_OscConfig                        0x08001cd9   Thumb Code  2036  stm32l4xx_hal_rcc.o(.text.HAL_RCC_OscConfig)
    HAL_SYSTICK_Config                       0x080024cd   Thumb Code    44  stm32l4xx_hal_cortex.o(.text.HAL_SYSTICK_Config)
    HAL_TIMEx_Break2Callback                 0x080024f9   Thumb Code     2  stm32l4xx_hal_tim_ex.o(.text.HAL_TIMEx_Break2Callback)
    HAL_TIMEx_BreakCallback                  0x080024fd   Thumb Code     2  stm32l4xx_hal_tim_ex.o(.text.HAL_TIMEx_BreakCallback)
    HAL_TIMEx_CommutCallback                 0x08002501   Thumb Code     2  stm32l4xx_hal_tim_ex.o(.text.HAL_TIMEx_CommutCallback)
    HAL_TIMEx_MasterConfigSynchronization    0x08002505   Thumb Code   108  stm32l4xx_hal_tim_ex.o(.text.HAL_TIMEx_MasterConfigSynchronization)
    HAL_TIM_Base_Start_IT                    0x08002571   Thumb Code    96  stm32l4xx_hal_tim.o(.text.HAL_TIM_Base_Start_IT)
    HAL_TIM_IC_CaptureCallback               0x080025d1   Thumb Code  1114  main.o(.text.HAL_TIM_IC_CaptureCallback)
    HAL_TIM_IC_ConfigChannel                 0x08002a35   Thumb Code   448  stm32l4xx_hal_tim.o(.text.HAL_TIM_IC_ConfigChannel)
    HAL_TIM_IC_Init                          0x08002bf5   Thumb Code   234  stm32l4xx_hal_tim.o(.text.HAL_TIM_IC_Init)
    HAL_TIM_IC_MspInit                       0x08002ce1   Thumb Code   116  stm32l4xx_hal_msp.o(.text.HAL_TIM_IC_MspInit)
    HAL_TIM_IC_Start_IT                      0x08002d55   Thumb Code   340  stm32l4xx_hal_tim.o(.text.HAL_TIM_IC_Start_IT)
    HAL_TIM_IRQHandler                       0x08002ea9   Thumb Code   364  stm32l4xx_hal_tim.o(.text.HAL_TIM_IRQHandler)
    HAL_TIM_OC_DelayElapsedCallback          0x08003015   Thumb Code     2  stm32l4xx_hal_tim.o(.text.HAL_TIM_OC_DelayElapsedCallback)
    HAL_TIM_PWM_PulseFinishedCallback        0x08003019   Thumb Code     2  stm32l4xx_hal_tim.o(.text.HAL_TIM_PWM_PulseFinishedCallback)
    HAL_TIM_PeriodElapsedCallback            0x0800301d   Thumb Code    32  main.o(.text.HAL_TIM_PeriodElapsedCallback)
    HAL_TIM_ReadCapturedValue                0x0800303d   Thumb Code    22  stm32l4xx_hal_tim.o(.text.HAL_TIM_ReadCapturedValue)
    HAL_TIM_SlaveConfigSynchro               0x08003055   Thumb Code    88  stm32l4xx_hal_tim.o(.text.HAL_TIM_SlaveConfigSynchro)
    HAL_TIM_TriggerCallback                  0x080030ad   Thumb Code     2  stm32l4xx_hal_tim.o(.text.HAL_TIM_TriggerCallback)
    HAL_UARTEx_RxEventCallback               0x080030b1   Thumb Code     2  stm32l4xx_hal_uart.o(.text.HAL_UARTEx_RxEventCallback)
    HAL_UARTEx_WakeupCallback                0x080030b5   Thumb Code     2  stm32l4xx_hal_uart_ex.o(.text.HAL_UARTEx_WakeupCallback)
    HAL_UART_ErrorCallback                   0x080030b9   Thumb Code     2  stm32l4xx_hal_uart.o(.text.HAL_UART_ErrorCallback)
    HAL_UART_IRQHandler                      0x080030bd   Thumb Code  1532  stm32l4xx_hal_uart.o(.text.HAL_UART_IRQHandler)
    HAL_UART_Init                            0x080036b9   Thumb Code    96  stm32l4xx_hal_uart.o(.text.HAL_UART_Init)
    HAL_UART_MspInit                         0x08003719   Thumb Code   160  stm32l4xx_hal_msp.o(.text.HAL_UART_MspInit)
    HAL_UART_TxCpltCallback                  0x080037b9   Thumb Code     2  stm32l4xx_hal_uart.o(.text.HAL_UART_TxCpltCallback)
    HardFault_Handler                        0x080037bd   Thumb Code     2  stm32l4xx_it.o(.text.HardFault_Handler)
    MemManage_Handler                        0x080037c1   Thumb Code     2  stm32l4xx_it.o(.text.MemManage_Handler)
    NMI_Handler                              0x080037c5   Thumb Code     2  stm32l4xx_it.o(.text.NMI_Handler)
    PendSV_Handler                           0x080037c9   Thumb Code     2  stm32l4xx_it.o(.text.PendSV_Handler)
    SVC_Handler                              0x08003915   Thumb Code     2  stm32l4xx_it.o(.text.SVC_Handler)
    SysTick_Handler                          0x08003919   Thumb Code     4  stm32l4xx_it.o(.text.SysTick_Handler)
    SystemInit                               0x0800391d   Thumb Code    18  system_stm32l4xx.o(.text.SystemInit)
    TIM2_IRQHandler                          0x08003931   Thumb Code    12  stm32l4xx_it.o(.text.TIM2_IRQHandler)
    UART_AdvFeatureConfig                    0x08003a8d   Thumb Code   230  stm32l4xx_hal_uart.o(.text.UART_AdvFeatureConfig)
    UART_CheckIdleState                      0x08003b75   Thumb Code   360  stm32l4xx_hal_uart.o(.text.UART_CheckIdleState)
    UART_SetConfig                           0x08003ce5   Thumb Code   496  stm32l4xx_hal_uart.o(.text.UART_SetConfig)
    UART_WaitOnFlagUntilTimeout              0x08003ee5   Thumb Code   832  stm32l4xx_hal_uart.o(.text.UART_WaitOnFlagUntilTimeout)
    USART2_IRQHandler                        0x08004225   Thumb Code    12  stm32l4xx_it.o(.text.USART2_IRQHandler)
    UsageFault_Handler                       0x08004231   Thumb Code     2  stm32l4xx_it.o(.text.UsageFault_Handler)
    main                                     0x08004235   Thumb Code   536  main.o(.text.main)
    _is_digit                                0x080044a1   Thumb Code    14  __printf_wp.o(i._is_digit)
    fputc                                    0x080044af   Thumb Code    28  fputc.o(i.fputc)
    _fp_init                                 0x080044cb   Thumb Code    26  fpinit.o(x$fpl$fpinit)
    __fplib_config_fpu_vfp                   0x080044e3   Thumb Code     0  fpinit.o(x$fpl$fpinit)
    __fplib_config_pureend_doubles           0x080044e3   Thumb Code     0  fpinit.o(x$fpl$fpinit)
    __stdin_name                             0x0800451d   Data           4  sys_io_names.o(.constdata)
    __stdout_name                            0x08004521   Data           4  sys_io_names.o(.constdata)
    __stderr_name                            0x08004525   Data           4  sys_io_names.o(.constdata)
    AHBPrescTable                            0x08004529   Data          16  system_stm32l4xx.o(.rodata.AHBPrescTable)
    APBPrescTable                            0x08004539   Data           8  system_stm32l4xx.o(.rodata.APBPrescTable)
    MSIRangeTable                            0x08004544   Data          48  system_stm32l4xx.o(.rodata.MSIRangeTable)
    Region$$Table$$Base                      0x080045b4   Number         0  anon$$obj.o(Region$$Table)
    Region$$Table$$Limit                     0x080045d4   Number         0  anon$$obj.o(Region$$Table)
    __aeabi_stdin                            0x20000000   Data           4  stdio_streams.o(.data)
    __aeabi_stdout                           0x20000004   Data           4  stdio_streams.o(.data)
    __aeabi_stderr                           0x20000008   Data           4  stdio_streams.o(.data)
    uwTickFreq                               0x2000000c   Data           1  stm32l4xx_hal.o(.data..L_MergedGlobals)
    uwTickPrio                               0x20000010   Data           4  stm32l4xx_hal.o(.data..L_MergedGlobals)
    SystemCoreClock                          0x20000014   Data           4  system_stm32l4xx.o(.data.SystemCoreClock)
    __stdin                                  0x20000018   Data          84  stdio_streams.o(.bss)
    __stdout                                 0x2000006c   Data          84  stdio_streams.o(.bss)
    __stderr                                 0x200000c0   Data          84  stdio_streams.o(.bss)
    __libspace_start                         0x20000114   Data          96  libspace.o(.bss)
    RC5FrameReceived                         0x20000174   Data           1  main.o(.bss..L_MergedGlobals)
    __temporary_stack_top$libspace           0x20000174   Data           0  libspace.o(.bss)
    IR_FRAME                                 0x20000178   Data           8  main.o(.bss..L_MergedGlobals)
    htim2                                    0x200001c0   Data          76  main.o(.bss.htim2)
    huart2                                   0x2000020c   Data         136  main.o(.bss.huart2)
    uwTick                                   0x20000294   Data           4  stm32l4xx_hal.o(.bss.uwTick)



==============================================================================

Memory Map of the image

  Image Entry point : 0x0800018d

  Load Region LR_IROM1 (Base: 0x08000000, Size: 0x000045f0, Max: 0x00040000, ABSOLUTE)

    Execution Region ER_IROM1 (Exec base: 0x08000000, Load base: 0x08000000, Size: 0x000045d4, Max: 0x00040000, ABSOLUTE)

    Exec Addr    Load Addr    Size         Type   Attr      Idx    E Section Name        Object

    0x08000000   0x08000000   0x0000018c   Data   RO            3    RESET               startup_stm32l432xx.o
    0x0800018c   0x0800018c   0x00000008   Code   RO         1150  * !!!main             c_w.l(__main.o)
    0x08000194   0x08000194   0x0000005c   Code   RO         1509    !!!scatter          c_w.l(__scatter.o)
    0x080001f0   0x080001f0   0x0000001a   Code   RO         1513    !!handler_copy      c_w.l(__scatter_copy.o)
    0x0800020a   0x0800020a   0x00000002   PAD
    0x0800020c   0x0800020c   0x00000002   Code   RO         1510    !!handler_null      c_w.l(__scatter.o)
    0x0800020e   0x0800020e   0x00000002   PAD
    0x08000210   0x08000210   0x0000001c   Code   RO         1515    !!handler_zi        c_w.l(__scatter_zi.o)
    0x0800022c   0x0800022c   0x00000000   Code   RO         1129    .ARM.Collect$$_printf_percent$$00000000  c_w.l(_printf_percent.o)
    0x0800022c   0x0800022c   0x00000006   Code   RO         1128    .ARM.Collect$$_printf_percent$$00000009  c_w.l(_printf_d.o)
    0x08000232   0x08000232   0x00000006   Code   RO         1127    .ARM.Collect$$_printf_percent$$0000000C  c_w.l(_printf_x.o)
    0x08000238   0x08000238   0x00000004   Code   RO         1161    .ARM.Collect$$_printf_percent$$00000017  c_w.l(_printf_percent_end.o)
    0x0800023c   0x0800023c   0x00000002   Code   RO         1402    .ARM.Collect$$libinit$$00000000  c_w.l(libinit.o)
    0x0800023e   0x0800023e   0x00000004   Code   RO         1269    .ARM.Collect$$libinit$$00000001  c_w.l(libinit2.o)
    0x08000242   0x08000242   0x00000000   Code   RO         1272    .ARM.Collect$$libinit$$00000004  c_w.l(libinit2.o)
    0x08000242   0x08000242   0x00000000   Code   RO         1274    .ARM.Collect$$libinit$$00000006  c_w.l(libinit2.o)
    0x08000242   0x08000242   0x00000008   Code   RO         1275    .ARM.Collect$$libinit$$00000007  c_w.l(libinit2.o)
    0x0800024a   0x0800024a   0x00000000   Code   RO         1277    .ARM.Collect$$libinit$$0000000C  c_w.l(libinit2.o)
    0x0800024a   0x0800024a   0x00000000   Code   RO         1279    .ARM.Collect$$libinit$$0000000E  c_w.l(libinit2.o)
    0x0800024a   0x0800024a   0x00000000   Code   RO         1281    .ARM.Collect$$libinit$$00000010  c_w.l(libinit2.o)
    0x0800024a   0x0800024a   0x00000000   Code   RO         1284    .ARM.Collect$$libinit$$00000013  c_w.l(libinit2.o)
    0x0800024a   0x0800024a   0x00000000   Code   RO         1286    .ARM.Collect$$libinit$$00000015  c_w.l(libinit2.o)
    0x0800024a   0x0800024a   0x00000000   Code   RO         1288    .ARM.Collect$$libinit$$00000017  c_w.l(libinit2.o)
    0x0800024a   0x0800024a   0x00000000   Code   RO         1290    .ARM.Collect$$libinit$$00000019  c_w.l(libinit2.o)
    0x0800024a   0x0800024a   0x00000000   Code   RO         1292    .ARM.Collect$$libinit$$0000001B  c_w.l(libinit2.o)
    0x0800024a   0x0800024a   0x00000000   Code   RO         1294    .ARM.Collect$$libinit$$0000001D  c_w.l(libinit2.o)
    0x0800024a   0x0800024a   0x00000000   Code   RO         1296    .ARM.Collect$$libinit$$0000001F  c_w.l(libinit2.o)
    0x0800024a   0x0800024a   0x00000000   Code   RO         1298    .ARM.Collect$$libinit$$00000021  c_w.l(libinit2.o)
    0x0800024a   0x0800024a   0x00000000   Code   RO         1300    .ARM.Collect$$libinit$$00000023  c_w.l(libinit2.o)
    0x0800024a   0x0800024a   0x00000000   Code   RO         1302    .ARM.Collect$$libinit$$00000025  c_w.l(libinit2.o)
    0x0800024a   0x0800024a   0x00000004   Code   RO         1303    .ARM.Collect$$libinit$$00000026  c_w.l(libinit2.o)
    0x0800024e   0x0800024e   0x00000000   Code   RO         1304    .ARM.Collect$$libinit$$00000027  c_w.l(libinit2.o)
    0x0800024e   0x0800024e   0x00000000   Code   RO         1308    .ARM.Collect$$libinit$$0000002E  c_w.l(libinit2.o)
    0x0800024e   0x0800024e   0x00000000   Code   RO         1310    .ARM.Collect$$libinit$$00000030  c_w.l(libinit2.o)
    0x0800024e   0x0800024e   0x00000000   Code   RO         1312    .ARM.Collect$$libinit$$00000032  c_w.l(libinit2.o)
    0x0800024e   0x0800024e   0x00000000   Code   RO         1314    .ARM.Collect$$libinit$$00000034  c_w.l(libinit2.o)
    0x0800024e   0x0800024e   0x00000002   Code   RO         1315    .ARM.Collect$$libinit$$00000035  c_w.l(libinit2.o)
    0x08000250   0x08000250   0x00000002   Code   RO         1506    .ARM.Collect$$libshutdown$$00000000  c_w.l(libshutdown.o)
    0x08000252   0x08000252   0x00000000   Code   RO         1317    .ARM.Collect$$libshutdown$$00000002  c_w.l(libshutdown2.o)
    0x08000252   0x08000252   0x00000004   Code   RO         1318    .ARM.Collect$$libshutdown$$00000003  c_w.l(libshutdown2.o)
    0x08000256   0x08000256   0x00000000   Code   RO         1319    .ARM.Collect$$libshutdown$$00000004  c_w.l(libshutdown2.o)
    0x08000256   0x08000256   0x00000000   Code   RO         1322    .ARM.Collect$$libshutdown$$00000007  c_w.l(libshutdown2.o)
    0x08000256   0x08000256   0x00000000   Code   RO         1325    .ARM.Collect$$libshutdown$$0000000A  c_w.l(libshutdown2.o)
    0x08000256   0x08000256   0x00000000   Code   RO         1327    .ARM.Collect$$libshutdown$$0000000C  c_w.l(libshutdown2.o)
    0x08000256   0x08000256   0x00000000   Code   RO         1330    .ARM.Collect$$libshutdown$$0000000F  c_w.l(libshutdown2.o)
    0x08000256   0x08000256   0x00000002   Code   RO         1331    .ARM.Collect$$libshutdown$$00000010  c_w.l(libshutdown2.o)
    0x08000258   0x08000258   0x00000000   Code   RO         1152    .ARM.Collect$$rtentry$$00000000  c_w.l(__rtentry.o)
    0x08000258   0x08000258   0x00000000   Code   RO         1178    .ARM.Collect$$rtentry$$00000002  c_w.l(__rtentry2.o)
    0x08000258   0x08000258   0x00000006   Code   RO         1190    .ARM.Collect$$rtentry$$00000004  c_w.l(__rtentry4.o)
    0x0800025e   0x0800025e   0x00000000   Code   RO         1180    .ARM.Collect$$rtentry$$00000009  c_w.l(__rtentry2.o)
    0x0800025e   0x0800025e   0x00000004   Code   RO         1181    .ARM.Collect$$rtentry$$0000000A  c_w.l(__rtentry2.o)
    0x08000262   0x08000262   0x00000000   Code   RO         1183    .ARM.Collect$$rtentry$$0000000C  c_w.l(__rtentry2.o)
    0x08000262   0x08000262   0x00000008   Code   RO         1184    .ARM.Collect$$rtentry$$0000000D  c_w.l(__rtentry2.o)
    0x0800026a   0x0800026a   0x00000002   Code   RO         1415    .ARM.Collect$$rtexit$$00000000  c_w.l(rtexit.o)
    0x0800026c   0x0800026c   0x00000000   Code   RO         1469    .ARM.Collect$$rtexit$$00000002  c_w.l(rtexit2.o)
    0x0800026c   0x0800026c   0x00000004   Code   RO         1470    .ARM.Collect$$rtexit$$00000003  c_w.l(rtexit2.o)
    0x08000270   0x08000270   0x00000006   Code   RO         1471    .ARM.Collect$$rtexit$$00000004  c_w.l(rtexit2.o)
    0x08000276   0x08000276   0x00000002   PAD
    0x08000278   0x08000278   0x00000040   Code   RO            4    .text               startup_stm32l432xx.o
    0x080002b8   0x080002b8   0x000000f0   Code   RO         1074    .text               c_w.l(lludivv7m.o)
    0x080003a8   0x080003a8   0x00000018   Code   RO         1078    .text               c_w.l(noretval__2printf.o)
    0x080003c0   0x080003c0   0x0000004e   Code   RO         1082    .text               c_w.l(_printf_pad.o)
    0x0800040e   0x0800040e   0x00000002   PAD
    0x08000410   0x08000410   0x00000078   Code   RO         1084    .text               c_w.l(_printf_dec.o)
    0x08000488   0x08000488   0x00000058   Code   RO         1089    .text               c_w.l(_printf_hex_int.o)
    0x080004e0   0x080004e0   0x0000013e   Code   RO         1119    .text               c_w.l(__printf_flags_wp.o)
    0x0800061e   0x0800061e   0x00000002   PAD
    0x08000620   0x08000620   0x0000002c   Code   RO         1130    .text               c_w.l(puts.o)
    0x0800064c   0x0800064c   0x00000046   Code   RO         1132    .text               c_w.l(setvbuf.o)
    0x08000692   0x08000692   0x00000010   Code   RO         1142    .text               c_w.l(aeabi_memset.o)
    0x080006a2   0x080006a2   0x00000044   Code   RO         1144    .text               c_w.l(rt_memclr.o)
    0x080006e6   0x080006e6   0x0000004e   Code   RO         1146    .text               c_w.l(rt_memclr_w.o)
    0x08000734   0x08000734   0x00000006   Code   RO         1148    .text               c_w.l(heapauxi.o)
    0x0800073a   0x0800073a   0x000000b2   Code   RO         1157    .text               c_w.l(_printf_intcommon.o)
    0x080007ec   0x080007ec   0x00000024   Code   RO         1159    .text               c_w.l(_printf_char_file.o)
    0x08000810   0x08000810   0x00000138   Code   RO         1166    .text               c_w.l(initio.o)
    0x08000948   0x08000948   0x0000004e   Code   RO         1196    .text               c_w.l(h1_free.o)
    0x08000996   0x08000996   0x00000002   PAD
    0x08000998   0x08000998   0x00000030   Code   RO         1250    .text               c_w.l(_printf_char_common.o)
    0x080009c8   0x080009c8   0x00000008   Code   RO         1252    .text               c_w.l(ferror.o)
    0x080009d0   0x080009d0   0x000001e8   Code   RO         1254    .text               c_w.l(flsbuf.o)
    0x08000bb8   0x08000bb8   0x000000f0   Code   RO         1257    .text               c_w.l(fopen.o)
    0x08000ca8   0x08000ca8   0x0000004c   Code   RO         1259    .text               c_w.l(fclose.o)
    0x08000cf4   0x08000cf4   0x0000000e   Code   RO         1265    .text               c_w.l(defsig_rtred_outer.o)
    0x08000d02   0x08000d02   0x00000066   Code   RO         1334    .text               c_w.l(sys_io.o)
    0x08000d68   0x08000d68   0x0000004a   Code   RO         1338    .text               c_w.l(sys_stackheap_outer.o)
    0x08000db2   0x08000db2   0x00000002   PAD
    0x08000db4   0x08000db4   0x00000008   Code   RO         1345    .text               c_w.l(rt_heap_descriptor_intlibspace.o)
    0x08000dbc   0x08000dbc   0x00000004   Code   RO         1347    .text               c_w.l(hguard.o)
    0x08000dc0   0x08000dc0   0x0000008a   Code   RO         1349    .text               c_w.l(init_alloc.o)
    0x08000e4a   0x08000e4a   0x0000005e   Code   RO         1355    .text               c_w.l(h1_alloc.o)
    0x08000ea8   0x08000ea8   0x000000f8   Code   RO         1371    .text               c_w.l(fseek.o)
    0x08000fa0   0x08000fa0   0x0000010e   Code   RO         1373    .text               c_w.l(stdio.o)
    0x080010ae   0x080010ae   0x00000012   Code   RO         1381    .text               c_w.l(exit.o)
    0x080010c0   0x080010c0   0x0000000a   Code   RO         1383    .text               c_w.l(defsig_exit.o)
    0x080010ca   0x080010ca   0x00000002   PAD
    0x080010cc   0x080010cc   0x00000034   Code   RO         1389    .text               c_w.l(defsig_rtred_inner.o)
    0x08001100   0x08001100   0x0000000c   Code   RO         1405    .text               c_w.l(sys_exit.o)
    0x0800110c   0x0800110c   0x00000008   Code   RO         1409    .text               c_w.l(libspace.o)
    0x08001114   0x08001114   0x00000002   Code   RO         1412    .text               c_w.l(use_no_semi.o)
    0x08001116   0x08001116   0x00000000   Code   RO         1414    .text               c_w.l(indicate_semi.o)
    0x08001116   0x08001116   0x00000000   Code   RO         1417    .text               c_w.l(maybetermalloc1.o)
    0x08001116   0x08001116   0x0000000c   Code   RO         1419    .text               c_w.l(h1_init.o)
    0x08001122   0x08001122   0x00000034   Code   RO         1421    .text               c_w.l(h1_extend.o)
    0x08001156   0x08001156   0x00000042   Code   RO         1431    .text               c_w.l(ftell.o)
    0x08001198   0x08001198   0x00000032   Code   RO         1439    .text               c_w.l(defsig_general.o)
    0x080011ca   0x080011ca   0x0000000e   Code   RO         1443    .text               c_w.l(defsig_rtmem_outer.o)
    0x080011d8   0x080011d8   0x0000003e   Code   RO         1447    .text               c_w.l(strlen.o)
    0x08001216   0x08001216   0x0000000e   Code   RO         1460    .text               c_w.l(sys_wrch.o)
    0x08001224   0x08001224   0x00000008   Code   RO         1478    .text               c_w.l(rt_errno_addr_intlibspace.o)
    0x0800122c   0x0800122c   0x00000050   Code   RO         1484    .text               c_w.l(defsig_rtmem_inner.o)
    0x0800127c   0x0800127c   0x00000002   Code   RO           43    .text.BusFault_Handler  stm32l4xx_it.o
    0x0800127e   0x0800127e   0x00000002   PAD
    0x08001280   0x08001280   0x00000002   Code   RO           49    .text.DebugMon_Handler  stm32l4xx_it.o
    0x08001282   0x08001282   0x00000002   PAD
    0x08001284   0x08001284   0x0000000a   Code   RO           15    .text.Error_Handler  main.o
    0x0800128e   0x0800128e   0x00000002   PAD
    0x08001290   0x08001290   0x00000054   Code   RO          673    .text.HAL_DMA_Abort  stm32l4xx_hal_dma.o
    0x080012e4   0x080012e4   0x00000054   Code   RO          675    .text.HAL_DMA_Abort_IT  stm32l4xx_hal_dma.o
    0x08001338   0x08001338   0x000001b8   Code   RO          639    .text.HAL_GPIO_Init  stm32l4xx_hal_gpio.o
    0x080014f0   0x080014f0   0x0000000c   Code   RO          421    .text.HAL_GetTick   stm32l4xx_hal.o
    0x080014fc   0x080014fc   0x0000001a   Code   RO          419    .text.HAL_IncTick   stm32l4xx_hal.o
    0x08001516   0x08001516   0x00000002   PAD
    0x08001518   0x08001518   0x0000001e   Code   RO          409    .text.HAL_Init      stm32l4xx_hal.o
    0x08001536   0x08001536   0x00000002   PAD
    0x08001538   0x08001538   0x00000050   Code   RO          411    .text.HAL_InitTick  stm32l4xx_hal.o
    0x08001588   0x08001588   0x00000032   Code   RO           66    .text.HAL_MspInit   stm32l4xx_hal_msp.o
    0x080015ba   0x080015ba   0x00000002   PAD
    0x080015bc   0x080015bc   0x00000022   Code   RO          818    .text.HAL_NVIC_EnableIRQ  stm32l4xx_hal_cortex.o
    0x080015de   0x080015de   0x00000002   PAD
    0x080015e0   0x080015e0   0x00000056   Code   RO          816    .text.HAL_NVIC_SetPriority  stm32l4xx_hal_cortex.o
    0x08001636   0x08001636   0x00000002   PAD
    0x08001638   0x08001638   0x00000020   Code   RO          814    .text.HAL_NVIC_SetPriorityGrouping  stm32l4xx_hal_cortex.o
    0x08001658   0x08001658   0x0000008c   Code   RO          740    .text.HAL_PWREx_ControlVoltageScaling  stm32l4xx_hal_pwr_ex.o
    0x080016e4   0x080016e4   0x00000010   Code   RO          738    .text.HAL_PWREx_GetVoltageRange  stm32l4xx_hal_pwr_ex.o
    0x080016f4   0x080016f4   0x00000284   Code   RO          515    .text.HAL_RCCEx_PeriphCLKConfig  stm32l4xx_hal_rcc_ex.o
    0x08001978   0x08001978   0x0000023e   Code   RO          485    .text.HAL_RCC_ClockConfig  stm32l4xx_hal_rcc.o
    0x08001bb6   0x08001bb6   0x00000002   PAD
    0x08001bb8   0x08001bb8   0x0000002a   Code   RO          491    .text.HAL_RCC_GetPCLK1Freq  stm32l4xx_hal_rcc.o
    0x08001be2   0x08001be2   0x00000002   PAD
    0x08001be4   0x08001be4   0x0000002a   Code   RO          493    .text.HAL_RCC_GetPCLK2Freq  stm32l4xx_hal_rcc.o
    0x08001c0e   0x08001c0e   0x00000002   PAD
    0x08001c10   0x08001c10   0x000000c6   Code   RO          483    .text.HAL_RCC_GetSysClockFreq  stm32l4xx_hal_rcc.o
    0x08001cd6   0x08001cd6   0x00000002   PAD
    0x08001cd8   0x08001cd8   0x000007f4   Code   RO          481    .text.HAL_RCC_OscConfig  stm32l4xx_hal_rcc.o
    0x080024cc   0x080024cc   0x0000002c   Code   RO          826    .text.HAL_SYSTICK_Config  stm32l4xx_hal_cortex.o
    0x080024f8   0x080024f8   0x00000002   Code   RO          395    .text.HAL_TIMEx_Break2Callback  stm32l4xx_hal_tim_ex.o
    0x080024fa   0x080024fa   0x00000002   PAD
    0x080024fc   0x080024fc   0x00000002   Code   RO          393    .text.HAL_TIMEx_BreakCallback  stm32l4xx_hal_tim_ex.o
    0x080024fe   0x080024fe   0x00000002   PAD
    0x08002500   0x08002500   0x00000002   Code   RO          389    .text.HAL_TIMEx_CommutCallback  stm32l4xx_hal_tim_ex.o
    0x08002502   0x08002502   0x00000002   PAD
    0x08002504   0x08002504   0x0000006c   Code   RO          379    .text.HAL_TIMEx_MasterConfigSynchronization  stm32l4xx_hal_tim_ex.o
    0x08002570   0x08002570   0x00000060   Code   RO           98    .text.HAL_TIM_Base_Start_IT  stm32l4xx_hal_tim.o
    0x080025d0   0x080025d0   0x00000464   Code   RO           21    .text.HAL_TIM_IC_CaptureCallback  main.o
    0x08002a34   0x08002a34   0x000001c0   Code   RO          234    .text.HAL_TIM_IC_ConfigChannel  stm32l4xx_hal_tim.o
    0x08002bf4   0x08002bf4   0x000000ea   Code   RO          158    .text.HAL_TIM_IC_Init  stm32l4xx_hal_tim.o
    0x08002cde   0x08002cde   0x00000002   PAD
    0x08002ce0   0x08002ce0   0x00000074   Code   RO           68    .text.HAL_TIM_IC_MspInit  stm32l4xx_hal_msp.o
    0x08002d54   0x08002d54   0x00000154   Code   RO          170    .text.HAL_TIM_IC_Start_IT  stm32l4xx_hal_tim.o
    0x08002ea8   0x08002ea8   0x0000016c   Code   RO          218    .text.HAL_TIM_IRQHandler  stm32l4xx_hal_tim.o
    0x08003014   0x08003014   0x00000002   Code   RO          222    .text.HAL_TIM_OC_DelayElapsedCallback  stm32l4xx_hal_tim.o
    0x08003016   0x08003016   0x00000002   PAD
    0x08003018   0x08003018   0x00000002   Code   RO          224    .text.HAL_TIM_PWM_PulseFinishedCallback  stm32l4xx_hal_tim.o
    0x0800301a   0x0800301a   0x00000002   PAD
    0x0800301c   0x0800301c   0x00000020   Code   RO           23    .text.HAL_TIM_PeriodElapsedCallback  main.o
    0x0800303c   0x0800303c   0x00000016   Code   RO          274    .text.HAL_TIM_ReadCapturedValue  stm32l4xx_hal_tim.o
    0x08003052   0x08003052   0x00000002   PAD
    0x08003054   0x08003054   0x00000058   Code   RO          268    .text.HAL_TIM_SlaveConfigSynchro  stm32l4xx_hal_tim.o
    0x080030ac   0x080030ac   0x00000002   Code   RO          228    .text.HAL_TIM_TriggerCallback  stm32l4xx_hal_tim.o
    0x080030ae   0x080030ae   0x00000002   PAD
    0x080030b0   0x080030b0   0x00000002   Code   RO          976    .text.HAL_UARTEx_RxEventCallback  stm32l4xx_hal_uart.o
    0x080030b2   0x080030b2   0x00000002   PAD
    0x080030b4   0x080030b4   0x00000002   Code   RO         1027    .text.HAL_UARTEx_WakeupCallback  stm32l4xx_hal_uart_ex.o
    0x080030b6   0x080030b6   0x00000002   PAD
    0x080030b8   0x080030b8   0x00000002   Code   RO          974    .text.HAL_UART_ErrorCallback  stm32l4xx_hal_uart.o
    0x080030ba   0x080030ba   0x00000002   PAD
    0x080030bc   0x080030bc   0x000005fc   Code   RO          970    .text.HAL_UART_IRQHandler  stm32l4xx_hal_uart.o
    0x080036b8   0x080036b8   0x00000060   Code   RO          890    .text.HAL_UART_Init  stm32l4xx_hal_uart.o
    0x08003718   0x08003718   0x000000a0   Code   RO           72    .text.HAL_UART_MspInit  stm32l4xx_hal_msp.o
    0x080037b8   0x080037b8   0x00000002   Code   RO          978    .text.HAL_UART_TxCpltCallback  stm32l4xx_hal_uart.o
    0x080037ba   0x080037ba   0x00000002   PAD
    0x080037bc   0x080037bc   0x00000002   Code   RO           39    .text.HardFault_Handler  stm32l4xx_it.o
    0x080037be   0x080037be   0x00000002   PAD
    0x080037c0   0x080037c0   0x00000002   Code   RO           41    .text.MemManage_Handler  stm32l4xx_it.o
    0x080037c2   0x080037c2   0x00000002   PAD
    0x080037c4   0x080037c4   0x00000002   Code   RO           37    .text.NMI_Handler   stm32l4xx_it.o
    0x080037c6   0x080037c6   0x00000002   PAD
    0x080037c8   0x080037c8   0x00000002   Code   RO           51    .text.PendSV_Handler  stm32l4xx_it.o
    0x080037ca   0x080037ca   0x00000002   PAD
    0x080037cc   0x080037cc   0x00000148   Code   RO          517    .text.RCCEx_PLLSAI1_Config  stm32l4xx_hal_rcc_ex.o
    0x08003914   0x08003914   0x00000002   Code   RO           47    .text.SVC_Handler   stm32l4xx_it.o
    0x08003916   0x08003916   0x00000002   PAD
    0x08003918   0x08003918   0x00000004   Code   RO           53    .text.SysTick_Handler  stm32l4xx_it.o
    0x0800391c   0x0800391c   0x00000012   Code   RO         1057    .text.SystemInit    system_stm32l4xx.o
    0x0800392e   0x0800392e   0x00000002   PAD
    0x08003930   0x08003930   0x0000000c   Code   RO           55    .text.TIM2_IRQHandler  stm32l4xx_it.o
    0x0800393c   0x0800393c   0x0000014e   Code   RO          270    .text.TIM_SlaveTimer_SetConfig  stm32l4xx_hal_tim.o
    0x08003a8a   0x08003a8a   0x00000002   PAD
    0x08003a8c   0x08003a8c   0x000000e6   Code   RO          894    .text.UART_AdvFeatureConfig  stm32l4xx_hal_uart.o
    0x08003b72   0x08003b72   0x00000002   PAD
    0x08003b74   0x08003b74   0x00000168   Code   RO          898    .text.UART_CheckIdleState  stm32l4xx_hal_uart.o
    0x08003cdc   0x08003cdc   0x00000006   Code   RO          972    .text.UART_DMAAbortOnError  stm32l4xx_hal_uart.o
    0x08003ce2   0x08003ce2   0x00000002   PAD
    0x08003ce4   0x08003ce4   0x00000200   Code   RO          896    .text.UART_SetConfig  stm32l4xx_hal_uart.o
    0x08003ee4   0x08003ee4   0x00000340   Code   RO          912    .text.UART_WaitOnFlagUntilTimeout  stm32l4xx_hal_uart.o
    0x08004224   0x08004224   0x0000000c   Code   RO           57    .text.USART2_IRQHandler  stm32l4xx_it.o
    0x08004230   0x08004230   0x00000002   Code   RO           45    .text.UsageFault_Handler  stm32l4xx_it.o
    0x08004232   0x08004232   0x00000002   PAD
    0x08004234   0x08004234   0x0000026c   Code   RO           11    .text.main          main.o
    0x080044a0   0x080044a0   0x0000000e   Code   RO         1117    i._is_digit         c_w.l(__printf_wp.o)
    0x080044ae   0x080044ae   0x0000001c   Code   RO         1163    i.fputc             c_w.l(fputc.o)
    0x080044ca   0x080044ca   0x0000001a   Code   RO         1403    x$fpl$fpinit        fz_wm.l(fpinit.o)
    0x080044e4   0x080044e4   0x00000028   Data   RO         1090    .constdata          c_w.l(_printf_hex_int.o)
    0x0800450c   0x0800450c   0x00000011   Data   RO         1120    .constdata          c_w.l(__printf_flags_wp.o)
    0x0800451d   0x0800451d   0x00000004   Data   RO         1172    .constdata          c_w.l(sys_io_names.o)
    0x08004521   0x08004521   0x00000004   Data   RO         1173    .constdata          c_w.l(sys_io_names.o)
    0x08004525   0x08004525   0x00000004   Data   RO         1174    .constdata          c_w.l(sys_io_names.o)
    0x08004529   0x08004529   0x00000010   Data   RO         1062    .rodata.AHBPrescTable  system_stm32l4xx.o
    0x08004539   0x08004539   0x00000008   Data   RO         1063    .rodata.APBPrescTable  system_stm32l4xx.o
    0x08004541   0x08004541   0x00000003   PAD
    0x08004544   0x08004544   0x00000030   Data   RO         1064    .rodata.MSIRangeTable  system_stm32l4xx.o
    0x08004574   0x08004574   0x00000030   Data   RO          304    .rodata.cst16       stm32l4xx_hal_tim.o
    0x080045a4   0x080045a4   0x00000010   Data   RO         1016    .rodata.cst16       stm32l4xx_hal_uart.o
    0x080045b4   0x080045b4   0x00000020   Data   RO         1508    Region$$Table       anon$$obj.o


    Execution Region RW_IRAM2 (Exec base: 0x10000000, Load base: 0x080045f0, Size: 0x00000000, Max: 0x00004000, ABSOLUTE)

    **** No section assigned to this execution region ****


    Execution Region RW_IRAM1 (Exec base: 0x20000000, Load base: 0x080045d8, Size: 0x00000898, Max: 0x0000c000, ABSOLUTE)

    Exec Addr    Load Addr    Size         Type   Attr      Idx    E Section Name        Object

    0x20000000   0x080045d8   0x00000004   Data   RW         1137    .data               c_w.l(stdio_streams.o)
    0x20000004   0x080045dc   0x00000004   Data   RW         1138    .data               c_w.l(stdio_streams.o)
    0x20000008   0x080045e0   0x00000004   Data   RW         1139    .data               c_w.l(stdio_streams.o)
    0x2000000c   0x080045e4   0x00000008   Data   RW          470    .data..L_MergedGlobals  stm32l4xx_hal.o
    0x20000014   0x080045ec   0x00000004   Data   RW         1061    .data.SystemCoreClock  system_stm32l4xx.o
    0x20000018        -       0x00000054   Zero   RW         1134    .bss                c_w.l(stdio_streams.o)
    0x2000006c        -       0x00000054   Zero   RW         1135    .bss                c_w.l(stdio_streams.o)
    0x200000c0        -       0x00000054   Zero   RW         1136    .bss                c_w.l(stdio_streams.o)
    0x20000114        -       0x00000060   Zero   RW         1410    .bss                c_w.l(libspace.o)
    0x20000174        -       0x0000004c   Zero   RW           28    .bss..L_MergedGlobals  main.o
    0x200001c0        -       0x0000004c   Zero   RW           25    .bss.htim2          main.o
    0x2000020c        -       0x00000088   Zero   RW           26    .bss.huart2         main.o
    0x20000294        -       0x00000004   Zero   RW          469    .bss.uwTick         stm32l4xx_hal.o
    0x20000298        -       0x00000200   Zero   RW            2    HEAP                startup_stm32l432xx.o
    0x20000498        -       0x00000400   Zero   RW            1    STACK               startup_stm32l432xx.o


==============================================================================

Image component sizes


      Code (inc. data)   RO Data    RW Data    ZI Data      Debug   Object Name

      1786         84          0          0        288      14536   main.o
        64         26        396          0       1536        896   startup_stm32l432xx.o
       148          0          0          8          4       7687   stm32l4xx_hal.o
       196          0          0          0          0      10289   stm32l4xx_hal_cortex.o
       168          0          0          0          0       7600   stm32l4xx_hal_dma.o
       440          0          0          0          0       5371   stm32l4xx_hal_gpio.o
       326          0          0          0          0       9875   stm32l4xx_hal_msp.o
       156          0          0          0          0       8690   stm32l4xx_hal_pwr_ex.o
      2892          0          0          0          0      11872   stm32l4xx_hal_rcc.o
       972          0          0          0          0      13653   stm32l4xx_hal_rcc_ex.o
      1932         20         48          0          0      63288   stm32l4xx_hal_tim.o
       114          0          0          0          0      22859   stm32l4xx_hal_tim_ex.o
      3574         48         16          0          0      36077   stm32l4xx_hal_uart.o
         2          0          0          0          0       8849   stm32l4xx_hal_uart_ex.o
        44          0          0          0          0       6089   stm32l4xx_it.o
        18          0         72          4          0       3003   system_stm32l4xx.o

    ----------------------------------------------------------------------
     12900        178        567         12       1828     230634   Object Totals
         0          0         32          0          0          0   (incl. Generated)
        68          0          3          0          0          0   (incl. Padding)

    ----------------------------------------------------------------------

      Code (inc. data)   RO Data    RW Data    ZI Data      Debug   Library Member Name

         8          0          0          0          0         68   __main.o
       318          4         17          0          0         92   __printf_flags_wp.o
        14          0          0          0          0         68   __printf_wp.o
         0          0          0          0          0          0   __rtentry.o
        12          0          0          0          0          0   __rtentry2.o
         6          0          0          0          0          0   __rtentry4.o
        94          8          0          0          0          0   __scatter.o
        26          0          0          0          0          0   __scatter_copy.o
        28          0          0          0          0          0   __scatter_zi.o
        48          6          0          0          0         96   _printf_char_common.o
        36          4          0          0          0         80   _printf_char_file.o
         6          0          0          0          0          0   _printf_d.o
       120         16          0          0          0         92   _printf_dec.o
        88          4         40          0          0         88   _printf_hex_int.o
       178          0          0          0          0         88   _printf_intcommon.o
        78          0          0          0          0        108   _printf_pad.o
         0          0          0          0          0          0   _printf_percent.o
         4          0          0          0          0          0   _printf_percent_end.o
         6          0          0          0          0          0   _printf_x.o
        16          0          0          0          0         68   aeabi_memset.o
        10          0          0          0          0         68   defsig_exit.o
        50          0          0          0          0         88   defsig_general.o
        80         58          0          0          0         76   defsig_rtmem_inner.o
        14          0          0          0          0         80   defsig_rtmem_outer.o
        52         38          0          0          0         76   defsig_rtred_inner.o
        14          0          0          0          0         80   defsig_rtred_outer.o
        18          0          0          0          0         80   exit.o
        76          0          0          0          0         88   fclose.o
         8          0          0          0          0         68   ferror.o
       488          0          0          0          0         92   flsbuf.o
       240          6          0          0          0        128   fopen.o
        28          0          0          0          0         68   fputc.o
       248          6          0          0          0         84   fseek.o
        66          0          0          0          0         76   ftell.o
        94          0          0          0          0         80   h1_alloc.o
        52          0          0          0          0         68   h1_extend.o
        78          0          0          0          0         80   h1_free.o
        12          0          0          0          0         84   h1_init.o
         6          0          0          0          0        152   heapauxi.o
         4          0          0          0          0        136   hguard.o
         0          0          0          0          0          0   indicate_semi.o
       138          0          0          0          0        168   init_alloc.o
       312         46          0          0          0        112   initio.o
         2          0          0          0          0          0   libinit.o
        18          0          0          0          0          0   libinit2.o
         2          0          0          0          0          0   libshutdown.o
         6          0          0          0          0          0   libshutdown2.o
         8          4          0          0         96         68   libspace.o
       240          0          0          0          0        100   lludivv7m.o
         0          0          0          0          0          0   maybetermalloc1.o
        24          4          0          0          0         84   noretval__2printf.o
        44          4          0          0          0         84   puts.o
         8          4          0          0          0         68   rt_errno_addr_intlibspace.o
         8          4          0          0          0         68   rt_heap_descriptor_intlibspace.o
        68          0          0          0          0         68   rt_memclr.o
        78          0          0          0          0         80   rt_memclr_w.o
         2          0          0          0          0          0   rtexit.o
        10          0          0          0          0          0   rtexit2.o
        70          0          0          0          0         80   setvbuf.o
       270          6          0          0          0        160   stdio.o
         0          0          0         12        252          0   stdio_streams.o
        62          0          0          0          0         76   strlen.o
        12          4          0          0          0         68   sys_exit.o
       102          0          0          0          0        240   sys_io.o
         0          0         12          0          0          0   sys_io_names.o
        74          0          0          0          0         80   sys_stackheap_outer.o
        14          0          0          0          0         76   sys_wrch.o
         2          0          0          0          0         68   use_no_semi.o
        26          0          0          0          0        116   fpinit.o

    ----------------------------------------------------------------------
      4340        226         69         12        348       4464   Library Totals
        16          0          0          0          0          0   (incl. Padding)

    ----------------------------------------------------------------------

      Code (inc. data)   RO Data    RW Data    ZI Data      Debug   Library Name

      4298        226         69         12        348       4348   c_w.l
        26          0          0          0          0        116   fz_wm.l

    ----------------------------------------------------------------------
      4340        226         69         12        348       4464   Library Totals

    ----------------------------------------------------------------------

==============================================================================


      Code (inc. data)   RO Data    RW Data    ZI Data      Debug   

     17240        404        636         24       2176     232546   Grand Totals
     17240        404        636         24       2176     232546   ELF Image Totals
     17240        404        636         24          0          0   ROM Totals

==============================================================================

    Total RO  Size (Code + RO Data)                17876 (  17.46kB)
    Total RW  Size (RW Data + ZI Data)              2200 (   2.15kB)
    Total ROM Size (Code + RO Data + RW Data)      17900 (  17.48kB)

==============================================================================

